astro/pykep
audio/guitarix-lv2
audio/ncmpcpp
audio/pamixer
audio/supercollider
audio/wavetral
biology/bolt-lmm
biology/cufflinks
biology/dsr-pdb
biology/haplohseq
cad/csxcad
cad/freecad
cad/kicad
cad/kicad-devel
cad/openscad
cad/openscad-devel
cad/PrusaSlicer
chinese/fcitx5-chinese-addons
chinese/libime
chinese/libime-jyutping
chinese/librime
comms/gnuradio
comms/gqrx
comms/gr-osmosdr
comms/wsjtx
comms/wsjtz
converters/osm2pgrouting
converters/osm2pgsql
databases/galera26
databases/grass8
databases/mongodb50
databases/sfcgal
databases/soci
deskutils/easystroke
deskutils/kdepim-runtime
deskutils/pinot
deskutils/syncthingtray
devel/avro-cpp
devel/axmldec
devel/codeblocks
devel/collada-dom
devel/cpp-netlib
devel/fbthrift
devel/folly
devel/gdb
devel/heaptrack
devel/hpx
devel/ikos
devel/libcutl
devel/liborcus
devel/libphonenumber
devel/malloy
devel/msp430-debug-stack
devel/pika
devel/ticcutils
devel/trellis
devel/vera++
dns/powerdns
dns/powerdns-recursor
editors/libreoffice
editors/poedit
emulators/mupen64plus-video-glide64mk2
finance/gnucash
finance/ledger
finance/quantlib
games/alephone
games/bastet
games/burrtools
games/colobot
games/domino-chain
games/freeorion
games/frogatto
games/galaxyhack
games/leela-zero
games/openmw
games/py-fife
games/scummvm-tools
games/supertux2
games/traingame
games/vamos
games/violetland
games/wesnoth
games/widelands
graphics/blender
graphics/colmap
graphics/evolvotron
graphics/fracplanet
graphics/gnash
graphics/gource
graphics/hugin
graphics/inkscape
graphics/krita
graphics/libetonyek01
graphics/luminance-qt5
graphics/msl
graphics/openimageio
graphics/openmvs
graphics/openshadinglanguage
graphics/osg
graphics/pcl-pointclouds
graphics/povray37
graphics/povray38
irc/znc
mail/astroid
math/adol-c
math/cadabra2
math/cryptominisat
math/curv
math/cvc5
math/eclib
math/heyoka
math/kig
math/mlpack
math/obake
math/oink
math/py-heyoka
math/stp
math/sympol
math/vowpal_wabbit
misc/openvdb
misc/usd
misc/visp
multimedia/lms
multimedia/mkvtoolnix
multimedia/musikcube
net-mgmt/fastnetmon
net-mgmt/icinga2
net-mgmt/metronome
net-p2p/eiskaltdcpp-lib
net-p2p/litecoin
net-p2p/litecoin-daemon
net-p2p/litecoin-utils
net-p2p/monero-cli
net-p2p/namecoin
net-p2p/namecoin-daemon
net-p2p/namecoin-utils
net/grive2
net/kea
net/libcmis
net/mvfst
net/pktanon
net/wangle
print/miktex
science/bagel
science/bddsolve
science/dakota
science/maeparser
science/openems
science/orthanc
science/orthanc-dicomweb
science/orthanc-mysql
science/orthanc-postgresql
science/orthanc-webviewer
science/precice
science/rdkit
science/rmf
science/simgrid
science/votca
security/botan2
security/i2pd
security/spass
sysutils/frand
sysutils/glogg
sysutils/logstalgia
sysutils/nix
sysutils/twmn
textproc/libixion
textproc/libkolabxml
textproc/luceneplusplus
textproc/randlm
textproc/source-highlight
textproc/xmlwrapp
www/domoticz
www/osrm-backend
www/proxygen
www/wt
