archivers/innoextract
archivers/peazip
archivers/tardy
astro/libosmium
astro/merkaartor
astro/osmium-tool
astro/py-pykep
astro/pykep
astro/qmapshack
astro/siril
audio/ardour
audio/csound
audio/din
audio/faust-lv2
audio/gula-plugins-lv2
audio/kapitonov-plugins-pack-lv2
audio/ladish
audio/libdjinterop
audio/mumble
audio/mumble-server
audio/murmur
audio/musicpd
audio/ncmpcpp
audio/patchage
audio/poly-lv2
audio/py-torchaudio
audio/sc3-plugins
audio/sorcer-lv2
audio/strawberry
audio/string-machine-lv2
audio/supercollider
audio/wavetral
benchmarks/hipercontracer
biology/abyss
biology/augustus
biology/bolt-lmm
biology/canu
biology/cufflinks
biology/dsr-pdb
biology/gcta
biology/haplohseq
biology/iqtree
biology/pbbam
biology/salmon
biology/seqan-apps
biology/seqan3
biology/spoa
cad/antimony
cad/appcsxcad
cad/camotics
cad/csxcad
cad/cura-engine
cad/ecpprog
cad/freecad
cad/fritzing
cad/horizon-eda
cad/ifcopenshell
cad/kicad
cad/kicad-devel
cad/kicad-doc
cad/libbgcode
cad/librecad
cad/openfpgaloader
cad/openroad
cad/openscad
cad/openscad-devel
cad/PrusaSlicer
cad/py-csxcad
cad/qcsxcad
cad/qflow
cad/sumo
cad/zcad
chinese/fcitx-rime
chinese/fcitx5-chinese-addons
chinese/fcitx5-rime
chinese/fcitx5-table-extra
chinese/fcitx5-table-other
chinese/ibus-rime
chinese/libime
chinese/libime-jyutping
chinese/librime
chinese/rime-array
chinese/rime-bopomofo
chinese/rime-cangjie
chinese/rime-cantonese
chinese/rime-combo-pinyin
chinese/rime-double-pinyin
chinese/rime-ipa
chinese/rime-jyutping
chinese/rime-luna-pinyin
chinese/rime-middle-chinese
chinese/rime-pinyin-simp
chinese/rime-quick
chinese/rime-scj
chinese/rime-soutzoe
chinese/rime-stenotype
chinese/rime-stroke
chinese/rime-terra-pinyin
chinese/rime-wubi
chinese/rime-wugniu
comms/cqrlog
comms/gnuradio
comms/gqrx
comms/gr-osmosdr
comms/linrad
comms/lirc
comms/soapyuhd
comms/uhd
comms/ujprog
comms/wsjtx
comms/wsjtz
converters/osm2pgrouting
converters/osm2pgsql
databases/akonadi
databases/arrow
databases/arrow-glib
databases/erlfdb
databases/foundationdb71-client
databases/foundationdb71-server
databases/foundationdb73-client
databases/foundationdb73-server
databases/galera26
databases/grass7
databases/grass8
databases/mysql-connector-c++
databases/pgrouting
databases/postgis33
databases/postgis34
databases/postgis35
databases/postgresql-ogr_fdw
databases/py-apache-arrow
databases/py-pyarrow
databases/rubygem-red-arrow
databases/sfcgal
databases/soci
databases/speedtables
deskutils/akonadi-calendar-tools
deskutils/akonadi-import-wizard
deskutils/akonadiconsole
deskutils/akregator
deskutils/easystroke
deskutils/grantlee-editor
deskutils/itinerary
deskutils/kaddressbook
deskutils/kalarm
deskutils/kdepim
deskutils/kdepim-addons
deskutils/kdepim-runtime
deskutils/kmail
deskutils/kmail-account-wizard
deskutils/kontact
deskutils/korganizer
deskutils/libkdepim
deskutils/mbox-importer
deskutils/merkuro
deskutils/nextcloudclient
deskutils/pim-data-exporter
deskutils/pim-sieve-editor
deskutils/pinot
deskutils/qownnotes
deskutils/syncthingtray
deskutils/zanshin
devel/arachne-pnr
devel/arduino-avrdude
devel/avrdude
devel/avro
devel/avro-cpp
devel/axmldec
devel/boost-libs
devel/boost-mpi-libs
devel/boost-python-libs
devel/cbang
devel/cereal
devel/codeblocks
devel/collada-dom
devel/cpp-hocon
devel/cpp-netlib
devel/cpp-utilities
devel/cpprestsdk
devel/fbthrift
devel/fcppt
devel/folly
devel/gdb
devel/heaptrack
devel/hpx
devel/icestorm
devel/ikos
devel/kdevelop
devel/laminar
devel/leatherman
devel/libarea
devel/libflatarray
devel/libftdi
devel/libftdi1
devel/libnest2d-ultimaker
devel/liborcus
devel/libphonenumber
devel/libsigrok
devel/love07
devel/love08
devel/love5
devel/luabind
devel/malloy
devel/msp430-debug-stack
devel/mspdebug
devel/mstch
devel/nextpnr
devel/opendht
devel/openocd
devel/papilio-loader
devel/phasar
devel/pika
devel/py-opendht
devel/py-pynest2d
devel/py-pyopencl
devel/py-trimesh
devel/qtutilities
devel/quantum
devel/RStudio
devel/sd-mux-ctrl
devel/simgear
devel/srecord
devel/thrift-cpp
devel/trellis
devel/umbrello
devel/urjtag
devel/vera++
devel/vexcl
devel/xc3sprog
devel/xmltooling
dns/dnsdist
dns/powerdns
dns/powerdns-recursor
editors/abiword
editors/abiword-docs
editors/calligra
editors/cudatext
editors/encryptpad
editors/jucipp
editors/libreoffice
editors/picpas
editors/poedit
editors/rehex
editors/xmlcopyeditor
emulators/cannonball
emulators/citra
emulators/citra-qt5
emulators/emulationstation
emulators/es-de
emulators/mupen64plus-video-glide64mk2
emulators/rpcs3
emulators/yuzu
filesystems/clamfs
filesystems/lizardfs
finance/freqtrade
finance/gnucash
finance/ledger
finance/quantlib
french/aster
french/homard
games/0ad
games/alephone
games/arx-libertatis
games/bastet
games/blobby
games/blockattack
games/burrtools
games/colobot
games/domino-chain
games/easyrpg-player
games/fishsupper
games/flightgear
games/flyhard
games/freeorion
games/frogatto
games/galaxyhack
games/glob2
games/gogui
games/leela-zero
games/lgogdownloader
games/mkhexgrid
games/openmw
games/openyahtzee
games/pingus
games/pokerth
games/py-fife
games/rlvm
games/scummvm-tools
games/stuntrally
games/supertux2
games/toppler
games/traingame
games/valyriatear
games/vamos
games/vcmi
games/violetland
games/wesnoth
games/widelands
games/wyrmgus
graphics/appleseed
graphics/blender
graphics/cimg
graphics/cloudcompare
graphics/Coin
graphics/colmap
graphics/dbow2
graphics/digikam
graphics/dspdfviewer
graphics/dust3d
graphics/enblend
graphics/epsonscan2
graphics/evolvotron
graphics/fracplanet
graphics/frei0r-plugins-opencv
graphics/gdal
graphics/gdal-grass
graphics/gmic
graphics/gmt
graphics/gnash
graphics/gource
graphics/gstreamer1-plugins-opencv
graphics/hugin
graphics/inkscape
graphics/kgraphviewer
graphics/krita
graphics/lazpaint
graphics/libcdr01
graphics/libetonyek01
graphics/libfreehand
graphics/libgltf
graphics/libopenraw
graphics/libwpg03
graphics/libzmf
graphics/luminance-qt5
graphics/lux
graphics/magnum-examples
graphics/magnum-integration
graphics/mapcache
graphics/mapnik
graphics/mapserver
graphics/mirtk
graphics/msl
graphics/natron
graphics/nomacs
graphics/oidn
graphics/opencolorio-tools
graphics/opencv
graphics/openimageio
graphics/openmvs
graphics/openorienteering-mapper
graphics/openshadinglanguage
graphics/openvkl
graphics/osgearth
graphics/ospray
graphics/ospray-studio
graphics/p5-Geo-GDAL-FFI
graphics/panomatic
graphics/pcl-pointclouds
graphics/php-facedetect
graphics/plasma6-spectacle
graphics/poppler
graphics/poppler-glib
graphics/poppler-qt5
graphics/poppler-qt6
graphics/poppler-utils
graphics/povray37
graphics/povray38
graphics/py-fiona
graphics/py-gdal
graphics/py-openimageio
graphics/py-openshadinglanguage
graphics/py-rasterio
graphics/qgis
graphics/qgis-ltr
graphics/qimgv
graphics/scantailor
graphics/synfig
graphics/synfigstudio
graphics/tinyows
graphics/vapoursynth-waifu2x-w2xc
graphics/waifu2x-converter-cpp
graphics/yafaray
graphics/zeno
irc/quassel
irc/quassel-core
irc/znc
irc/znc-clientbuffer
irc/znc-push
lang/emilua
lang/opensycl
lang/sdcc
lang/solidity
mail/astroid
mail/mailio
math/adol-c
math/amgcl
math/asymptote
math/audi
math/blaze
math/blazeiterative
math/boolector
math/brial
math/cadabra2
math/cgal
math/clblas
math/cryptominisat
math/curv
math/cvc5
math/deal.ii
math/dgl
math/dionysus
math/e-antic
math/eclib
math/fcl05
math/giacxcas
math/gravity
math/heyoka
math/hydrogen
math/hyperdeal
math/kig
math/labplot
math/lib2geom
math/libmesh
math/mathicsscript
math/mdal
math/mlpack
math/mppp
math/mprime
math/obake
math/octave-forge-chartjs
math/oink
math/openturns
math/or-tools
math/pdal
math/permlib
math/piranha
math/polymake
math/py-brial
math/py-cryptominisat
math/py-dgl
math/py-dionysus
math/py-heyoka
math/py-mathics
math/py-minorminer
math/py-pdal
math/py-pyaudi
math/py-pyFFTW
math/py-pyodeint
math/py-PySCIPOpt
math/py-symengine
math/R-cran-sf
math/R-cran-terra
math/rocs
math/saga
math/SCIP
math/scipoptsuite
math/SoPlex
math/stp
math/symengine
math/sympol
math/vowpal_wabbit
math/zegrapher
misc/actiona
misc/caffe
misc/darknet
misc/dartsim
misc/ecflow
misc/flashlight
misc/lbann
misc/mxnet
misc/ola
misc/ompl
misc/openvdb
misc/py-boost-histogram
misc/py-gluoncv
misc/py-gluonnlp
misc/py-mmcv
misc/py-mmdet
misc/py-mxnet
misc/py-natten
misc/py-openvdb
misc/py-shap2
misc/py-torchmetrics
misc/py-torchvision
misc/py-xformers
misc/qlcplus
misc/usd
misc/visp
multimedia/chilitags
multimedia/gstreamer1-plugins-all
multimedia/libopenshot
multimedia/lives
multimedia/lms
multimedia/mkvtoolnix
multimedia/oggvideotools
multimedia/olive
multimedia/openshot
multimedia/opentoonz
multimedia/ossia-score
multimedia/snapcast
multimedia/winff
multimedia/zart
net-im/biboumi
net-im/chatterino2
net-im/telegram-desktop
net-mgmt/fastnetmon
net-mgmt/icinga2
net-mgmt/metronome
net-mgmt/openbmp
net-p2p/amule
net-p2p/awgg
net-p2p/bitcoin
net-p2p/bitcoin-daemon
net-p2p/bitcoin-utils
net-p2p/eiskaltdcpp-daemon
net-p2p/eiskaltdcpp-gtk
net-p2p/eiskaltdcpp-lib
net-p2p/ktorrent
net-p2p/libktorrent
net-p2p/libtorrent-rasterbar
net-p2p/libtorrent-rasterbar2
net-p2p/linuxdcpp
net-p2p/litecoin
net-p2p/litecoin-daemon
net-p2p/litecoin-utils
net-p2p/monero-cli
net-p2p/namecoin
net-p2p/namecoin-daemon
net-p2p/namecoin-utils
net-p2p/pulsar-client-cpp
net-p2p/py-libtorrent-rasterbar
net-p2p/qbittorrent
net-p2p/transmission-remote-gui
net-p2p/xbt
net/akonadi-calendar
net/akonadi-contacts
net/akonadi-mime
net/akonadi-search
net/arrowdl
net/astron
net/calendarsupport
net/cpp-pcp-client
net/eventviews
net/fb303
net/grive2
net/incidenceeditor
net/kea
net/kea-devel
net/kget
net/kimap
net/kitinerary
net/kmailtransport
net/kmime
net/libcmis
net/libgravatar
net/libksieve
net/liblinphone
net/linphone
net/mailcommon
net/mailimporter
net/messagelib
net/mvfst
net/pichi
net/pimcommon
net/pktanon
net/tcpflow
net/wangle
news/nzbget
print/libmspub01
print/libpagemaker
print/lyx
print/miktex
print/scribus
print/scribus-devel
russian/emkatic
science/ALPSCore
science/avogadrolibs
science/bagel
science/bddsolve
science/cantera
science/chrono
science/cif-tools
science/coordgenlibs
science/dakota
science/dssp
science/dynare
science/fastjet
science/gchemutils
science/gromacs
science/iboview
science/kalzium
science/libcifpp
science/libghemical
science/libint2
science/libint2-psi4
science/libkml
science/maeparser
science/metaphysicl
science/molsketch
science/nest
science/openbabel
science/openems
science/openmodelica
science/opensph
science/orthanc
science/orthanc-dicomweb
science/orthanc-mysql
science/orthanc-postgresql
science/orthanc-webviewer
science/pagmo2
science/paraview
science/polytope
science/precice
science/psi4
science/pulseview
science/py-dlib
science/py-dwave-cloud-client
science/py-dwave-greedy
science/py-dwave-hybrid
science/py-dwave-networkx
science/py-dwave-ocean-sdk
science/py-dwave-samplers
science/py-dwave-system
science/py-dwave-tabu
science/py-dwavebinarycsp
science/py-earthpy
science/py-hoomd-blue
science/py-kpLib
science/py-openbabel
science/py-openEMS
science/py-penaltymodel
science/py-pygmo2
science/py-pyprecice
science/py-pyqubo
science/py-rmf
science/py-scikit-fuzzy
science/py-thewalrus
science/py-xbout
science/qmcpack
science/rdkit
science/rmf
science/salome-kernel
science/siconos
science/sigrok-cli
science/simgrid
science/spheral
science/tfel
science/tfel-edf
science/trilinos
science/ttk
science/v_sim
science/votca
science/xdrawchem
security/beidconnect
security/botan2
security/botan3
security/fizz
security/i2pd
security/keepassxc
security/kgpg
security/klee
security/kleopatra
security/libkleo
security/lime
security/opensaml
security/rnp
security/shibboleth-sp
security/spass
security/spass-qt5
security/wazuh-manager
sysutils/bhyvemgr
sysutils/calamares
sysutils/daggy
sysutils/ddrescueview
sysutils/facter
sysutils/frand
sysutils/glogg
sysutils/logstalgia
sysutils/nix
sysutils/pxp-agent
sysutils/triton
sysutils/twmn
sysutils/usbtop
textproc/apertium-eng
textproc/cg3
textproc/clucene
textproc/exempi
textproc/highlight
textproc/kdiff3
textproc/libabw
textproc/libe-book
textproc/libepubgen
textproc/libixion
textproc/libkolabxml
textproc/libqxp
textproc/librevenge
textproc/libstaroffice
textproc/libvisio01
textproc/libwpd010
textproc/luceneplusplus
textproc/py-pdf2docx
textproc/randlm
textproc/source-highlight
textproc/xmlwrapp
www/domoticz
www/domoticz-devel
www/onlyoffice-documentserver
www/osrm-backend
www/proxygen
www/restinio
www/simple-web-server
www/wt
x11-fm/doublecmd
x11-themes/adapta-gtk-theme
x11-themes/plata-theme
x11-wm/chamfer
x11/kf5-kactivities
x11/kf5-kactivities-stats
x11/plasma6-kactivitymanagerd
x11/plasma6-plasma-activities
x11/plasma6-plasma-activities-stats
x11/workrave
