astro/osmium-tool
astro/py-pykep
astro/pykep
audio/din
audio/guitarix-lv2
audio/ncmpcpp
audio/pamixer
audio/patchage
audio/supercollider
audio/wavetral
benchmarks/hipercontracer
biology/augustus
biology/bolt-lmm
biology/canu
biology/cufflinks
biology/dsr-pdb
biology/haplohseq
biology/iqtree
biology/pbbam
biology/salmon
cad/csxcad
cad/freecad
cad/ifcopenshell
cad/kicad
cad/kicad-devel
cad/libbgcode
cad/openscad
cad/openscad-devel
cad/PrusaSlicer
chinese/fcitx5-chinese-addons
chinese/libime
chinese/libime-jyutping
chinese/librime
comms/gnuradio
comms/gqrx
comms/gr-osmosdr
comms/soapyuhd
comms/uhd
comms/wsjtx
comms/wsjtz
converters/osm2pgrouting
converters/osm2pgsql
databases/akonadi
databases/arrow
databases/foundationdb71-client
databases/foundationdb71-server
databases/foundationdb73-client
databases/foundationdb73-server
databases/galera26
databases/grass8
databases/mongodb50
databases/mysql-connector-c++
databases/pgrouting
databases/sfcgal
databases/soci
databases/speedtables
deskutils/easystroke
deskutils/kdepim-runtime
deskutils/pinot
deskutils/syncthingtray
devel/avro-cpp
devel/axmldec
devel/boost-mpi-libs
devel/boost-python-libs
devel/codeblocks
devel/collada-dom
devel/cpp-netlib
devel/cpp-utilities
devel/cpprestsdk
devel/fbthrift
devel/folly
devel/gdb
devel/heaptrack
devel/hpx
devel/ikos
devel/libcutl
devel/libftdi
devel/libnest2d-ultimaker
devel/liborcus
devel/libphonenumber
devel/malloy
devel/msp430-debug-stack
devel/nextpnr
devel/phasar
devel/pika
devel/py-pynest2d
devel/RStudio
devel/simgear
devel/thrift-cpp
devel/ticcutils
devel/trellis
devel/umbrello
devel/vera++
dns/powerdns
dns/powerdns-recursor
editors/abiword
editors/calligra
editors/jucipp
editors/libreoffice
editors/poedit
emulators/emulationstation
emulators/mupen64plus-video-glide64mk2
filesystems/lizardfs
finance/gnucash
finance/ledger
finance/quantlib
finance/quickfix
games/0ad
games/alephone
games/bastet
games/burrtools
games/colobot
games/domino-chain
games/flightgear
games/freeorion
games/frogatto
games/glob2
games/leela-zero
games/lgogdownloader
games/openmw
games/pokerth
games/py-fife
games/scummvm-tools
games/supertux2
games/traingame
games/valyriatear
games/vamos
games/vcmi
games/violetland
games/wesnoth
games/widelands
graphics/appleseed
graphics/blender
graphics/cloudcompare
graphics/colmap
graphics/dspdfviewer
graphics/epsonscan2
graphics/evolvotron
graphics/fracplanet
graphics/gnash
graphics/gource
graphics/hugin
graphics/inkscape
graphics/krita
graphics/libetonyek01
graphics/luminance-qt5
graphics/mapnik
graphics/msl
graphics/natron
graphics/openimageio
graphics/openmvs
graphics/openshadinglanguage
graphics/openvkl
graphics/osg
graphics/pcl-pointclouds
graphics/povray37
graphics/povray38
graphics/py-openimageio
graphics/py-openshadinglanguage
graphics/synfig
graphics/yafaray
irc/znc
mail/astroid
mail/mailio
math/adol-c
math/asymptote
math/brial
math/cadabra2
math/clblas
math/cryptominisat
math/curv
math/cvc5
math/deal.ii
math/e-antic
math/eclib
math/giacxcas
math/heyoka
math/Imath
math/kig
math/lib2geom
math/libmesh
math/mlpack
math/mppp
math/obake
math/oink
math/openturns
math/pdal
math/py-heyoka
math/py-pyaudi
math/rocs
math/scipoptsuite
math/SoPlex
math/stp
math/symengine
math/sympol
math/vowpal_wabbit
misc/caffe
misc/dartsim
misc/ecflow
misc/ompl
misc/openvdb
misc/py-openvdb
misc/usd
misc/visp
multimedia/lms
multimedia/mkvtoolnix
multimedia/musikcube
multimedia/ossia-score
net-mgmt/fastnetmon
net-mgmt/icinga2
net-mgmt/metronome
net-p2p/amule
net-p2p/bitcoin
net-p2p/bitcoin-daemon
net-p2p/bitcoin-utils
net-p2p/eiskaltdcpp-lib
net-p2p/libtorrent-rasterbar
net-p2p/libtorrent-rasterbar2
net-p2p/litecoin
net-p2p/litecoin-daemon
net-p2p/litecoin-utils
net-p2p/monero-cli
net-p2p/namecoin
net-p2p/namecoin-daemon
net-p2p/namecoin-utils
net-p2p/py-libtorrent-rasterbar
net/fb303
net/grive2
net/kea
net/kea-devel
net/libcmis
net/mvfst
net/pktanon
net/wangle
news/nzbget
print/lyx
print/miktex
science/bagel
science/bddsolve
science/cif-tools
science/dakota
science/dssp
science/libcifpp
science/libint2
science/libint2-psi4
science/libkml
science/maeparser
science/nest
science/openbabel
science/openems
science/openmodelica
science/orthanc
science/orthanc-dicomweb
science/orthanc-mysql
science/orthanc-postgresql
science/orthanc-webviewer
science/pagmo2
science/paraview
science/precice
science/pulseview
science/py-pygmo2
science/qmcpack
science/rdkit
science/rmf
science/salome-kernel
science/simgrid
science/spheral
science/tfel
science/tfel-edf
science/votca
security/botan3
security/fizz
security/i2pd
security/kleopatra
security/spass
security/spass-qt5
sysutils/frand
sysutils/glogg
sysutils/logstalgia
sysutils/nix
sysutils/twmn
textproc/cg3
textproc/libixion
textproc/libkolabxml
textproc/luceneplusplus
textproc/source-highlight
textproc/xmlwrapp
www/domoticz
www/domoticz-devel
www/onlyoffice-documentserver
www/osrm-backend
www/proxygen
www/restinio
www/wt
