archivers/innoextract
archivers/peazip
archivers/tardy
astro/libosmium
astro/merkaartor
astro/py-pykep
astro/pykep
astro/qmapshack
astro/siril
audio/ardour6
audio/csound
audio/din
audio/faust-lv2
audio/guitarix-lv2
audio/gula-plugins-lv2
audio/kapitonov-plugins-pack-lv2
audio/mp3plot
audio/mumble
audio/murmur
audio/musicpd
audio/ncmpc
audio/ncmpcpp
audio/pamixer
audio/poly-lv2
audio/pulseeffects
audio/py-tagpy
audio/sc3-plugins
audio/sorcer-lv2
audio/strawberry
audio/string-machine-lv2
audio/supercollider
audio/wavetral
benchmarks/hipercontracer
biology/abyss
biology/bolt-lmm
biology/canu
biology/cufflinks
biology/dsr-pdb
biology/haplohseq
biology/iqtree
biology/pbbam
biology/seqan-apps
biology/seqan3
biology/spoa
cad/appcsxcad
cad/camotics
cad/csxcad
cad/ecpprog
cad/freecad
cad/fritzing
cad/horizon-eda
cad/ifcopenshell
cad/kicad
cad/kicad-devel
cad/librecad
cad/openfpgaloader
cad/openroad
cad/openscad
cad/openscad-devel
cad/PrusaSlicer
cad/qcsxcad
cad/sumo
cad/zcad
chinese/brise
chinese/fcitx-rime
chinese/fcitx5-chinese-addons
chinese/fcitx5-rime
chinese/fcitx5-table-extra
chinese/fcitx5-table-other
chinese/ibus-rime
chinese/libime
chinese/libime-jyutping
chinese/librime
chinese/rime-array
chinese/rime-bopomofo
chinese/rime-cangjie
chinese/rime-cantonese
chinese/rime-combo-pinyin
chinese/rime-double-pinyin
chinese/rime-ipa
chinese/rime-jyutping
chinese/rime-luna-pinyin
chinese/rime-middle-chinese
chinese/rime-pinyin-simp
chinese/rime-quick
chinese/rime-scj
chinese/rime-soutzoe
chinese/rime-stenotype
chinese/rime-stroke
chinese/rime-terra-pinyin
chinese/rime-wubi
chinese/rime-wugniu
comms/cqrlog
comms/fldigi
comms/gnuradio
comms/gqrx
comms/gr-osmosdr
comms/linrad
comms/lirc
comms/soapyuhd
comms/telldus-core
comms/uhd
comms/ujprog
comms/wsjtx
comms/wsjtz
converters/osm2pgrouting
converters/osm2pgsql
databases/akonadi
databases/arrow
databases/erlfdb
databases/foundationdb
databases/foundationdb-devel
databases/galera
databases/galera26
databases/grass7
databases/grass8
databases/mariadb103-server
databases/mariadb104-server
databases/mariadb105-server
databases/mariadb106-server
databases/mongodb50
databases/mysql-connector-c++
databases/pgrouting
databases/postgis30
databases/postgis31
databases/postgis32
databases/postgresql-ogr_fdw
databases/puppetdb-terminus6
databases/py-apache-arrow
databases/sfcgal
databases/soci
databases/speedtables
databases/vsqlite
deskutils/akonadi-calendar-tools
deskutils/akonadi-import-wizard
deskutils/akonadiconsole
deskutils/akregator
deskutils/easystroke
deskutils/grantlee-editor
deskutils/itinerary
deskutils/kaddressbook
deskutils/kalarm
deskutils/kalendar
deskutils/kdepim
deskutils/kdepim-addons
deskutils/kdepim-runtime
deskutils/kmail
deskutils/kmail-account-wizard
deskutils/knotes
deskutils/kodaskanna
deskutils/kontact
deskutils/korganizer
deskutils/libkdepim
deskutils/mbox-importer
deskutils/nextcloudclient
deskutils/pim-data-exporter
deskutils/pim-sieve-editor
deskutils/pinot
deskutils/qownnotes
deskutils/syncthingtray
deskutils/zanshin
devel/arachne-pnr
devel/arduino-avrdude
devel/avrdude
devel/avro
devel/avro-cpp
devel/axmldec
devel/boost-libs
devel/boost-python-libs
devel/cbang
devel/cereal
devel/codeblocks
devel/collada-dom
devel/cpp-hocon
devel/cpp-netlib
devel/cpprestsdk
devel/fbthrift
devel/folly
devel/gdb
devel/gearmand
devel/heaptrack
devel/hpx
devel/icestorm
devel/ikos
devel/kdev-php
devel/kdev-python
devel/kdevelop
devel/lattice-ice40-examples-hx1k
devel/lattice-ice40-examples-hx8k
devel/leatherman
devel/libarea
devel/libcutl
devel/libflatarray
devel/libftdi
devel/libftdi1
devel/libght
devel/libiqxmlrpc
devel/liblas
devel/libnest2d-ultimaker
devel/libopkele
devel/liborcus
devel/libphonenumber
devel/libsigrok
devel/love07
devel/love08
devel/love5
devel/luabind
devel/msp430-debug-stack
devel/mspdebug
devel/mstch
devel/nextpnr
devel/openocd
devel/p5-Gearman-XS
devel/papilio-loader
devel/pika
devel/py-pynest2d
devel/py-pyopencl
devel/py-trimesh
devel/quantum
devel/RStudio
devel/sd-mux-ctrl
devel/sdts++
devel/simgear
devel/srecord
devel/thrift-cpp
devel/ticcutils
devel/trellis
devel/umbrello
devel/urjtag
devel/vera++
devel/vexcl
devel/xc3sprog
devel/xmltooling
devel/xsd
dns/dnsdist
dns/powerdns
dns/powerdns-recursor
editors/abiword
editors/abiword-docs
editors/calligra
editors/calligraplan
editors/cudatext
editors/encryptpad
editors/jucipp
editors/kile
editors/libreoffice
editors/madedit
editors/openoffice-4
editors/openoffice-devel
editors/pdfedit
editors/picpas
editors/poedit
editors/xmlcopyeditor
emulators/cannonball
emulators/citra
emulators/citra-qt5
emulators/emulationstation
emulators/mupen64plus-video-glide64mk2
emulators/yuzu
finance/gnucash
finance/kraft
finance/ledger
finance/quantlib
french/aster
french/homard
ftp/fineftp-server
games/0ad
games/alephone
games/allacrost
games/arx-libertatis
games/bastet
games/blobby
games/blockattack
games/burrtools
games/colobot
games/domino-chain
games/easyrpg-player
games/fishsupper
games/flightgear
games/flightgear-terragear
games/flyhard
games/freeorion
games/frogatto
games/galaxyhack
games/leela-zero
games/mkhexgrid
games/opendungeons
games/openmw
games/openyahtzee
games/pingus
games/pokerth
games/py-fife
games/rlvm
games/scummvm-tools
games/springlobby
games/stuntrally
games/supertux2
games/toppler
games/traingame
games/valyriatear
games/vamos
games/violetland
games/wesnoth
games/widelands
games/wyrmgus
graphics/appleseed
graphics/blender
graphics/blender-lts29
graphics/cimg
graphics/cloudcompare
graphics/Coin
graphics/colmap
graphics/dbow2
graphics/digikam
graphics/dspdfviewer
graphics/dust3d
graphics/electricsheep
graphics/enblend
graphics/epsonscan2
graphics/evolvotron
graphics/fracplanet
graphics/frei0r-plugins-opencv
graphics/gdal
graphics/gimp-gmic-plugin
graphics/gmic
graphics/gmt
graphics/gnash
graphics/gource
graphics/gstreamer1-plugins-opencv
graphics/hugin
graphics/inkscape
graphics/kgraphviewer
graphics/kphotoalbum
graphics/krita
graphics/lazpaint
graphics/libcdr01
graphics/libetonyek01
graphics/libfreehand
graphics/libgltf
graphics/libopenraw
graphics/libzmf
graphics/luminance-qt5
graphics/mapcache
graphics/mapserver
graphics/mirtk
graphics/msl
graphics/nomacs
graphics/oidn
graphics/okular
graphics/opencolorio-tools
graphics/opencv
graphics/openimageio
graphics/openimageio-ociov1
graphics/openmvs
graphics/openorienteering-mapper
graphics/openshadinglanguage
graphics/openvkl
graphics/osgearth
graphics/ospray
graphics/ospray-studio
graphics/p5-Geo-GDAL-FFI
graphics/p5-Image-ObjectDetect
graphics/panomatic
graphics/pcl-pointclouds
graphics/php-facedetect
graphics/poppler
graphics/poppler-glib
graphics/poppler-qt5
graphics/poppler-utils
graphics/povray37
graphics/povray38
graphics/py-fiona
graphics/py-gdal
graphics/py-openimageio
graphics/py-openshadinglanguage
graphics/py-rasterio
graphics/qgis
graphics/qgis-ltr
graphics/R-cran-rgdal
graphics/rubygem-objectdetect
graphics/scantailor
graphics/spectacle
graphics/synfig
graphics/synfigstudio
graphics/tinyows
graphics/vapoursynth-waifu2x-w2xc
graphics/waifu2x-converter-cpp
graphics/wdune
graphics/yafaray
irc/ezbounce
irc/quassel
irc/quassel-core
irc/znc
irc/znc-push
lang/maude
lang/sdcc
lang/solidity
mail/astroid
mail/thunderbird
math/adol-c
math/amgcl
math/armadillo
math/asymptote
math/blaze
math/blazeiterative
math/brial
math/cadabra2
math/cgal
math/clblas
math/cryptominisat
math/curv
math/cvc4
math/deal.ii
math/dionysus
math/e-antic
math/eclib
math/ensmallen
math/fcl05
math/gravity
math/heyoka
math/kig
math/lib2geom
math/libmesh
math/mathicsscript
math/mdal
math/mlpack
math/mprime
math/obake
math/oink
math/openturns
math/pdal
math/permlib
math/piranha
math/polymake
math/py-brial
math/py-cryptominisat
math/py-dionysus
math/py-heyoka
math/py-mathics
math/py-pdal
math/py-piranha
math/py-pyodeint
math/py-PySCIPOpt
math/py-symengine
math/R-cran-raster
math/R-cran-sf
math/R-cran-spData
math/R-cran-spdep
math/R-cran-terra
math/rocs
math/saga
math/sage
math/SCIP
math/SoPlex
math/stp
math/symengine
math/sympol
math/timbl
math/vowpal_wabbit
math/zegrapher
misc/actiona
misc/darknet
misc/dartsim
misc/glow
misc/kf5-purpose
misc/mxnet
misc/ompl
misc/openvdb
misc/py-boost-histogram
misc/py-gluoncv
misc/py-gluonnlp
misc/py-mxnet
misc/py-qiskit-machine-learning
misc/py-xgboost
misc/usd
misc/visp
multimedia/aegisub
multimedia/chilitags
multimedia/flvtool++
multimedia/gstreamer1-plugins-all
multimedia/gstreamer1-qt
multimedia/kamoso
multimedia/kdenlive
multimedia/lives
multimedia/lms
multimedia/mkvtoolnix
multimedia/musikcube
multimedia/oggvideotools
multimedia/omxplayer
multimedia/opentoonz
multimedia/pHash
multimedia/php-pHash
multimedia/snapcast
multimedia/winff
multimedia/zart
net-im/biboumi
net-im/chatterino2
net-im/kaccounts-integration
net-im/kaccounts-providers
net-im/ktp-accounts-kcm
net-im/ktp-approver
net-im/ktp-auth-handler
net-im/ktp-call-ui
net-im/ktp-common-internals
net-im/ktp-contact-list
net-im/ktp-contact-runner
net-im/ktp-desktop-applets
net-im/ktp-filetransfer-handler
net-im/ktp-kded-module
net-im/ktp-send-file
net-im/ktp-text-ui
net-mgmt/fastnetmon
net-mgmt/icinga2
net-mgmt/metronome
net-mgmt/openbmp
net-p2p/arbitrum-avm
net-p2p/awgg
net-p2p/bitcoin
net-p2p/bitcoin-daemon
net-p2p/bitcoin-utils
net-p2p/eiskaltdcpp-daemon
net-p2p/eiskaltdcpp-gtk
net-p2p/eiskaltdcpp-lib
net-p2p/ktorrent
net-p2p/libktorrent
net-p2p/libtorrent-rasterbar
net-p2p/libtorrent-rasterbar2
net-p2p/linuxdcpp
net-p2p/litecoin
net-p2p/litecoin-daemon
net-p2p/litecoin-utils
net-p2p/monero-cli
net-p2p/namecoin
net-p2p/namecoin-daemon
net-p2p/namecoin-utils
net-p2p/py-libtorrent-rasterbar
net-p2p/qbittorrent
net-p2p/qtum
net-p2p/transmission-remote-gui
net-p2p/zetacoin
net-p2p/zetacoin-daemon
net-p2p/zetacoin-utils
net/akonadi-calendar
net/akonadi-contacts
net/akonadi-mime
net/akonadi-notes
net/akonadi-search
net/arataga
net/astron
net/calendarsupport
net/ceph14
net/cpp-pcp-client
net/eventviews
net/fb303
net/fbzmq
net/grive2
net/incidenceeditor
net/kea
net/kget
net/kimap
net/kio-gdrive
net/kitinerary
net/kmailtransport
net/kmime
net/libcmis
net/libgravatar
net/libksieve
net/liblinphone
net/linphone
net/mailcommon
net/mailimporter
net/messagelib
net/mvfst
net/pichi
net/pimcommon
net/pktanon
net/rsocket-cpp
net/tcpflow
net/wangle
print/libmspub01
print/libpagemaker
print/lyx
print/miktex
print/scribus-devel
russian/emkatic
science/ALPSCore
science/bagel
science/bddsolve
science/cantera
science/chrono
science/coordgenlibs
science/dakota
science/dynare
science/erkale
science/fastjet
science/gchemutils
science/gromacs
science/helfem
science/iboview
science/kalzium
science/libgeodecomp
science/libghemical
science/libint2
science/libkml
science/maeparser
science/metaphysicl
science/molsketch
science/nest
science/openbabel
science/openems
science/opensph
science/orthanc
science/orthanc-dicomweb
science/orthanc-mysql
science/orthanc-postgresql
science/orthanc-webviewer
science/pagmo2
science/paraview
science/precice
science/pulseview
science/py-abipy
science/py-dlib
science/py-hoomd-blue
science/py-kpLib
science/py-OpenFermion
science/py-pygmo2
science/py-pyprecice
science/py-qiskit
science/py-qiskit-experiments
science/py-qiskit-ibm-experiment
science/py-qiskit-ibm-provider
science/py-qiskit-ibmq-provider
science/py-qiskit-nature
science/py-qiskit-optimization
science/py-qiskit-terra
science/py-rmf
science/py-scikit-fuzzy
science/qmcpack
science/rdkit
science/rmf
science/siconos
science/sigrok-cli
science/simgrid
science/tfel
science/tfel-edf
science/trilinos
science/v_sim
science/votca
science/xdrawchem
security/botan2
security/clamfs
security/fizz
security/i2pd
security/keepassxc
security/kgpg
security/klee
security/kleopatra
security/libkleo
security/lime
security/opensaml
security/rnp
security/shibboleth-sp
security/spass
security/spass-qt5
sysutils/apache-mesos
sysutils/bulk_extractor
sysutils/calamares
sysutils/daggy
sysutils/facter
sysutils/frand
sysutils/glogg
sysutils/lizardfs
sysutils/logstalgia
sysutils/mstflint-lite
sysutils/nix
sysutils/puppet6
sysutils/pxp-agent
sysutils/triton
sysutils/twmn
sysutils/usbtop
textproc/apertium-eng
textproc/cg3
textproc/clucene
textproc/exempi
textproc/highlight
textproc/kdiff3
textproc/libabw
textproc/libe-book
textproc/libepubgen
textproc/libfolia
textproc/libixion
textproc/libkolabxml
textproc/libqxp
textproc/librevenge
textproc/libstaroffice
textproc/libvisio01
textproc/libwpd010
textproc/luceneplusplus
textproc/randlm
textproc/source-highlight
textproc/ucto
textproc/ugrep
textproc/xmlwrapp
www/anyterm
www/choqok
www/domoticz
www/falkon
www/mod_auth_openid
www/onlyoffice-documentserver
www/osrm-backend
www/plasma5-plasma-browser-integration
www/proxygen
www/simple-web-server
www/wt
x11-fm/doublecmd
x11-themes/adapta-gtk-theme
x11-themes/plata-theme
x11-toolkits/plasma5-kdeplasma-addons
x11-wm/chamfer
x11/kf5-frameworks
x11/kf5-kactivities
x11/kf5-kactivities-stats
x11/plasma5-kactivitymanagerd
x11/plasma5-plasma
x11/plasma5-plasma-desktop
x11/workrave
