accessibility/linux-rl9-at-spi2-atk
accessibility/linux-rl9-at-spi2-core
accessibility/linux-rl9-atk
archivers/linux-rl9-brotli
archivers/linux-rl9-lz4
audio/linux-rl9-alsa-lib
audio/linux-rl9-alsa-lib-devel
audio/linux-rl9-alsa-plugins-oss
audio/linux-rl9-alsa-plugins-pulseaudio
audio/linux-rl9-flac
audio/linux-rl9-gsm
audio/linux-rl9-libogg
audio/linux-rl9-libsndfile
audio/linux-rl9-libvorbis
audio/linux-rl9-openal-soft
audio/linux-rl9-opus
audio/linux-rl9-pulseaudio-libs
audio/linux-rl9-pulseaudio-utils
benchmarks/linux-gputest
benchmarks/linux-unigine-heaven
benchmarks/linux-unigine-sanctuary
benchmarks/linux-unigine-superposition
benchmarks/linux-unigine-tropics
benchmarks/linux-unigine-valley
converters/linux-rl9-fribidi
databases/linux-rl9-libtracker-sparql
databases/linux-rl9-sqlite3
devel/linux_libusb@rl9
devel/linux-pvs-studio
devel/linux-rl9-dbus-libs
devel/linux-rl9-devtools
devel/linux-rl9-elfutils-libelf
devel/linux-rl9-elfutils-libs
devel/linux-rl9-icu
devel/linux-rl9-libevent
devel/linux-rl9-libpciaccess
devel/linux-rl9-libsigc++20
devel/linux-rl9-libsigsegv
devel/linux-rl9-libsoup
devel/linux-rl9-libthai
devel/linux-rl9-llvm
devel/linux-rl9-nspr
devel/linux-rl9-ocl-icd
devel/linux-rl9-orc
devel/linux-rl9-strace
devel/linux-rl9-systemd-libs
dns/linux-rl9-libasyncns
dns/linux-rl9-libidn2
dns/linux-rl9-libpsl
editors/linux-r7-office
emulators/linux_base-rl9
emulators/linux-rl9
ftp/linux-rl9-curl
ftp/linux-rl9-wget
graphics/linux-rl9-cairo
graphics/linux-rl9-cairo-gobject
graphics/linux-rl9-dri
graphics/linux-rl9-gdk-pixbuf2
graphics/linux-rl9-graphene
graphics/linux-rl9-graphite2
graphics/linux-rl9-jasper
graphics/linux-rl9-jbigkit
graphics/linux-rl9-jpeg
graphics/linux-rl9-libdrm
graphics/linux-rl9-libepoxy
graphics/linux-rl9-libglvnd
graphics/linux-rl9-libjxl
graphics/linux-rl9-librsvg2
graphics/linux-rl9-openjpeg
graphics/linux-rl9-png
graphics/linux-rl9-shaderc
graphics/linux-rl9-spirv-tools
graphics/linux-rl9-tiff
graphics/linux-rl9-vulkan
graphics/linux-rl9-wayland
graphics/linux-rl9-webp
lang/linux-rl9-python3
lang/linux-rl9-tcl86
mail/linux-r7-organizer
mail/linux-r7-organizer-pro
multimedia/linux-rl9-aom
multimedia/linux-rl9-ffmpeg
multimedia/linux-rl9-gstreamer1
multimedia/linux-rl9-gstreamer1-libav
multimedia/linux-rl9-libtheora
multimedia/linux-rl9-libv4l
multimedia/linux-rl9-libva
multimedia/linux-rl9-libvdpau
multimedia/linux-rl9-libvpx
net/linux-rl9-avahi-libs
net/linux-rl9-libproxy
net/linux-rl9-openldap
print/linux-rl9-cups-libs
print/linux-rl9-freetype
print/linux-rl9-harfbuzz
security/linux-rl9-ca-certificates
security/linux-rl9-cyrus-sasl2
security/linux-rl9-gnutls
security/linux-rl9-libassuan
security/linux-rl9-libgcrypt
security/linux-rl9-libgpg-error
security/linux-rl9-libtasn1
security/linux-rl9-libxcrypt
security/linux-rl9-nettle
security/linux-rl9-nss
security/linux-rl9-p11-kit
textproc/linux-rl9-expat
textproc/linux-rl9-libstemmer
textproc/linux-rl9-libxml2
textproc/linux-rl9-libxslt
www/linux-brave
www/linux-chrome
www/linux-rl9-libnghttp2
x11-fonts/linux-rl9-fontconfig
x11-toolkits/linux-rl9-gtk2
x11-toolkits/linux-rl9-gtk3
x11-toolkits/linux-rl9-pango
x11/linux-nvidia-libs
x11/linux-nvidia-libs-304
x11/linux-nvidia-libs-340
x11/linux-nvidia-libs-390
x11/linux-nvidia-libs-470
x11/linux-rl9-libxkbcommon
x11/linux-rl9-pixman
x11/linux-rl9-xorg-libs
