accessibility/linux-c7-at-spi2-atk
accessibility/linux-c7-at-spi2-core
accessibility/linux-c7-atk
archivers/linux-c7-lz4
audio/linux-c7-alsa-lib
audio/linux-c7-alsa-lib-devel
audio/linux-c7-alsa-plugins-oss
audio/linux-c7-alsa-plugins-pulseaudio
audio/linux-c7-alsa-utils
audio/linux-c7-audiofile
audio/linux-c7-flac
audio/linux-c7-gsm
audio/linux-c7-libogg
audio/linux-c7-libsndfile
audio/linux-c7-libvorbis
audio/linux-c7-openal-soft
audio/linux-c7-pulseaudio-libs
audio/linux-c7-pulseaudio-utils
audio/linux-c7-sdl_mixer
benchmarks/linux-gputest
benchmarks/linux-unigine-heaven
benchmarks/linux-unigine-sanctuary
benchmarks/linux-unigine-superposition
benchmarks/linux-unigine-tropics
benchmarks/linux-unigine-valley
benchmarks/linux-vdbench
chinese/linux-wps-office-zh_CN
converters/linux-c7-fribidi
databases/linux-c7-sqlite3
databases/linux-c7-unixODBC
devel/linux_libusb@c7
devel/linux-c7-dbus-libs
devel/linux-c7-devtools
devel/linux-c7-devtoolset
devel/linux-c7-elfutils-libelf
devel/linux-c7-elfutils-libs
devel/linux-c7-icu
devel/linux-c7-libaio
devel/linux-c7-libgfortran
devel/linux-c7-libglade2
devel/linux-c7-libpciaccess
devel/linux-c7-libsigc++20
devel/linux-c7-libthai
devel/linux-c7-libtool-ltdl
devel/linux-c7-libunwind
devel/linux-c7-make
devel/linux-c7-nspr
devel/linux-c7-qt
devel/linux-c7-sdl12
devel/linux-c7-sdl20
devel/linux-c7-strace
devel/linux-c7-systemd-libs
devel/linux-c7-zlib-devel
devel/linux-ltp
devel/linux-sublime-merge
dns/linux-c7-libasyncns
editors/komodo-edit
editors/linux-bcompare
editors/linux-sublime-text4
editors/linux-sublime3
editors/linux-wps-office
emulators/linux-c7
emulators/linux-power10-functional-sim
emulators/linux-power9-functional-sim
filesystems/linux-c7-dosfstools
ftp/linux-c7-curl
games/linux-doom3
games/linux-doom3-demo
games/linux-dwarffortress
games/linux-enemyterritory
games/linux-enemyterritory-jaymod
games/linux-enemyterritory-shrub
games/linux-enemyterritory-tce
games/linux-nerogame
games/linux-nwnclient
games/linux-quake4
games/linux-quake4-demo
games/linux-ssamtfe
games/linux-ssamtse
games/linux-steam-utils
games/linux-unrealgold
games/linux-ut
games/linux-virtual-jay-peak
graphics/linux-c7-cairo
graphics/linux-c7-cairo-gobject
graphics/linux-c7-dri
graphics/linux-c7-gdk-pixbuf2
graphics/linux-c7-glx-utils
graphics/linux-c7-graphite2
graphics/linux-c7-jasper
graphics/linux-c7-jbigkit
graphics/linux-c7-jpeg
graphics/linux-c7-libdrm
graphics/linux-c7-libepoxy
graphics/linux-c7-libglvnd
graphics/linux-c7-librsvg2
graphics/linux-c7-png
graphics/linux-c7-sdl_image
graphics/linux-c7-sdl_ttf
graphics/linux-c7-tiff
graphics/linux-c7-wayland
japanese/slimeforest
java/linux-oracle-jdk18
java/linux-oracle-jre18
lang/linux-c7-tcl85
lang/linux-dotnet-runtime
lang/linux-dotnet-sdk
lang/linux-dotnet10-runtime
lang/linux-dotnet11-runtime
lang/linux-dotnet11-sdk
mail/mulberry
math/matlab-installer
misc/opencyc
multimedia/linux-c7-libtheora
multimedia/linux-c7-libv4l
multimedia/makemkv
net-im/zoom
net/citrix_ica
net/linux-c7-avahi-libs
net/linux-c7-openldap
net/linux-c7-tcp_wrappers-libs
print/epson-inkjet-printer-201207w
print/epson-inkjet-printer-201401w
print/epson-inkjet-printer-201601w
print/epson-inkjet-printer-escpr2
print/linux-c7-cups-libs
print/linux-c7-freetype
print/linux-c7-harfbuzz
print/linux-jabref
science/linux-zotero
security/linux-c7-ca-certificates
security/linux-c7-cyrus-sasl2
security/linux-c7-gnutls
security/linux-c7-libgcrypt
security/linux-c7-libgpg-error
security/linux-c7-libssh2
security/linux-c7-libtasn1
security/linux-c7-nettle
security/linux-c7-nss
security/linux-c7-openssl-devel
security/linux-c7-p11-kit
security/linux-c7-trousers
security/pkcs11-gateway
sysutils/linux-c7-lttng-ust
sysutils/linux-c7-numactl-libs
sysutils/linux-c7-userspace-rcu
textproc/linux-c7-aspell
textproc/linux-c7-expat
textproc/linux-c7-expat-devel
textproc/linux-c7-libcroco
textproc/linux-c7-libxml2
textproc/linux-c7-libxslt
www/foreign-cdm
www/linux-c7-qtwebkit
www/linux-widevine-cdm
x11-fonts/linux-c7-fontconfig
x11-toolkits/linux-c7-gtk2
x11-toolkits/linux-c7-gtk3
x11-toolkits/linux-c7-openmotif
x11-toolkits/linux-c7-pango
x11-toolkits/linux-c7-qt-x11
x11-toolkits/linux-c7-tk85
x11/linux-c7-libxkbcommon
x11/linux-c7-pixman
x11/linux-c7-xcb-util
x11/linux-c7-xcb-util-image
x11/linux-c7-xcb-util-keysyms
x11/linux-c7-xorg-libs
x11/linux-nvidia-libs
x11/linux-nvidia-libs-304
x11/linux-nvidia-libs-340
x11/linux-nvidia-libs-390
x11/linux-nvidia-libs-470
