accessibility/kdeaccessibility
accessibility/kmag
accessibility/kmousetool
accessibility/kmouth
accessibility/libqaccessibilityclient
accessibility/qt5-speech
accessibility/qt6-speech
archivers/7-zip
archivers/arj
archivers/ark
archivers/dpkg
archivers/kf6-karchive
archivers/lxqt-archiver
archivers/pecl-rar
archivers/php-zstd
archivers/ppmd
archivers/quazip@all
archivers/rar
archivers/rpm4
archivers/sharutils
archivers/unace
archivers/unarj
archivers/unrar
archivers/unrar-iconv
archivers/zstd
archivers/zutils
astro/indiwebmanagerapp
astro/kosmindoormap
astro/kstars
astro/marble
audio/alsa-plugins
audio/alsa-sndio
audio/alsa-utils
audio/audiocd-kio
audio/cantata
audio/drumstick
audio/elisa
audio/juk
audio/kid3@all
audio/kmix
audio/kwave
audio/libcanberra-gstreamer
audio/libcanberra-gtk2
audio/libcanberra-gtk3
audio/libcanberra-pulse
audio/libkcddb
audio/libkcompactdisc
audio/libmysofa
audio/musicpd
audio/ncmpc
audio/ncmpcpp
audio/ncpamixer
audio/oss
audio/pamixer
audio/pavucontrol
audio/pavucontrol-qt
audio/pc-mixer
audio/plasma6-kpipewire
audio/plasma6-ocean-sound-theme
audio/plasma6-oxygen-sounds
audio/plasma6-plasma-pa
audio/pt2-clone
audio/pulseaudio-module-sndio
audio/pulseaudio-module-xrdp
audio/pulseaudio-qt
audio/quimup
audio/sdl2_mixer
audio/sdl2_sound
audio/sonivox-eas
audio/spotify-qt
audio/strawberry
audio/zrythm
benchmarks/kdiskmark
cad/ktechlab
cad/qelectrotech
comms/iwmbt-firmware
comms/minicom
comms/qt5-connectivity
comms/qt5-sensors
comms/qt5-serialbus
comms/qt5-serialport
comms/qt6-connectivity
comms/qt6-sensors
comms/qt6-serialbus
comms/qt6-serialport
comms/usbmuxd
converters/base64
converters/enca
converters/iconv
converters/iconv-extra
converters/libiconv
converters/rcctools
converters/recode
converters/unix2dos
converters/uudeview
databases/akonadi
databases/autobackupmysql
databases/dbf
databases/kbibtex
databases/kdb
databases/kexi
databases/libiodbc
databases/memcached
databases/mysql84-client
databases/mysql84-server
databases/mysqlbackup
databases/mysqlreport
databases/mysqlsla
databases/mysqltuner
databases/p5-DBD-SQLite
databases/pecl-memcache
databases/percona-toolkit
databases/pgadmin3
databases/pgbarman
databases/phpliteadmin
databases/phpminiadmin
databases/phpmyadmin
databases/phpmyadmin5
databases/phppgadmin
databases/postgresql17-contrib
databases/postgresql17-plperl
databases/postgresql17-plpython
databases/postgresql17-pltcl
databases/postgresql17-server
databases/proftpd-mod_sql_mysql
databases/proftpd-mod_sql_odbc
databases/proftpd-mod_sql_postgres
databases/proftpd-mod_sql_sqlite
databases/proftpd-mod_sql_tds
databases/py-dbutils
databases/py-gdbm
databases/py-mycli
databases/py-mysqlclient
databases/py-rrdtool
databases/py-sqlite3
databases/qt5-sql
databases/qt6-base_sqldriver
databases/redis
databases/sqlite3@all
databases/sqlitebrowser
databases/sqlitemanager
databases/sqlitestudio
deskutils/akonadiconsole
deskutils/akonadi-calendar-tools
deskutils/akonadi-import-wizard
deskutils/akregator
deskutils/birdtray
deskutils/bookworm
deskutils/calibre
deskutils/calindori
deskutils/coolreader
deskutils/copyq@all
deskutils/fbreader
deskutils/grantleetheme
deskutils/grantlee-editor
deskutils/growl-for-linux
deskutils/itinerary
deskutils/kaddressbook
deskutils/kalarm
deskutils/kcharselect
deskutils/kchmviewer
deskutils/kdeconnect-kde
deskutils/kdepim
deskutils/kdepim-addons
deskutils/kdepim-runtime
deskutils/keditbookmarks
deskutils/kf6-kstatusnotifieritem
deskutils/kfind
deskutils/kmail
deskutils/kmail-account-wizard
deskutils/kodaskanna
deskutils/kongress
deskutils/kontact
deskutils/korganizer
deskutils/kronometer
deskutils/kruler
deskutils/ktimetracker
deskutils/latte-dock
deskutils/libkdepim
deskutils/lxqt-notificationd
deskutils/maliit-framework
deskutils/maliit-keyboard
deskutils/mbox-importer
deskutils/merkuro
deskutils/nextcloudclient
deskutils/owncloudclient
deskutils/pim-data-exporter
deskutils/pim-sieve-editor
deskutils/plasma6-milou
deskutils/plasma6-sddm-kcm
deskutils/plasma6-xdg-desktop-portal-kde
deskutils/presage
deskutils/qownnotes
deskutils/qtfeedback
deskutils/semantik
deskutils/syncthingtray
deskutils/virt-manager
deskutils/zanshin
devel/appstream-qt@all
devel/arcanist
devel/atf
devel/boost-all
devel/boost-python-libs@all
devel/build2
devel/ccache
devel/clazy
devel/cmake
devel/cmakedoc
devel/cmake-doc
devel/cmake-gui
devel/dolphin-plugins
devel/doxygen
devel/elf-dissector
devel/fnc
devel/fossil
devel/gammaray@all
devel/gdb
devel/git@all
devel/gitg
devel/git-delta
devel/git-extras
devel/git-filter-repo
devel/git-graph
devel/git-gui
devel/git-lab
devel/git-lfs
devel/git-repo-manager
devel/git-subrepo
devel/git-tui
devel/git-who
devel/git-workspace
devel/glibmm
devel/glibmm26
devel/grantlee5
devel/heaptrack
devel/injeqt
devel/ipython
devel/jenkins
devel/kapptemplate
devel/kcachegrind
devel/kdbg
devel/kdesdk
devel/kdesdk-thumbnailers
devel/kdevelop
devel/kdevelop-pg-qt
devel/kdev-php
devel/kdev-python
devel/kde-dev-scripts
devel/kde-dev-utils
devel/kf6-extra-cmake-modules
devel/kf6-kapidox
devel/kf6-kauth
devel/kf6-kbookmarks
devel/kf6-kcmutils
devel/kf6-kconfig
devel/kf6-kcoreaddons
devel/kf6-kcrash
devel/kf6-kdbusaddons
devel/kf6-kdeclarative
devel/kf6-kdoctools
devel/kf6-kfilemetadata
devel/kf6-ki18n
devel/kf6-kidletime
devel/kf6-kio
devel/kf6-kitemmodels
devel/kf6-knewstuff
devel/kf6-knotifications
devel/kf6-knotifyconfig
devel/kf6-kpackage
devel/kf6-kparts
devel/kf6-kpeople
devel/kf6-kpty
devel/kf6-kservice
devel/kf6-ktexteditor
devel/kf6-ktexttemplate
devel/kf6-kunitconversion
devel/kf6-solid
devel/kf6-threadweaver
devel/kio-extras
devel/kirigami-gallery
devel/kommit
devel/kpublictransport
devel/ktextaddons
devel/kyua
devel/lazygit
devel/libayatana-appindicator
devel/libclc
devel/libdbusmenu-qt@all
devel/libev
devel/liblxqt
devel/libmaa
devel/libphonenumber
devel/libsigrokdecode
devel/libuv
devel/llvm
devel/lmdbg
devel/lokalize
devel/lutok
devel/mercurial
devel/meson
devel/mk-configure
devel/muon
devel/nasm
devel/ninja
devel/nspr
devel/okteta
devel/paexec
devel/pear
devel/pecl-ev
devel/phabricator
devel/php-composer
devel/plasma6-kwrited
devel/plasma6-plasma5support
devel/plasma6-plasma-sdk
devel/poxml
devel/pyside2
devel/pyside2-tools
devel/pyside6
devel/pyside6-tools
devel/py-buildbot
devel/py-clang
devel/py-grpcio
devel/py-lief
devel/py-pip-api
devel/py-pygobject
devel/py-qt5
devel/py-qt5-pyqt
devel/py-qt5-qscintilla2
devel/py-qt5-sip
devel/py-qt6
devel/py-qt6-pyqt
devel/py-qt6-qscintilla2
devel/py-qt6-sip
devel/py-qtbuilder
devel/py-sip
devel/py-subversion
devel/py-tox
devel/py-xdg
devel/qca@all
devel/qcoro
devel/qjson
devel/qscintilla2-designerplugin@all
devel/qscintilla2@all
devel/qt5
devel/qt5-assistant
devel/qt5-buildtools
devel/qt5-concurrent
devel/qt5-core
devel/qt5-dbus
devel/qt5-designer
devel/qt5-help
devel/qt5-linguist
devel/qt5-linguisttools
devel/qt5-location
devel/qt5-qdbus
devel/qt5-qdbusviewer
devel/qt5-qdoc
devel/qt5-qdoc-data
devel/qt5-qmake
devel/qt5-remoteobjects
devel/qt5-script
devel/qt5-scripttools
devel/qt5-scxml
devel/qt5-testlib
devel/qt5-uitools
devel/qt6
devel/qt6-5compat
devel/qt6-base
devel/qt6-grpc
devel/qt6-languageserver
devel/qt6-location
devel/qt6-positioning
devel/qt6-remoteobjects
devel/qt6-scxml
devel/qt6-tools
devel/qt6-translations
devel/qtcreator
devel/qt-maybe
devel/radare2
devel/rttr
devel/ruby-gems
devel/samurai
devel/shiboken2
devel/subversion
devel/svn2git
devel/swig
devel/tig
devel/umbrello
devel/xdg-user-dirs
devel/xsd
devel/zeal
dns/adns
dns/bind920
dns/bind-tools
dns/c-ares
dns/dnsmasq
dns/kf6-kdnssd
dns/nsd
dns/nss_mdns
dns/nss_resinit
dns/powerdns
dns/powerdns-recursor
dns/unbound
editors/calligra
editors/calligraplan
editors/focuswriter
editors/hexedit
editors/kate
editors/kile
editors/lazarus
editors/lazarus-devel
editors/lazarus-qt5
editors/lazarus-qt5-devel
editors/lazarus-qt6
editors/lazarus-qt6-devel
editors/libreoffice
editors/libreoffice-i18n
editors/le
editors/microsoft-edit
editors/ne
editors/neovim
editors/neovim-qt
editors/turbo
editors/vim@all
emulators/linux-rl9
emulators/open-vm-tools@all
emulators/virtualbox-ose
emulators/virtualbox-ose-additions
emulators/wine
emulators/wine-devel
emulators/wine-mono
emulators/wine-mono-devel
emulators/wine-proton
filesystems/dsbmc
filesystems/dsbmc-cli
filesystems/kio-fuse
filesystems/zfsnap
filesystems/zfsnap2
filesystems/zfstools
filesystems/zfs-periodic
filesystems/zfs-replicate
filesystems/zfs-snapshot-clean
filesystems/zfs-snapshot-mgmt
filesystems/zfs-stats
filesystems/zfs-stats-lite
filesystems/zrepl
finance/alkimia
finance/kmymoney
finance/kraft
finance/skrooge
ftp/curl
ftp/proftpd-mod_vroot
ftp/wget
games/auralquiz
games/blinken
games/bomber
games/bovo
games/connectagram
games/gcompris-qt
games/gottet
games/granatier
games/hexalate
games/kanagram
games/kapman
games/katomic
games/kblackbox
games/kblocks
games/kbounce
games/kbreakout
games/kdegames
games/kdiamond
games/kfourinline
games/kgoldrunner
games/khangman
games/kigo
games/killbots
games/kiriki
games/kjumpingcube
games/klickety
games/klines
games/kmahjongg
games/kmines
games/knavalbattle
games/knetwalk
games/knights
games/kolf
games/kollision
games/konquest
games/kpat
games/kreversi
games/kshisen
games/ksirk
games/ksnakeduel
games/kspaceduel
games/ksquares
games/ksudoku
games/ktuberling
games/kubrick
games/libkdegames
games/libkmahjongg
games/lskat
games/palapeli
games/peg-e
games/picmi
games/simsu
games/tanglet
games/tetzle
graphics/blender
graphics/darktable
graphics/digikam
graphics/drawpile
graphics/drm-kmod
graphics/evince
graphics/filmulator
graphics/fotocx
graphics/frei0r-plugins
graphics/gimp
graphics/gimp-beautify-plugin
graphics/gimp-data-extras
graphics/gimp-jxl-plugin
graphics/gimp-lensfun-plugin
graphics/gimp-lqr-plugin
graphics/gimp-refocus-plugin
graphics/gimp-resynthesizer
graphics/gmic
graphics/gmic-qt@all
graphics/gpu-firmware-amd-kmod@all
graphics/gpu-firmware-kmod
graphics/gpu-firmware-radeon-kmod@all
graphics/gwenview
graphics/hugin
graphics/inkscape
graphics/kamera
graphics/kamerka
graphics/katarakt
graphics/kcolorchooser
graphics/kcolorpicker@all
graphics/kdegraphics
graphics/kdegraphics-mobipocket
graphics/kdegraphics-svgpart
graphics/kdegraphics-thumbnailers
graphics/kdiagram
graphics/kf6-kimageformats
graphics/kf6-kplotting
graphics/kf6-kquickcharts
graphics/kf6-ksvg
graphics/kf6-prison
graphics/kgeotag
graphics/kgraphviewer
graphics/kimageannotator@all
graphics/kimagemapeditor
graphics/klatexformula
graphics/kolourpaint
graphics/kontrast
graphics/kooka
graphics/kphotoalbum
graphics/kqtquickcharts
graphics/kquickimageeditor
graphics/krita
graphics/krita-gmic-plugin
graphics/kseexpr
graphics/ksnip
graphics/kxstitch
graphics/libkdcraw
graphics/libkexiv2
graphics/libksane
graphics/mesa-gallium-va
graphics/mesa-gallium-vdpau
graphics/mesa-gallium-xa
graphics/okular
graphics/ospray-studio
graphics/p5-Image-Imlib2
graphics/pecl-imagick
graphics/peruse
graphics/photivo
graphics/photoqt
graphics/plasma6-spectacle
graphics/poppler
graphics/poppler-data
graphics/poppler-glib
graphics/poppler-qt5
graphics/poppler-qt6
graphics/poppler-utils
graphics/py-graphviz
graphics/py-openshadinglanguage
graphics/qt5-3d
graphics/qt5-graphicaleffects
graphics/qt5-imageformats
graphics/qt5-opengl
graphics/qt5-pixeltool
graphics/qt5-svg
graphics/qt5-wayland
graphics/qt6-3d
graphics/qt6-imageformats
graphics/qt6-lottie
graphics/qt6-quickeffectmaker
graphics/qt6-svg
graphics/qt6-wayland
graphics/rawstudio
graphics/rawtherapee
graphics/sdl2_gfx
graphics/sdl2_gpu
graphics/sdl2_image
graphics/sdl2_ttf
graphics/seexpr
graphics/skanlite
graphics/skanpage
graphics/tesseract
graphics/ufraw
graphics/wrapland
graphics/zathura-djvu
graphics/zathura-pdf-mupdf
graphics/zathura-pdf-poppler
graphics/zathura-ps
irc/konversation
irc/kvirc
irc/quassel
irc/quassel-core
irc/weechat
japanese/kiten
lang/duktape
lang/fpc
lang/gawk
lang/kturtle
lang/lfortran
lang/luajit
lang/php81-extensions
lang/php82-extensions
lang/php83-extensions
lang/php84-extensions
lang/php85-extensions
lang/python
lang/python2
lang/python3
lang/runawk
lang/rust
mail/abook
mail/astroid
mail/dbmail
mail/dovecot-fts-xapian
mail/dovecot-pigeonhole
mail/dspam
mail/exim
mail/exim-doc-html
mail/exim-doc-pdf
mail/exim-doc-postscript
mail/exim-monitor
mail/exim-sa-exim
mail/fetchmail
mail/lookout
mail/mutt
mail/neomutt
mail/nextcloud-mail
mail/notmuch-mutt
mail/opensmtpd
mail/opensmtpd-extras
mail/opensmtpd-filter-rspamd
mail/opensmtpd-filter-senderscore
mail/procmail
mail/rainloop
mail/razor-agents
mail/roundcube
mail/roundcube-automatic_addressbook
mail/roundcube-carddav
mail/roundcube-classic
mail/roundcube-contextmenu
mail/roundcube-html5_notifier
mail/roundcube-larry
mail/roundcube-login_info
mail/roundcube-sauserprefs
mail/roundcube-thunderbird_labels
mail/roundcube-veximaccountadmin
mail/rspamd
mail/rspamd-devel
mail/sa-utils
mail/snappymail
mail/spamassassin
mail/spamass-ixhash
mail/spamass-rules
mail/spamd
mail/sympa
mail/vexim
math/analitza
math/cantor
math/eigen3
math/facile
math/gmm++
math/kalgebra
math/kalk
math/kbruch
math/kcalc
math/kig
math/kmplot
math/labplot
math/qalculate-qt@all
math/rkward
math/rocs
misc/artikulate
misc/bibletime
misc/colortail
misc/far2l
misc/fortune-mod-bible
misc/fortune-mod-bofh
misc/fortune-mod-epictetus
misc/fortune-mod-freebsd-classic
misc/fortune-mod-futurama
misc/fortune-mod-psalms
misc/freebsd-doc-all
misc/kdeedu
misc/kdeedu-data
misc/kdeutils
misc/kde-thumbnailer-chm
misc/kde-thumbnailer-epub
misc/kde-thumbnailer-fb2
misc/kf6-purpose
misc/kgeography
misc/klettres
misc/kookbook
misc/ktouch
misc/kwordquiz
misc/libkeduvocdocument
misc/mc
misc/parley
misc/py-powerline-status
misc/qt5-doc
misc/qt5-examples
misc/qt5-l10n
misc/qt6ct
misc/qt6-doc
misc/qt6-examples
misc/tellico
multimedia/dragon
multimedia/gstreamer1-plugins-all
multimedia/haruna
multimedia/kaffeine
multimedia/kamoso
multimedia/kdemultimedia
multimedia/kdemultimedia-ffmpegthumbs
multimedia/kdenlive
multimedia/mlt7
multimedia/mlt7-glaxnimate
multimedia/mlt7-qt@all
multimedia/phonon
multimedia/phonon-designerplugin
multimedia/phonon-vlc
multimedia/qmmp-plugin-pack-qt5
multimedia/qmmp-plugin-pack-qt6
multimedia/qmmp-qt5
multimedia/qmmp-qt6
multimedia/qt5-multimedia
multimedia/qt6-multimedia
multimedia/smplayer
multimedia/smplayer-skins
multimedia/smplayer-themes
multimedia/subtitlecomposer
multimedia/svt-av1
multimedia/svt-hevc
multimedia/svt-vp9
multimedia/vlc
net-im/cutegram
net-im/finch
net-im/kaccounts-integration
net-im/kaccounts-providers
net-im/kaidan
net-im/libaccounts-glib
net-im/libaccounts-qt@all
net-im/libsignon-glib
net-im/neochat
net-im/pidgin-skypeweb
net-im/psi
net-im/qTox
net-im/quaternion
net-im/qxmpp@all
net-im/ruqola
net-im/telegram-cli
net-im/telegram-desktop@all
net-im/telepathy-accounts-signon
net-im/toot
net-im/toxic
net-mgmt/hastmon
net-mgmt/iftop
net-mgmt/kf6-networkmanager-qt
net-mgmt/mac-telnet
net-mgmt/networkmanager-shim
net-mgmt/networkmgr
net-p2p/ktorrent
net-p2p/libktorrent
net-p2p/qbittorrent
net-p2p/transmission-remote-gui
net-p2p/transmission@all
net/akonadi-calendar
net/akonadi-contacts
net/akonadi-mime
net/akonadi-search
net/asterisk18
net/calendarsupport
net/dhcpcd-ui
net/eventviews
net/gitup
net/incidenceeditor
net/isc-dhcp44-client
net/isc-dhcp44-server
net/kcalutils
net/kdenetwork
net/kdenetwork-filesharing
net/kea
net/kf6-kcalendarcore
net/kf6-kcontacts
net/kf6-kdav
net/kf6-kholidays
net/kf6-syndication
net/kget
net/kidentitymanagement
net/kimap
net/kio-gdrive
net/kio-zeroconf
net/kitinerary
net/kldap
net/kmailtransport
net/kmbox
net/kmime
net/kontactinterface
net/kpeoplevcard
net/kpimtextedit
net/krdc
net/krfb
net/ksmtp
net/ktnef
net/libgravatar
net/libkgapi
net/libksieve
net/libmaia
net/mailcommon
net/mailimporter
net/messagelib
net/mpd5
net/ntp
net/onedrive
net/openldap26-server
net/openntpd
net/openradius
net/p5-IO-Socket-IP
net/phpldapadmin
net/pimcommon
net/proftpd-mod_ldap
net/py-qt5-networkauth
net/qoauth-qt5
net/qt5-network
net/qt5-networkauth
net/qt6-coap
net/qt6-mqtt
net/qt6-networkauth
net/sdl2_net
net/smb4k
net/spoofdpi
net/trafshow
net/wireguard-tools@all
net/xrdp
net/yggdrasil
ports-mgmt/bsdadminscripts2
ports-mgmt/distilator
ports-mgmt/freebsd-bugzilla-cli
ports-mgmt/octopkg
ports-mgmt/pkg-appstream
ports-mgmt/pkg-graph
ports-mgmt/pkg_replace
ports-mgmt/portgrep
ports-mgmt/portlint
ports-mgmt/ports-tools
ports-mgmt/porttools
ports-mgmt/poudriere
ports-mgmt/poudriere-devel
ports-mgmt/synth
print/cups-filters
print/cups-pdf
print/epson-inkjet-printer-escpr2
print/hplip-plugin
print/kde_poster
print/plasma6-print-manager
print/py-fonttools
print/py-frescobaldi
print/qt5-printsupport
print/qt6-pdf
russian/aspell
russian/hunspell
russian/hyphen
russian/mythes
russian/rubygem-russian
russian/wordpress
science/kalzium
science/kst2
science/pulseview
science/qt6-quick3dphysics
science/sigrok-cli
science/step
security/acme.sh
security/acmetool
security/clamav
security/doas
security/expiretable
security/gnupg
security/gost-engine
security/gpgme
security/gpg-gui
security/keepassxc
security/keychain
security/keysmith
security/kf6-kdesu
security/kgpg
security/kleopatra
security/kpkpass
security/kwalletmanager
security/libkleo
security/libressl@all
security/libretls
security/lxqt-openssh-askpass
security/lxqt-sudo
security/modsecurity3-nginx
security/nextcloud-passman
security/nextcloud-twofactor_webauthn
security/nmap
security/nss
security/openconnect-freebsd-daemon
security/openconnect-gui
security/openssh-askpass
security/openssh-portable@all
security/openvpn
security/openvpn-admin
security/openvpn-auth-ldap
security/openvpn-auth-radius
security/openvpn-devel
security/pam_kde
security/pinentry
security/pinentry-curses
security/pinentry-gnome
security/pinentry-qt5
security/pinentry-tty
security/plasma6-kscreenlocker
security/plasma6-ksshaskpass
security/plasma6-kwallet-pam
security/proftpd-mod_clamav
security/putty
security/putty-nogtk
security/py-acme
security/py-acme-tiny
security/py-certbot-apache
security/py-certbot-dns-cloudflare
security/py-certbot-dns-cpanel
security/py-certbot-dns-digitalocean
security/py-certbot-dns-dnsimple
security/py-certbot-dns-dnsmadeeasy
security/py-certbot-dns-gehirn
security/py-certbot-dns-google
security/py-certbot-dns-linode
security/py-certbot-dns-luadns
security/py-certbot-dns-nsone
security/py-certbot-dns-ovh
security/py-certbot-dns-powerdns
security/py-certbot-dns-rfc2136
security/py-certbot-dns-route53
security/py-certbot-dns-sakuracloud
security/py-certbot-nginx
security/py-gpg
security/py-mkpasswd
security/qtkeychain@all
security/spass-qt5
security/sshguard
security/ssl-admin
security/sudo
security/teleport
security/veracrypt
security/vuxml
shells/bashc
shells/bash-completion
shells/bash-static
shells/git-prompt.zsh
shells/ion
shells/ohmyzsh
shells/pear-PHP_Shell
shells/tcshrc
shells/zsh-antigen
shells/zsh-autosuggestions
shells/zsh-completions
shells/zsh-navigation-tools
shells/zsh-syntax-highlighting
sysutils/accounts-qml-module
sysutils/android-file-transfer
sysutils/android-file-transfer-qt5
sysutils/apachetop
sysutils/atop
sysutils/baloo-widgets
sysutils/bareos-client
sysutils/bareos-server
sysutils/bareos-traymonitor
sysutils/bashtop
sysutils/bastille
sysutils/beadm
sysutils/bhyve-firmware
sysutils/bhyve-rc
sysutils/bpytop
sysutils/bsdstats
sysutils/btop
sysutils/busybox
sysutils/calamares
sysutils/cbsd
sysutils/cdrtools
sysutils/colorize
sysutils/coreutils
sysutils/daemontools
sysutils/desktop-installer
sysutils/devd-mount
sysutils/edid-decode
sysutils/ezjail
sysutils/filelight
sysutils/froxlor
sysutils/getssl
sysutils/gotop
sysutils/hatop
sysutils/htop
sysutils/hw-probe
sysutils/inxi
sysutils/iocage
sysutils/ipmitool
sysutils/k3b
sysutils/k4dirstat
sysutils/kbackup
sysutils/kcron
sysutils/kdeadmin
sysutils/kdebugsettings
sysutils/kdf
sysutils/kdialog
sysutils/kf6-baloo
sysutils/kf6-kuserfeedback
sysutils/kf6-kwallet
sysutils/khelpcenter
sysutils/kpmcore
sysutils/krename
sysutils/kshutdown
sysutils/ksystemlog
sysutils/lsblk
sysutils/lscpu
sysutils/lsof
sysutils/lxqt-admin
sysutils/lxqt-config
sysutils/lxqt-policykit
sysutils/lxqt-powermanagement
sysutils/lxqt-qtplugin
sysutils/mkdesktop
sysutils/monit
sysutils/ncdu
sysutils/neofetch
sysutils/osinfo-db-tools
sysutils/pam_xdg
sysutils/password-store
sysutils/pass-otp
sysutils/pass-update
sysutils/pfstat
sysutils/pftables
sysutils/pftop
sysutils/pidof
sysutils/plasma6-discover
sysutils/plasma6-kde-cli-tools
sysutils/plasma6-kinfocenter
sysutils/plasma6-kmenuedit
sysutils/plasma6-ksystemstats
sysutils/plasma6-libksysguard
sysutils/plasma6-plasma-disks
sysutils/plasma6-plasma-systemmonitor
sysutils/plasma6-polkit-kde-agent-1
sysutils/plasma6-powerdevil
sysutils/plasma6-systemsettings
sysutils/plasma-pass
sysutils/polkit-qt-1
sysutils/pv
sysutils/pwd_unmkdb
sysutils/py-filelock
sysutils/qt5-qtdiag
sysutils/qt5-qtpaths
sysutils/qt5-qtplugininfo
sysutils/rainbarf
sysutils/sanoid
sysutils/screen
sysutils/signond
sysutils/signon-kwallet-extension
sysutils/signon-plugin-oauth2
sysutils/signon-ui
sysutils/sweeper
sysutils/symon
sysutils/terraform
sysutils/tmate
sysutils/tmux
sysutils/tmux-mem-cpu-load
sysutils/tmux-xpanes
sysutils/ttyload
sysutils/unetbootin
sysutils/usermin
sysutils/virtualmin
sysutils/vm-bhyve
sysutils/webmin
sysutils/znapzend
sysutils/zogftw
sysutils/zrep
textproc/bat
textproc/dikt
textproc/ebook-tools
textproc/en-aspell
textproc/en-hunspell
textproc/en-mythes
textproc/fcitx5
textproc/fcitx5-configtool
textproc/fcitx5-gtk
textproc/fcitx5-lua
textproc/fcitx5-qt@all
textproc/fcitx-m17n
textproc/fcitx-qt5
textproc/fcitx-table-other
textproc/hyphen
textproc/intltool
textproc/jade
textproc/kdiff3
textproc/kf6-kcodecs
textproc/kf6-sonnet
textproc/kf6-syntax-highlighting
textproc/kompare
textproc/kreport
textproc/libkolabxml
textproc/libkomparediff2
textproc/libxml2-python
textproc/markdownpart
textproc/minixmlto
textproc/openjade
textproc/pecl-yaml
textproc/py-chardet
textproc/py-charset-normalizer
textproc/py-pdftotext
textproc/py-rich
textproc/py-sphinx
textproc/py-sphinx-autodoc-typehints
textproc/py-tomli
textproc/qt5-xml
textproc/qt5-xmlpatterns
textproc/raptor2
textproc/rasqal
textproc/redland
textproc/redland-bindings
textproc/uim-qt5
textproc/yelp-tools
textproc/zxing-cpp
www/adguardhome
www/cutelyst
www/c-icap-modules
www/davical
www/drupal7-wysiwyg@all
www/drupal7@all
www/drupal10@all
www/elinks
www/free-sa-devel
www/gallery2
www/gallery-dl
www/hiawatha
www/http-parser
www/joomla4
www/lightsquid
www/links
www/lynx
www/mod_authn_dovecot
www/mod_auth_gssapi
www/mod_auth_kerb2
www/mod_auth_mysql2
www/mod_auth_openidc
www/mod_auth_pam2
www/mod_auth_pgsql2
www/mod_dnssd
www/mod_fastcgi
www/mod_fcgid
www/mod_gnutls
www/mod_http2
www/mod_limitipconn2
www/mod_memcache
www/mod_mono
www/mod_mpm_itk
www/mod_perl2
www/mod_php81
www/mod_php82
www/mod_php83
www/mod_php84
www/mod_qos
www/mod_security
www/mod_setenvifplus
www/mod_webauth
www/mod_wsgi4@all
www/mod_xsendfile
www/moodle44
www/moodle45
www/moodle50
www/nextcloud-calendar
www/nextcloud-contacts
www/nextcloud-notes
www/nextcloud-tasks
www/nginx
www/npm
www/owncloud@all
www/pecl-http
www/phalcon@all
www/phpvirtualbox
www/piwigo
www/plasma6-plasma-browser-integration
www/py-django42
www/py-django51
www/py-django-cms
www/py-flask-admin
www/py-graphite-api
www/py-qt5-webengine
www/qt5-webchannel
www/qt5-webengine
www/qt5-webglplugin
www/qt5-websockets
www/qt5-websockets-qml
www/qt5-webview
www/qt6-httpserver
www/qt6-webchannel
www/qt6-webengine
www/qt6-websockets
www/qt6-webview
www/redmine60
www/rubygem-raphael-rails
www/sarg
www/smarty
www/smarty3
www/squid
www/squidclamav
www/squidguard
www/squidview
www/squid_radius_auth
www/suphp@all
www/tidy
www/tidy-html5
www/unit
www/unit-java
www/unit-perl
www/unit-php
www/unit-python
www/unit-ruby
www/webpy
www/wordpress
www/xoops
www/zenphoto
x11-clocks/kteatime
x11-clocks/ktimer
x11-fm/dolphin
x11-fm/doublecmd@all
x11-fm/konqueror
x11-fm/krusader2
x11-fm/pcmanfm-qt
x11-fonts/alegreya
x11-fonts/alegreya-sans
x11-fonts/alef
x11-fonts/amigafonts
x11-fonts/andika
x11-fonts/andika-compact
x11-fonts/anomaly-mono
x11-fonts/anonymous-pro
x11-fonts/aporetic
x11-fonts/cantarell-fonts
x11-fonts/cascadia-code
x11-fonts/clearsans
x11-fonts/consolamono-ttf
x11-fonts/croscorefonts-fonts-ttf
x11-fonts/crosextrafonts-caladea-ttf
x11-fonts/crosextrafonts-carlito-ttf
x11-fonts/droid-fonts-ttf
x11-fonts/fantasque-sans-mono
x11-fonts/fnt
x11-fonts/font-awesome
x11-fonts/font-gost
x11-fonts/freefont-ttf
x11-fonts/gentium
x11-fonts/gentium-basic
x11-fonts/gentium-book
x11-fonts/gentium-plus-compact
x11-fonts/google-fonts
x11-fonts/hack-font
x11-fonts/inconsolata-ttf
x11-fonts/nerd-fonts
x11-fonts/office-code-pro
x11-fonts/open-sans
x11-fonts/oxygen-fonts
x11-fonts/powerline-fonts
x11-fonts/source-code-pro-ttf
x11-fonts/source-sans-ttf
x11-fonts/source-serif-ttf
x11-fonts/spleen
x11-fonts/stix-fonts
x11-fonts/sudo-font
x11-fonts/terminus-ttf
x11-fonts/urwfonts-ttf
x11-fonts/victor-mono-ttf
x11-fonts/vollkorn-ttf
x11-fonts/webfonts
x11-themes/Kvantum@all
x11-themes/adwaita-icon-theme
x11-themes/adwaita-qt5
x11-themes/adwaita-qt6
x11-themes/ant-dracula-theme
x11-themes/cursor-chameleon-anthracite
x11-themes/cursor-chameleon-darkskyblue
x11-themes/cursor-chameleon-pearl
x11-themes/cursor-chameleon-skyblue
x11-themes/cursor-chameleon-white
x11-themes/cursor-crystal-theme
x11-themes/freebsd-8k-wallpapers
x11-themes/freebsd-8k-wallpapers-kde
x11-themes/gtk3-oxygen-engine
x11-themes/gtk3-unico-engine
x11-themes/gtk-oxygen-engine
x11-themes/gtk-xfce-engine
x11-themes/kde-icons-black-and-white
x11-themes/kde-icons-nuovext2
x11-themes/kf6-breeze-icons
x11-themes/kf6-kcolorscheme
x11-themes/kf6-kiconthemes
x11-themes/kf6-qqc2-desktop-style
x11-themes/lxqt-themes
x11-themes/nordic-theme
x11-themes/oxygen-icons
x11-themes/plasma6-breeze
x11-themes/plasma6-breeze-gtk
x11-themes/plasma6-kde-gtk-config
x11-themes/plasma6-oxygen
x11-themes/plasma6-plasma-workspace-wallpapers
x11-themes/plasma6-qqc2-breeze-style
x11-themes/qt5-style-plugins
x11-themes/qtcurve
x11-themes/qtcurve-gtk2
x11-themes/qtcurve-kf5
x11-themes/qtcurve-qt5
x11-themes/qtcurve-utils
x11-themes/sddm-freebsd-black-theme
x11-themes/slim-freebsd-black-theme
x11-themes/slim-freebsd-themes
x11-themes/slim-themes
x11-themes/wallpapers-freebsd-kde
x11-themes/xfce-icons-elementary
x11-toolkits/kf6-attica
x11-toolkits/kf6-kcompletion
x11-toolkits/kf6-kconfigwidgets
x11-toolkits/kf6-kguiaddons
x11-toolkits/kf6-kirigami
x11-toolkits/kf6-kitemviews
x11-toolkits/kf6-kjobwidgets
x11-toolkits/kf6-ktextwidgets
x11-toolkits/kf6-kwidgetsaddons
x11-toolkits/kf6-kxmlgui
x11-toolkits/kproperty
x11-toolkits/plasma6-kdeplasma-addons
x11-toolkits/py-qt5-charts
x11-toolkits/py-qt5-datavis3d
x11-toolkits/py-qt6-charts
x11-toolkits/py-qt6-datavis3d
x11-toolkits/py-tkinter
x11-toolkits/qml-box2d
x11-toolkits/qt5-charts
x11-toolkits/qt5-datavis3d
x11-toolkits/qt5-declarative
x11-toolkits/qt5-declarative-test
x11-toolkits/qt5-gamepad
x11-toolkits/qt5-gui
x11-toolkits/qt5-quick3d
x11-toolkits/qt5-quickcontrols
x11-toolkits/qt5-quickcontrols2
x11-toolkits/qt5-quicktimeline
x11-toolkits/qt5-uiplugin
x11-toolkits/qt5-virtualkeyboard
x11-toolkits/qt5-widgets
x11-toolkits/qt6pas
x11-toolkits/qt6-charts
x11-toolkits/qt6-datavis3d
x11-toolkits/qt6-declarative
x11-toolkits/qt6-graphs
x11-toolkits/qt6-quick3d
x11-toolkits/qt6-quicktimeline
x11-toolkits/qt6-shadertools
x11-toolkits/qt6-virtualkeyboard
x11-wm/lxqt
x11-wm/lxqt-panel
x11-wm/lxqt-session
x11-wm/plasma6-kdecoration
x11-wm/plasma6-kwin
x11-wm/theseus-ship
x11/coreterminal
x11/disman
x11/docker-tray
x11/gtk-app-menu
x11/kde
x11/kde-baseapps
x11/kde-gear
x11/kdisplay
x11/kf6-frameworkintegration
x11/kf6-frameworks
x11/kf6-kded
x11/kf6-kglobalaccel
x11/kf6-krunner
x11/kf6-kwindowsystem
x11/konsole
x11/libfakekey
x11/lightdm-gtk-greeter
x11/lightdm-gtk-greeter-settings
x11/lightdm-kde-greeter
x11/lxqt-about
x11/lxqt-globalkeys
x11/lxqt-runner
x11/numlockx
x11/plasma6-kactivitymanagerd
x11/plasma6-kgamma
x11/plasma6-kglobalacceld
x11/plasma6-kscreen
x11/plasma6-kwayland
x11/plasma6-layer-shell-qt
x11/plasma6-libkscreen
x11/plasma6-libplasma
x11/plasma6-plasma
x11/plasma6-plasma-activities
x11/plasma6-plasma-activities-stats
x11/plasma6-plasma-desktop
x11/plasma6-plasma-integration
x11/plasma6-plasma-workspace
x11/plasma-wayland-protocols
x11/qt5-qev
x11/qt5-x11extras
x11/qterminal
x11/rsibreak
x11/screengrab
x11/sddm
x11/slick-greeter
x11/slim
x11/xcb-imdkit
x11/xdm
x11/xfce4-docklike-plugin
x11/xorg
x11/xpra
x11/xpra-html5
x11/xsnow
x11/xxkb
x11/yakuake
