comms/opencbm-kmod
emulators/open-vm-kmod
emulators/virtualbox-ose-kmod
emulators/virtualbox-ose-kmod-70
emulators/virtualbox-ose-kmod-71
emulators/virtualbox-ose-kmod-72
emulators/virtualbox-ose-kmod-legacy
filesystems/nbd-client-kmod
filesystems/openzfs-kmod
graphics/drm-510-kmod
graphics/drm-515-kmod
graphics/drm-61-kmod
graphics/drm-66-kmod
graphics/drm-kmod
graphics/drm-latest-kmod
graphics/gpu-firmware-amd-kmod
graphics/gpu-firmware-intel-kmod
graphics/gpu-firmware-kmod
graphics/gpu-firmware-radeon-kmod
graphics/nvidia-drm-510-kmod
graphics/nvidia-drm-510-kmod-devel
graphics/nvidia-drm-515-kmod
graphics/nvidia-drm-515-kmod-devel
graphics/nvidia-drm-61-kmod
graphics/nvidia-drm-61-kmod-devel
graphics/nvidia-drm-66-kmod
graphics/nvidia-drm-66-kmod-devel
graphics/nvidia-drm-kmod
graphics/nvidia-drm-kmod-devel
graphics/nvidia-drm-latest-kmod
graphics/nvidia-drm-latest-kmod-devel
graphics/plasma-kmod
misc/dahdi-kmod26
misc/utouch-kmod
multimedia/linux_dvbwrapper-kmod
multimedia/ptx-kmod
net/amnezia-kmod
net/aquantia-atlantic-kmod
net/bwi-firmware-kmod
net/bwn-firmware-kmod
net/intel-em-kmod
net/intel-iavf-kmod
net/intel-ice-kmod
net/intel-igb-kmod
net/intel-irdma-kmod
net/intel-ix-kmod
net/intel-ixl-kmod
net/intel-ixv-kmod
net/isboot-kmod
net/isboot-kmod-devel
net/malo-firmware-kmod
net/realtek-re-kmod
net/realtek-re-kmod198
net/vether-kmod
net/wifi-firmware-ath10k-kmod
net/wifi-firmware-ath11k-kmod
net/wifi-firmware-ath12k-kmod
net/wifi-firmware-iwlwifi-kmod
net/wifi-firmware-kmod
net/wifi-firmware-mt76-kmod
net/wifi-firmware-mt7601u-kmod
net/wifi-firmware-rtw88-kmod
net/wifi-firmware-rtw89-kmod
security/isal-kmod
security/ktls_isa-l_crypto-kmod
security/quantis-kmod
sysutils/acerhdf-kmod
sysutils/devctl-jail-kmod
sysutils/kvmclock-kmod
sysutils/pefs-kmod
sysutils/sysctlbyname-improved-kmod
sysutils/sysctlinfo-kmod
sysutils/twa-kmod
x11/nvidia-kmod
x11/nvidia-kmod-304
x11/nvidia-kmod-340
x11/nvidia-kmod-390
x11/nvidia-kmod-470
x11/nvidia-kmod-devel
