accessibility/kdeaccessibility
accessibility/kmag
accessibility/kmousetool
accessibility/kmouth
accessibility/libqaccessibilityclient
accessibility/qt5-speech
archivers/ark
archivers/kf6-karchive
archivers/lxqt-archiver
archivers/quazip@all
astro/indiwebmanagerapp
astro/kosmindoormap
astro/kstars
astro/marble
audio/audiocd-kio
audio/cantata
audio/drumstick
audio/elisa
audio/festvox-cmu_us_awb_arctic
audio/festvox-cmu_us_bdl_arctic
audio/festvox-cmu_us_clb_arctic
audio/festvox-cmu_us_jmk_arctic
audio/festvox-cmu_us_ksp_arctic
audio/festvox-cmu_us_rms_arctic
audio/festvox-cmu_us_slt_arctic
audio/festvox-don
audio/festvox-el11
audio/festvox-kal16
audio/festvox-kal8
audio/festvox-ked16
audio/festvox-ked8
audio/festvox-rab16
audio/festvox-rab8
audio/festvox-russian
audio/juk
audio/kid3@all
audio/kmix
audio/kwave
audio/libkcddb
audio/libkcompactdisc
audio/libmysofa
audio/musicpd
audio/pavucontrol
audio/pavucontrol-qt
audio/pc-mixer
audio/plasma6-plasma-pa
audio/pt2-clone
audio/pulseaudio-module-sndio
audio/pulseaudio-module-xrdp
audio/pulseaudio-qt
audio/quimup
audio/sonivox-eas
audio/spotify-qt
audio/strawberry
audio/taglib
audio/virtual_oss
audio/zrythm
benchmarks/iperf
benchmarks/iperf3
benchmarks/kdiskmark
cad/ktechlab
cad/qelectrotech
comms/qt5-connectivity
comms/qt5-sensors
comms/qt5-serialbus
comms/qt5-serialport
comms/qt6-sensors
comms/qt6-serialbus
comms/qt6-serialport
databases/akonadi
databases/kbibtex
databases/kdb
databases/kexi
databases/libiodbc
databases/qt5-sql
databases/sqlitebrowser
databases/sqlitestudio
deskutils/akonadi-calendar-tools
deskutils/akonadi-import-wizard
deskutils/akonadiconsole
deskutils/akregator
deskutils/anydesk
deskutils/birdtray
deskutils/bookworm
deskutils/calibre
deskutils/calindori
deskutils/coolreader
deskutils/copyq
deskutils/crqt-ng
deskutils/fbreader
deskutils/grantlee-editor
deskutils/grantleetheme
deskutils/growl-for-linux
deskutils/itinerary
deskutils/kaddressbook
deskutils/kalarm
deskutils/kcharselect
deskutils/kchmviewer
deskutils/kdeconnect-kde
deskutils/kdepim
deskutils/kdepim-addons
deskutils/kdepim-runtime
deskutils/keditbookmarks
deskutils/kfind
deskutils/kmail
deskutils/kmail-account-wizard
deskutils/kodaskanna
deskutils/kongress
deskutils/kontact
deskutils/korganizer
deskutils/kronometer
deskutils/kruler
deskutils/ktimetracker
deskutils/kuserfeedback
deskutils/latte-dock
deskutils/libkdepim
deskutils/lxqt-notificationd
deskutils/maliit-framework
deskutils/maliit-keyboard
deskutils/mbox-importer
deskutils/merkuro
deskutils/nextcloudclient
deskutils/owncloudclient
deskutils/pim-data-exporter
deskutils/pim-sieve-editor
deskutils/plasma6-milou
deskutils/plasma6-sddm-kcm
deskutils/plasma6-xdg-desktop-portal-kde
deskutils/presage
deskutils/qmediamanager
deskutils/qownnotes
deskutils/qtfeedback
deskutils/semantik
deskutils/syncthingtray
deskutils/virt-manager
deskutils/zanshin
devel/bmkdep
devel/clazy
devel/clinfo
devel/cmake
devel/cmake-doc
devel/cmake-gui
devel/cmake-gui@qt6
devel/cmakedoc
devel/cscope
devel/dolphin-plugins
devel/doxygen
devel/elf-dissector
devel/eric6@all
devel/gammaray
devel/git-gui
devel/git-lab
devel/gitg
devel/grantlee5
devel/heaptrack
devel/injeqt
devel/kapptemplate
devel/kcachegrind
devel/kdbg
devel/kde-dev-scripts
devel/kde-dev-utils
devel/kdesdk
devel/kdesdk-thumbnailers
devel/kdev-php
devel/kdev-python
devel/kdevelop
devel/kdevelop-pg-qt
devel/kf6-extra-cmake-modules
devel/kf6-kapidox
devel/kf6-kauth
devel/kf6-kbookmarks
devel/kf6-kcmutils
devel/kf6-kconfig
devel/kf6-kcoreaddons
devel/kf6-kcrash
devel/kf6-kdbusaddons
devel/kf6-kdeclarative
devel/kf6-kdoctools
devel/kf6-kfilemetadata
devel/kf6-ki18n
devel/kf6-kidletime
devel/kf6-kio
devel/kf6-kitemmodels
devel/kf6-knewstuff
devel/kf6-knotifications
devel/kf6-knotifyconfig
devel/kf6-kpackage
devel/kf6-kparts
devel/kf6-kpeople
devel/kf6-kpty
devel/kf6-kservice
devel/kf6-ktexteditor
devel/kf6-kunitconversion
devel/kf6-solid
devel/kf6-threadweaver
devel/kio-extras
devel/kirigami-gallery
devel/kommit
devel/kpublictransport
devel/ktextaddons
devel/libdbusmenu-qt
devel/libdbusmenu-qt@qt6
devel/libfmt
devel/liblxqt
devel/libmaa
devel/libphonenumber
devel/libsigrokdecode
devel/lmdbg
devel/lokalize
devel/meson-python@all
devel/mk-configure
devel/ninja
devel/okteta
devel/paexec
devel/plasma6-kwrited
devel/plasma6-plasma-sdk
devel/poxml
devel/py-pygobject@all
devel/py-qt5-pyqt@all
devel/py-qt5-qscintilla2@all
devel/py-qt5-sip@all
devel/py-qt5@all
devel/py-qt6@all
devel/py-qtbuilder
devel/py-sip@all
devel/pyside2-tools
devel/pyside2@all
devel/qca@all
devel/qcoro
devel/qjson
devel/qscintilla2-designerplugin@all
devel/qscintilla2@all
devel/qt-maybe
devel/qt5
devel/qt5-assistant
devel/qt5-buildtools
devel/qt5-concurrent
devel/qt5-core
devel/qt5-dbus
devel/qt5-designer
devel/qt5-help
devel/qt5-linguist
devel/qt5-linguisttools
devel/qt5-location
devel/qt5-qdbus
devel/qt5-qdbusviewer
devel/qt5-qdoc
devel/qt5-qdoc-data
devel/qt5-qmake
devel/qt5-remoteobjects
devel/qt5-script
devel/qt5-scripttools
devel/qt5-scxml
devel/qt5-testlib
devel/qt5-uitools
devel/qt6
devel/qt6-5compat
devel/qt6-base
devel/qt6-languageserver
devel/qt6-positioning
devel/qt6-remoteobjects
devel/qt6-scxml
devel/qt6-tools
devel/qt6-translations
devel/qtcreator
devel/rttr
devel/shiboken2
devel/spdlog
devel/svn2git
devel/umbrello
devel/xdg-user-dirs
devel/xsd
devel/zeal
dns/kf6-kdnssd
editors/calligra
editors/emacs@all
editors/focuswriter
editors/hexedit
editors/kate
editors/kile
editors/lazarus
editors/lazarus-qt5
editors/le
editors/libreoffice
editors/libreoffice-i18n
editors/linux-r7-office
editors/nano
editors/ne
editors/neovim
editors/neovim-qt
editors/vim@all
editors/vscode
emulators/open-vm-tools@all
emulators/virtualbox-ose
emulators/virtualbox-ose-additions
emulators/wine
emulators/wine-devel
emulators/wine-mono
emulators/wine-mono-devel
emulators/wine-proton
finance/alkimia
finance/kmymoney
finance/kraft
finance/skrooge
games/auralquiz
games/blinken
games/bomber
games/bovo
games/connectagram
games/freeciv
games/freeciv-nox11
games/gcompris-qt
games/gottet
games/granatier
games/hexalate
games/kanagram
games/kapman
games/katomic
games/kblackbox
games/kblocks
games/kbounce
games/kbreakout
games/kdegames
games/kdiamond
games/kfourinline
games/kgoldrunner
games/khangman
games/kigo
games/killbots
games/kiriki
games/kjumpingcube
games/klickety
games/klines
games/kmahjongg
games/kmines
games/knavalbattle
games/knetwalk
games/knights
games/kolf
games/kollision
games/konquest
games/kpat
games/kreversi
games/kshisen
games/ksirk
games/ksnakeduel
games/kspaceduel
games/ksquares
games/ksudoku
games/ktuberling
games/kubrick
games/libkdegames
games/libkmahjongg
games/lskat
games/openmw
games/palapeli
games/peg-e
games/picmi
games/simsu
games/tanglet
games/tetzle
games/wesnoth
graphics/blender
graphics/darktable
graphics/digikam
graphics/drawpile
graphics/drm-510-kmod@all
graphics/drm-515-kmod@all
graphics/drm-kmod
graphics/evince
graphics/filmulator
graphics/fotocx
graphics/frei0r-plugins
graphics/gimp
graphics/gimp-beautify-plugin
graphics/gimp-data-extras
graphics/gimp-jxl-plugin
graphics/gimp-lensfun-plugin
graphics/gimp-lqr-plugin
graphics/gimp-refocus-plugin
graphics/gimp-resynthesizer
graphics/gmic
graphics/gmic-qt@all
graphics/gpu-firmware-amd-kmod@all
graphics/gpu-firmware-intel-kmod@all
graphics/gpu-firmware-kmod
graphics/gpu-firmware-radeon-kmod@all
graphics/gwenview
graphics/hugin
graphics/inkscape
graphics/kamera
graphics/kamerka
graphics/katarakt
graphics/kcolorchooser
graphics/kcolorpicker
graphics/kdegraphics
graphics/kdegraphics-mobipocket
graphics/kdegraphics-svgpart
graphics/kdegraphics-thumbnailers
graphics/kdiagram
graphics/kf6-kimageformats
graphics/kf6-kplotting
graphics/kf6-kquickcharts
graphics/kf6-prison
graphics/kgeotag
graphics/kgraphviewer
graphics/kimageannotator
graphics/kimagemapeditor
graphics/klatexformula
graphics/kolourpaint
graphics/kontrast
graphics/kooka
graphics/kphotoalbum
graphics/kqtquickcharts
graphics/kquickimageeditor
graphics/krita
graphics/kseexpr
graphics/ksnip
graphics/kxstitch
graphics/libkdcraw
graphics/libkexiv2
graphics/libksane
graphics/okular
graphics/ospray-studio
graphics/peruse
graphics/photivo
graphics/photoqt
graphics/plasma6-spectacle
graphics/poppler
graphics/poppler-glib
graphics/poppler-qt5
graphics/poppler-qt6
graphics/poppler-utils
graphics/py-openshadinglanguage@all
graphics/qt5-3d
graphics/qt5-graphicaleffects
graphics/qt5-imageformats
graphics/qt5-opengl
graphics/qt5-pixeltool
graphics/qt5-svg
graphics/qt5-wayland
graphics/qt6-3d
graphics/qt6-imageformats
graphics/qt6-lottie
graphics/qt6-svg
graphics/qt6-wayland
graphics/rawstudio
graphics/rawtherapee
graphics/seexpr
graphics/skanlite
graphics/skanpage
graphics/tesseract
graphics/ufraw
graphics/wrapland
graphics/zathura-djvu
graphics/zathura-pdf-mupdf
graphics/zathura-pdf-poppler
graphics/zathura-ps
irc/konversation
irc/kvirc
irc/quassel
irc/quassel-core
japanese/kiten
lang/kross-interpreters
lang/kturtle
lang/runawk
mail/astroid
mail/evolution-ews
mail/lookout
mail/thunderbird
mail/thunderbird-dictionaries
math/analitza
math/cantor
math/eigen3
math/facile
math/gmm++
math/kalgebra
math/kbruch
math/kcalc
math/kig
math/kmplot
math/labplot
math/qalculate-qt
math/rkward
math/rocs
misc/artikulate
misc/bibletime
misc/kde-thumbnailer-chm
misc/kde-thumbnailer-epub
misc/kde-thumbnailer-fb2
misc/kdeedu
misc/kdeedu-data
misc/kdeutils
misc/kf6-purpose
misc/kgeography
misc/klettres
misc/kookbook
misc/ktouch
misc/kwordquiz
misc/libkeduvocdocument
misc/parley
misc/qt5-doc
misc/qt5-examples
misc/qt5-l10n
misc/qt6-doc
misc/tellico
multimedia/dragon
multimedia/gstreamer1-plugins-all
multimedia/haruna
multimedia/kaffeine
multimedia/kamoso
multimedia/kdemultimedia
multimedia/kdemultimedia-ffmpegthumbs
multimedia/kdenlive
multimedia/kmplayer
multimedia/mkvtoolnix@all
multimedia/mlt7
multimedia/mlt7-glaxnimate
multimedia/mlt7-qt@all
multimedia/obs-recursion-effect
multimedia/obs-streamfx
multimedia/obs-studio
multimedia/obs-text-pthread
multimedia/obs-waveform
multimedia/phonon
multimedia/phonon-designerplugin
multimedia/phonon-vlc
multimedia/pwcbsd
multimedia/pwcview
multimedia/qmmp-plugin-pack-qt5
multimedia/qmmp-plugin-pack-qt6
multimedia/qmmp-qt6
multimedia/qt5-multimedia
multimedia/qt6-multimedia
multimedia/recordmydesktop
multimedia/simplescreenrecorder
multimedia/smplayer
multimedia/smplayer-skins
multimedia/smplayer-themes
multimedia/subtitlecomposer
multimedia/v4l-utils
multimedia/vlc
net-im/cutegram
net-im/finch
net-im/flare
net-im/kaccounts-integration
net-im/kaccounts-providers
net-im/kaidan
net-im/libaccounts-glib
net-im/libaccounts-qt
net-im/libsignon-glib
net-im/neochat
net-im/pidgin-skypeweb
net-im/psi
net-im/qTox
net-im/quaternion
net-im/qxmpp@all
net-im/ruqola
net-im/telegram-cli
net-im/telegram-desktop
net-im/telepathy-accounts-signon
net-im/tokodon
net-im/toot
net-im/toxic
net-p2p/ktorrent
net-p2p/libktorrent
net-p2p/qbittorrent
net-p2p/transmission
net/akonadi-calendar
net/akonadi-contacts
net/akonadi-mime
net/akonadi-notes
net/akonadi-search
net/alligator
net/calendarsupport
net/dhcpcd-ui
net/eventviews
net/incidenceeditor
net/kcalutils
net/kdenetwork
net/kdenetwork-filesharing
net/kea
net/kf6-kcalendarcore
net/kf6-kcontacts
net/kf6-kdav
net/kf6-kholidays
net/kf6-kxmlrpcclient
net/kf6-syndication
net/kget
net/kidentitymanagement
net/kimap
net/kio-gdrive
net/kio-zeroconf
net/kitinerary
net/kldap
net/kmailtransport
net/kmbox
net/kmime
net/kontactinterface
net/kpeoplevcard
net/kpimtextedit
net/krdc
net/krfb
net/ksmtp
net/ktnef
net/libgravatar
net/libkgapi
net/libksieve
net/libmaia
net/libmediawiki
net/libproxy-kde
net/mailcommon
net/mailimporter
net/messagelib
net/onedrive
net/pimcommon
net/py-qt5-networkauth
net/qoauth-qt5
net/qt5-network
net/qt5-networkauth
net/qt6-networkauth
net/smb4k
ports-mgmt/octopkg
ports-mgmt/pkg_replace
print/epson-inkjet-printer-escpr2
print/hplip-plugin
print/kde_poster
print/print-manager
print/py-frescobaldi
print/qt5-printsupport
russian/eric6
russian/hyphen
russian/mythes
science/kalzium
science/kst2
science/pulseview
science/py-dlib@all
science/sigrok-cli
science/step
security/doas
security/duo_openvpn
security/gpg-gui
security/keychain
security/kf6-kdesu
security/kgpg
security/kleopatra
security/kpkpass
security/kwalletmanager
security/libkleo
security/lxqt-openssh-askpass
security/lxqt-sudo
security/openconnect-gui
security/openvpn-admin
security/pam_kde
security/pinentry
security/pinentry-gnome
security/pinentry-qt5
security/plasma6-kscreenlocker
security/plasma6-ksshaskpass
security/plasma6-kwallet-pam
security/putty
security/putty-nogtk
security/qtkeychain@qt6
security/veracrypt
shells/bash-completion
shells/bash-static
shells/bashc
shells/git-prompt.zsh
shells/ohmyzsh
shells/pear-PHP_Shell@all
shells/zsh-antigen
shells/zsh-autosuggestions
shells/zsh-completions
shells/zsh-navigation-tools
shells/zsh-syntax-highlighting
sysutils/accounts-qml-module
sysutils/android-file-transfer
sysutils/android-file-transfer-qt5
sysutils/baloo-widgets
sysutils/bareos-traymonitor
sysutils/bareos20-traymonitor
sysutils/calamares
sysutils/debootstrap
sysutils/desktop-installer
sysutils/edid-decode
sysutils/filelight
sysutils/k3b
sysutils/k4dirstat
sysutils/kbackup
sysutils/kcron
sysutils/kdeadmin
sysutils/kdebugsettings
sysutils/kdf
sysutils/kdialog
sysutils/kf6-baloo
sysutils/kf6-kwallet
sysutils/khelpcenter
sysutils/kio-fuse
sysutils/kpmcore
sysutils/krename
sysutils/kshutdown
sysutils/ksystemlog
sysutils/lxqt-admin
sysutils/lxqt-config
sysutils/lxqt-policykit
sysutils/lxqt-powermanagement
sysutils/lxqt-qtplugin
sysutils/mkdesktop
sysutils/plasma-pass
sysutils/plasma6-discover
sysutils/plasma6-drkonqi
sysutils/plasma6-kde-cli-tools
sysutils/plasma6-kinfocenter
sysutils/plasma6-kmenuedit
sysutils/plasma6-ksysguard
sysutils/plasma6-ksystemstats
sysutils/plasma6-libksysguard
sysutils/plasma6-plasma-disks
sysutils/plasma6-plasma-systemmonitor
sysutils/plasma6-polkit-kde-agent-1
sysutils/plasma6-powerdevil
sysutils/plasma6-systemsettings
sysutils/polkit-qt
sysutils/qt5-qtdiag
sysutils/qt5-qtpaths
sysutils/qt5-qtplugininfo
sysutils/signon-kwallet-extension
sysutils/signon-plugin-oauth2
sysutils/signon-qt5
sysutils/signon-ui
sysutils/sweeper
sysutils/tmux
sysutils/tmux-mem-cpu-load
sysutils/unetbootin
textproc/aha
textproc/colordiff
textproc/diffsplit
textproc/difftastic
textproc/diffutils
textproc/dikt
textproc/ebook-tools
textproc/fcitx-m17n
textproc/fcitx-qt5
textproc/fcitx-table-other
textproc/fcitx5
textproc/fcitx5-configtool
textproc/fcitx5-gtk
textproc/fcitx5-lua
textproc/fcitx5-qt
textproc/fcitx5-qt@qt6
textproc/kdiff3
textproc/kf6-kcodecs
textproc/kf6-sonnet
textproc/kf6-syntax-highlighting
textproc/kompare
textproc/kreport
textproc/libkolabxml
textproc/libkomparediff2
textproc/markdownpart
textproc/minixmlto
textproc/obsidian
textproc/py-charset-normalizer@all
textproc/qt5-xml
textproc/qt5-xmlpatterns
textproc/raptor2
textproc/rasqal
textproc/redland
textproc/redland-bindings
textproc/uim-qt5
textproc/zxing-cpp
www/choqok
www/chromium
www/cutelyst
www/epiphany
www/falkon
www/falkon@all
www/firefox
www/firefox-esr
www/kf6-khtml
www/kf6-kjs
www/kf6-kjsembed
www/librewolf
www/otter-browser
www/phpvirtualbox
www/plasma6-plasma-browser-integration
www/py-qt5-webengine
www/qt5-webchannel
www/qt5-webengine
www/qt5-webglplugin
www/qt5-websockets
www/qt5-websockets-qml
www/qt5-webview
www/qt6-webchannel
www/qt6-websockets
www/qutebrowser
www/rubygem-raphael-rails
x11-clocks/kteatime
x11-clocks/ktimer
x11-fm/dolphin
x11-fm/konqueror
x11-fm/krusader2
x11-fm/pcmanfm-qt
x11-fonts/alef
x11-fonts/amigafonts
x11-fonts/anonymous-pro
x11-fonts/cascadia-code
x11-fonts/consolamono-ttf
x11-fonts/droid-fonts-ttf
x11-fonts/fantasque-sans-mono
x11-fonts/fnt
x11-fonts/font-awesome
x11-fonts/font-gost
x11-fonts/freefont-ttf
x11-fonts/gentium
x11-fonts/gentium-book
x11-fonts/gentium-plus-compact
x11-fonts/hack-font
x11-fonts/inconsolata-ttf
x11-fonts/nerd-fonts
x11-fonts/office-code-pro
x11-fonts/open-sans
x11-fonts/oxygen-fonts
x11-fonts/powerline-fonts
x11-fonts/source-code-pro-ttf
x11-fonts/source-sans-ttf
x11-fonts/source-serif-ttf
x11-fonts/stix-fonts
x11-fonts/sudo-font
x11-fonts/terminus-ttf
x11-fonts/urwfonts-ttf
x11-fonts/victor-mono-ttf
x11-fonts/vollkorn-ttf
x11-fonts/webfonts
x11-servers/xorg-server@all
x11-themes/adwaita-icon-theme
x11-themes/adwaita-qt5
x11-themes/adwaita-qt6
x11-themes/ant-dracula-theme
x11-themes/cursor-chameleon-anthracite
x11-themes/cursor-chameleon-darkskyblue
x11-themes/cursor-chameleon-pearl
x11-themes/cursor-chameleon-skyblue
x11-themes/cursor-chameleon-white
x11-themes/cursor-crystal-theme
x11-themes/freebsd-8k-wallpapers
x11-themes/freebsd-8k-wallpapers-kde
x11-themes/gtk-oxygen-engine
x11-themes/gtk-xfce-engine
x11-themes/gtk3-oxygen-engine
x11-themes/gtk3-unico-engine
x11-themes/kde-icons-black-and-white
x11-themes/kde-icons-gartoon-blue-svg
x11-themes/kde-icons-gartoon-svg
x11-themes/kde-icons-graphite-rade8
x11-themes/kde-icons-lime-rade8
x11-themes/kde-icons-lush
x11-themes/kde-icons-noia
x11-themes/kde-icons-nuovext2
x11-themes/kde-icons-nuvola
x11-themes/kf6-breeze-icons
x11-themes/kf6-kemoticons
x11-themes/kf6-kiconthemes
x11-themes/kf6-oxygen-icons5
x11-themes/kf6-qqc2-desktop-style
x11-themes/Kvantum
x11-themes/Kvantum@all
x11-themes/lxqt-themes
x11-themes/nordic-theme
x11-themes/plasma6-breeze
x11-themes/plasma6-breeze-gtk
x11-themes/plasma6-kde-gtk-config
x11-themes/plasma6-oxygen
x11-themes/plasma6-plasma-workspace-wallpapers
x11-themes/qt5-style-plugins
x11-themes/qtcurve
x11-themes/qtcurve-gtk2
x11-themes/qtcurve-kf6
x11-themes/qtcurve-qt5
x11-themes/qtcurve-utils
x11-themes/sddm-freebsd-black-theme
x11-themes/slim-freebsd-black-theme
x11-themes/slim-freebsd-themes
x11-themes/slim-themes
x11-themes/wallpapers-freebsd-kde
x11-themes/xfce-icons-elementary
x11-toolkits/kf6-attica
x11-toolkits/kf6-kcompletion
x11-toolkits/kf6-kconfigwidgets
x11-toolkits/kf6-kdesignerplugin
x11-toolkits/kf6-kguiaddons
x11-toolkits/kf6-kirigami2
x11-toolkits/kf6-kitemviews
x11-toolkits/kf6-kjobwidgets
x11-toolkits/kf6-ktextwidgets
x11-toolkits/kf6-kwidgetsaddons
x11-toolkits/kf6-kxmlgui
x11-toolkits/kproperty
x11-toolkits/plasma6-kdeplasma-addons
x11-toolkits/py-qt5-chart
x11-toolkits/py-qt5-chart@all
x11-toolkits/py-tkinter@all
x11-toolkits/qml-box2d
x11-toolkits/qt5-charts
x11-toolkits/qt5-datavis3d
x11-toolkits/qt5-declarative
x11-toolkits/qt5-declarative-test
x11-toolkits/qt5-gamepad
x11-toolkits/qt5-gui
x11-toolkits/qt5-quick3d
x11-toolkits/qt5-quickcontrols
x11-toolkits/qt5-quickcontrols2
x11-toolkits/qt5-quicktimeline
x11-toolkits/qt5-uiplugin
x11-toolkits/qt5-virtualkeyboard
x11-toolkits/qt5-widgets
x11-toolkits/qt6-charts
x11-toolkits/qt6-datavis3d
x11-toolkits/qt6-declarative
x11-toolkits/qt6-quick3d
x11-toolkits/qt6-quicktimeline
x11-toolkits/qt6-shadertools
x11-toolkits/qt6-virtualkeyboard
x11-toolkits/shared-desktop-ontologies
x11-wm/kwinft
x11-wm/lxqt
x11-wm/lxqt-panel
x11-wm/lxqt-session
x11-wm/plasma6-kdecoration
x11-wm/plasma6-kwin
x11/budgie
x11/coreterminal
x11/disman
x11/docker-tray
x11/gdm
x11/kde-baseapps
x11/kde5
x11/kdisplay
x11/kf6-frameworkintegration
x11/kf6-frameworks
x11/kf6-kactivities
x11/kf6-kactivities-stats
x11/kf6-kded
x11/kf6-kdelibs4support
x11/kf6-kglobalaccel
x11/kf6-kinit
x11/kf6-krunner
x11/kf6-kwayland
x11/kf6-kwindowsystem
x11/kf6-plasma-framework
x11/konsole
x11/libfakekey
x11/lightdm-gtk-greeter-settings
x11/lxqt-about
x11/lxqt-globalkeys
x11/lxqt-runner
x11/numlockx
x11/plasma-wayland-protocols
x11/plasma6-kactivitymanagerd
x11/plasma6-kgamma5
x11/plasma6-kscreen
x11/plasma6-kwayland-integration
x11/plasma6-layer-shell-qt
x11/plasma6-libkscreen
x11/plasma6-plasma
x11/plasma6-plasma-desktop
x11/plasma6-plasma-integration
x11/plasma6-plasma-workspace
x11/py-pyvirtualdisplay@all
x11/qt5-qev
x11/qt5-x11extras
x11/qterminal
x11/rsibreak
x11/screengrab
x11/sddm
x11/slick-greeter
x11/slim
x11/xcb-imdkit
x11/xdm
x11/xfce4-docklike-plugin
x11/xsnow
x11/yakuake
