accessibility/kdeaccessibility
accessibility/kmag
accessibility/kmousetool
accessibility/kmouth
accessibility/libqaccessibilityclient
accessibility/qt5-speech
archivers/7-zip
archivers/arj
archivers/ark
archivers/dpkg
archivers/kf5-karchive
archivers/lxqt-archiver
archivers/php-zstd@all
archivers/ppmd
archivers/quazip
archivers/quazip@all
archivers/rar
archivers/rpm4
archivers/sharutils
archivers/unace
archivers/unarj
archivers/unrar
archivers/unrar-iconv
archivers/zstd
archivers/zutils
astro/indiwebmanagerapp
astro/kosmindoormap
astro/kstars
astro/marble
audio/alsa-plugins
audio/alsa-sndio
audio/alsa-utils
audio/audiocd-kio
audio/cantata
audio/drumstick
audio/elisa
audio/juk
audio/kid3@all
audio/kmix
audio/kwave
audio/libkcddb
audio/libkcompactdisc
audio/libmysofa
audio/musicpd
audio/ncmpc
audio/ncmpcpp
audio/ncpamixer
audio/oss
audio/pamixer
audio/pavucontrol
audio/pavucontrol-qt
audio/pc-mixer
audio/plasma5-plasma-pa
audio/pt2-clone
audio/pulseaudio-module-sndio
audio/pulseaudio-module-xrdp
audio/pulseaudio-qt
audio/quimup
audio/sonivox-eas
audio/spotify-qt
audio/strawberry
audio/zrythm
benchmarks/kdiskmark
cad/ktechlab
cad/qelectrotech
comms/iwmbt-firmware
comms/minicom
comms/qt5-connectivity
comms/qt5-sensors
comms/qt5-serialbus
comms/qt5-serialport
comms/usbmuxd
converters/base64
converters/enca
converters/iconv
converters/iconv-extra
converters/libiconv
converters/rcctools
converters/recode
converters/unix2dos
converters/uudeview
databases/akonadi
databases/autobackupmysql
databases/dbf
databases/kbibtex
databases/kdb
databases/kexi
databases/libiodbc
databases/memcached
databases/mysql84-client
databases/mysql84-server
databases/mysqlbackup
databases/mysqlreport
databases/mysqlsla
databases/mysqltuner
databases/p5-DBD-SQLite
databases/pecl-memcache@all
databases/percona-toolkit
databases/pgadmin3
databases/pgbarman
databases/phpliteadmin@all
databases/phpminiadmin@all
databases/phpmyadmin@all
databases/phpmyadmin5@all
databases/phppgadmin@all
databases/postgresql16-contrib
databases/postgresql16-plperl
databases/postgresql16-plpython
databases/postgresql16-pltcl
databases/postgresql16-server
databases/proftpd-mod_sql_mysql
databases/proftpd-mod_sql_odbc
databases/proftpd-mod_sql_postgres
databases/proftpd-mod_sql_sqlite
databases/proftpd-mod_sql_tds
databases/py-dbutils@all
databases/py-gdbm@all
databases/py-mycli@all
databases/py-mysqlclient@all
databases/py-rrdtool@all
databases/py-sqlite3@all
databases/qt5-sql
databases/redis
databases/sqlite3@all
databases/sqlitebrowser
databases/sqlitemanager
databases/sqlitestudio
deskutils/akonadi-calendar-tools
deskutils/akonadi-import-wizard
deskutils/akonadiconsole
deskutils/akregator
deskutils/basket
deskutils/birdtray
deskutils/bookworm
deskutils/calibre
deskutils/calindori
deskutils/coolreader
deskutils/copyq@all
deskutils/fbreader
deskutils/grantlee-editor
deskutils/grantleetheme
deskutils/growl-for-linux
deskutils/itinerary
deskutils/kaddressbook
deskutils/kalarm
deskutils/kcharselect
deskutils/kchmviewer
deskutils/kdeconnect-kde
deskutils/kdepim
deskutils/kdepim-addons
deskutils/kdepim-runtime
deskutils/keditbookmarks
deskutils/kfind
deskutils/kmail
deskutils/kmail-account-wizard
deskutils/knotes
deskutils/kodaskanna
deskutils/kongress
deskutils/kontact
deskutils/korganizer
deskutils/kronometer
deskutils/kruler
deskutils/ktimetracker
deskutils/kuserfeedback
deskutils/latte-dock
deskutils/libkdepim
deskutils/lxqt-notificationd
deskutils/maliit-framework
deskutils/maliit-keyboard
deskutils/mbox-importer
deskutils/merkuro
deskutils/nextcloudclient
deskutils/owncloudclient
deskutils/pim-data-exporter
deskutils/pim-sieve-editor
deskutils/plasma5-milou
deskutils/plasma5-sddm-kcm
deskutils/plasma5-xdg-desktop-portal-kde
deskutils/presage
deskutils/qownnotes
deskutils/qtfeedback
deskutils/semantik
deskutils/syncthingtray
deskutils/virt-manager
deskutils/zanshin
devel/appstream-qt@all
devel/arcanist@all
devel/atf
devel/bmkdep
devel/boost-all
devel/boost-python-libs@all
devel/ccache
devel/cervisia
devel/clazy
devel/cmake
devel/cmake-doc
devel/cmake-gui
devel/cmakedoc
devel/dolphin-plugins
devel/doxygen
devel/elf-dissector
devel/eric6@all
devel/fnc
devel/fossil
devel/gammaray
devel/gdb
devel/git
devel/git-extras
devel/git-gui
devel/git-lab
devel/git-lfs
devel/gitg
devel/glibmm
devel/glibmm26
devel/grantlee5
devel/heaptrack
devel/injeqt
devel/ipython@all
devel/jenkins
devel/kapptemplate
devel/kcachegrind
devel/kdbg
devel/kde-dev-scripts
devel/kde-dev-utils
devel/kdesdk
devel/kdesdk-thumbnailers
devel/kdesvn
devel/kdev-php
devel/kdev-python
devel/kdevelop
devel/kdevelop-pg-qt
devel/kf5-extra-cmake-modules
devel/kf5-kapidox
devel/kf5-kauth
devel/kf5-kbookmarks
devel/kf5-kcmutils
devel/kf5-kconfig
devel/kf5-kcoreaddons
devel/kf5-kcrash
devel/kf5-kdbusaddons
devel/kf5-kdeclarative
devel/kf5-kdoctools
devel/kf5-kfilemetadata
devel/kf5-ki18n
devel/kf5-kidletime
devel/kf5-kio
devel/kf5-kitemmodels
devel/kf5-knewstuff
devel/kf5-knotifications
devel/kf5-knotifyconfig
devel/kf5-kpackage
devel/kf5-kparts
devel/kf5-kpeople
devel/kf5-kpty
devel/kf5-kservice
devel/kf5-ktexteditor
devel/kf5-kunitconversion
devel/kf5-solid
devel/kf5-threadweaver
devel/kio-extras
devel/kirigami-gallery
devel/kommit
devel/kpublictransport
devel/ktextaddons
devel/kyua
devel/lazygit
devel/libclc
devel/libdbusmenu-qt@all
devel/liblxqt
devel/libmaa
devel/libphonenumber
devel/libsigrokdecode
devel/libuv
devel/llvm
devel/lutok
devel/lmdbg
devel/lokalize
devel/mercurial
devel/meson
devel/mk-configure
devel/muon
devel/nasm
devel/ninja
devel/nspr
devel/okteta
devel/paexec
devel/pear
devel/phabricator@all
devel/php-composer@all
devel/plasma5-khotkeys
devel/plasma5-kwrited
devel/plasma5-plasma-sdk
devel/poxml
devel/py-buildbot@all
devel/py-clang@all
devel/py-gobject3@all
devel/py-grpcio@all
devel/py-pip-api@all
devel/py-qt5-pyqt@all
devel/py-qt5-qscintilla2@all
devel/py-qt5-sip@all
devel/py-qt5@all
devel/py-qt6@all
devel/py-qt6-pyqt@all
devel/py-qt6-qscintilla2@all
devel/py-qt6-sip@all
devel/py-qtbuilder@all
devel/py-sip@all
devel/py-subversion@all
devel/py-tox@all
devel/py-xdg@all
devel/pyside2-tools
devel/pyside2@all
devel/qca@all
devel/qcoro
devel/qjson
devel/qscintilla2-designerplugin@all
devel/qscintilla2@all
devel/qt-maybe
devel/qt5
devel/qt5-assistant
devel/qt5-buildtools
devel/qt5-concurrent
devel/qt5-core
devel/qt5-dbus
devel/qt5-designer
devel/qt5-help
devel/qt5-linguist
devel/qt5-linguisttools
devel/qt5-location
devel/qt5-qdbus
devel/qt5-qdbusviewer
devel/qt5-qdoc
devel/qt5-qdoc-data
devel/qt5-qmake
devel/qt5-remoteobjects
devel/qt5-script
devel/qt5-scripttools
devel/qt5-scxml
devel/qt5-testlib
devel/qt5-uitools
devel/qt6
devel/qtcreator
devel/rttr
devel/ruby-gems
devel/samurai
devel/shiboken2
devel/subversion
devel/svn2git
devel/swig
devel/tig
devel/umbrello
devel/xdg-user-dirs
devel/xsd
devel/zeal
dns/adns
dns/bind-tools
dns/bind920
dns/c-ares
dns/dnsmasq
dns/kf5-kdnssd
dns/nsd
dns/nss_mdns
dns/nss_resinit
dns/powerdns
dns/powerdns-recursor
dns/unbound
editors/calligra
editors/calligraplan
editors/focuswriter
editors/hexedit
editors/kate
editors/kile
editors/lazarus
editors/lazarus-qt5
editors/lazarus-qt6
editors/lazarus-devel
editors/lazarus-devel-qt5
editors/lazarus-devel-qt6
editors/libreoffice
editors/libreoffice-i18n
editors/ne
editors/neovim
editors/neovim-qt
editors/turbo
editors/vim@all
emulators/open-vm-tools@all
emulators/virtualbox-ose
emulators/virtualbox-ose-additions
emulators/wine
emulators/wine-devel
emulators/wine-mono
emulators/wine-mono-devel
emulators/wine-proton
finance/alkimia
finance/kmymoney
finance/kraft
finance/skrooge
ftp/curl
ftp/proftpd-mod_vroot
ftp/wget
games/auralquiz
games/blinken
games/bomber
games/bovo
games/connectagram
games/gcompris-qt
games/gottet
games/granatier
games/hexalate
games/kanagram
games/kapman
games/katomic
games/kblackbox
games/kblocks
games/kbounce
games/kbreakout
games/kdegames
games/kdiamond
games/kfourinline
games/kgoldrunner
games/khangman
games/kigo
games/killbots
games/kiriki
games/kjumpingcube
games/klickety
games/klines
games/kmahjongg
games/kmines
games/knavalbattle
games/knetwalk
games/knights
games/kolf
games/kollision
games/konquest
games/kpat
games/kreversi
games/kshisen
games/ksirk
games/ksnakeduel
games/kspaceduel
games/ksquares
games/ksudoku
games/ktuberling
games/kubrick
games/libkdegames
games/libkmahjongg
games/lskat
games/palapeli
games/peg-e
games/picmi
games/simsu
games/tanglet
games/tetzle
graphics/blender
graphics/darktable
graphics/digikam
graphics/drawpile
graphics/drm-kmod
graphics/evince
graphics/filmulator
graphics/fotocx
graphics/frei0r-plugins
graphics/gimp
graphics/gimp-beautify-plugin
graphics/gimp-data-extras
graphics/gimp-jxl-plugin
graphics/gimp-lensfun-plugin
graphics/gimp-lqr-plugin
graphics/gimp-refocus-plugin
graphics/gimp-resynthesizer
graphics/gmic
graphics/gmic-qt@all
graphics/gpu-firmware-amd-kmod@all
graphics/gpu-firmware-kmod
graphics/gpu-firmware-radeon-kmod@all
graphics/gwenview
graphics/hugin
graphics/inkscape
graphics/kamera
graphics/kamerka
graphics/katarakt
graphics/kcolorchooser
graphics/kcolorpicker@all
graphics/kdegraphics
graphics/kdegraphics-mobipocket
graphics/kdegraphics-svgpart
graphics/kdegraphics-thumbnailers
graphics/kdiagram
graphics/kf5-kimageformats
graphics/kf5-kplotting
graphics/kf5-kquickcharts
graphics/kf5-prison
graphics/kgeotag
graphics/kgraphviewer
graphics/kimageannotator@all
graphics/kimagemapeditor
graphics/kipi-plugins
graphics/klatexformula
graphics/kolourpaint
graphics/kontrast
graphics/kooka
graphics/kphotoalbum
graphics/kqtquickcharts
graphics/kquickimageeditor
graphics/krita
graphics/krita-gmic-plugin
graphics/kseexpr
graphics/ksnip
graphics/kxstitch
graphics/libkdcraw
graphics/libkexiv2
graphics/libkipi
graphics/libksane
graphics/mesa-gallium-va
graphics/mesa-gallium-vdpau
graphics/mesa-gallium-xa
graphics/okular
graphics/ospray-studio
graphics/pecl-imagick@all
graphics/peruse
graphics/photivo
graphics/photoqt
graphics/poppler
graphics/poppler-data
graphics/poppler-glib
graphics/poppler-qt5
graphics/poppler-qt6
graphics/poppler-utils
graphics/py-openshadinglanguage@all
graphics/qt5-3d
graphics/qt5-graphicaleffects
graphics/qt5-imageformats
graphics/qt5-opengl
graphics/qt5-pixeltool
graphics/qt5-svg
graphics/qt5-wayland
graphics/rawstudio
graphics/rawtherapee
graphics/seexpr
graphics/showimage
graphics/skanlite
graphics/skanpage
graphics/spectacle
graphics/tesseract
graphics/ufraw
graphics/wrapland
graphics/zathura-djvu
graphics/zathura-pdf-mupdf
graphics/zathura-pdf-poppler
graphics/zathura-ps
irc/konversation
irc/kvirc
irc/quassel
irc/quassel-core
irc/weechat
japanese/kiten
java/openjdk11
java/openjdk11-jre
java/openjdk17
java/openjdk17-jre
java/openjdk18
java/openjdk19
java/openjdk8
java/openjdk8-jre
lang/duktape
lang/fpc
lang/kf5-kross
lang/kross-interpreters
lang/kturtle
lang/lfortran
lang/luajit
lang/php81-extensions
lang/php82-extensions
lang/php83-extensions
lang/php84-extensions
lang/python
lang/python2
lang/python3
lang/runawk
lang/rust
mail/abook
mail/astroid
mail/dbmail
mail/dovecot-fts-xapian
mail/dovecot-pigeonhole
mail/dspam
mail/exim
mail/exim-doc-html
mail/exim-doc-pdf
mail/exim-doc-postscript
mail/exim-monitor
mail/exim-sa-exim
mail/fetchmail
mail/lookout
mail/mutt
mail/neomutt
mail/nextcloud-mail@all
mail/opensmtpd
mail/opensmtpd-extras
mail/opensmtpd-filter-rspamd
mail/opensmtpd-filter-senderscore
mail/procmail
mail/rainloop@all
mail/razor-agents
mail/roundcube-automatic_addressbook@all
mail/roundcube-carddav@all
mail/roundcube-classic@all
mail/roundcube-contextmenu@all
mail/roundcube-html5_notifier@all
mail/roundcube-larry@all
mail/roundcube-login_info@all
mail/roundcube-sauserprefs@all
mail/roundcube-thunderbird_labels@all
mail/roundcube-veximaccountadmin@all
mail/roundcube@all
mail/rspamd
mail/rspamd-devel
mail/sa-utils
mail/snappymail@all
mail/spamass-ixhash
mail/spamass-rules
mail/spamassassin
mail/spamd
mail/sympa
mail/thunderbird
mail/thunderbird-dictionaries
mail/vexim@all
math/analitza
math/cantor
math/eigen3
math/facile
math/gmm++
math/kalgebra
math/kalk
math/kbruch
math/kcalc
math/kig
math/kmplot
math/labplot
math/qalculate-qt@all
math/rkward
math/rocs
misc/artikulate
misc/bibletime
misc/colortail
misc/far2l
misc/freebsd-doc-all
misc/kde-thumbnailer-chm
misc/kde-thumbnailer-epub
misc/kde-thumbnailer-fb2
misc/kdeedu
misc/kdeedu-data
misc/kdeutils
misc/kf5-purpose
misc/kgeography
misc/klettres
misc/kookbook
misc/ktouch
misc/kwordquiz
misc/libkeduvocdocument
misc/mc
misc/parley
misc/py-powerline-status@all
misc/qt5-doc
misc/qt5-examples
misc/qt5-l10n
misc/qt6-doc
misc/tellico
multimedia/dragon
multimedia/gnome-mplayer
multimedia/gstreamer1-plugins-all
multimedia/haruna
multimedia/kaffeine
multimedia/kamoso
multimedia/kdemultimedia
multimedia/kdemultimedia-ffmpegthumbs
multimedia/kdenlive
multimedia/kf5-kmediaplayer
multimedia/mlt7
multimedia/mlt7-glaxnimate
multimedia/mlt7-qt@all
multimedia/phonon
multimedia/phonon-designerplugin
multimedia/phonon-vlc
multimedia/qmmp-plugin-pack-qt5
multimedia/qmmp-plugin-pack-qt6
multimedia/qmmp-qt5
multimedia/qmmp-qt6
multimedia/qt5-multimedia
multimedia/smplayer
multimedia/smplayer-skins
multimedia/smplayer-themes
multimedia/subtitlecomposer
multimedia/svt-av1
multimedia/svt-hevc
multimedia/svt-vp9
multimedia/vlc
net-im/cutegram
net-im/finch
net-im/kaccounts-integration
net-im/kaccounts-providers
net-im/kaidan
net-im/kopete
net-im/libaccounts-glib
net-im/libaccounts-qt@all
net-im/libsignon-glib
net-im/neochat
net-im/pidgin-skypeweb
net-im/psi
net-im/qTox
net-im/quaternion
net-im/qxmpp@all
net-im/ruqola
net-im/telegram-cli
net-im/telegram-desktop@all
net-im/telepathy-accounts-signon
net-im/telepathy-logger-qt5
net-im/telepathy-qt
net-im/toot
net-im/toxic
net-mgmt/hastmon
net-mgmt/iftop
net-mgmt/mac-telnet
net-mgmt/networkmgr
net-p2p/ktorrent
net-p2p/libktorrent
net-p2p/qbittorrent
net-p2p/transmission@all
net-p2p/transmission-remote-gui
net/akonadi-calendar
net/akonadi-contacts
net/akonadi-mime
net/akonadi-notes
net/akonadi-search
net/asterisk18
net/calendarsupport
net/dhcpcd-ui
net/eventviews
net/gitup
net/incidenceeditor
net/isc-dhcp44-client
net/isc-dhcp44-server
net/kcalutils
net/kdenetwork
net/kdenetwork-filesharing
net/kea
net/kf5-kcalendarcore
net/kf5-kcontacts
net/kf5-kdav
net/kf5-kholidays
net/kf5-kxmlrpcclient
net/kf5-syndication
net/kget
net/kidentitymanagement
net/kimap
net/kio-gdrive
net/kio-zeroconf
net/kitinerary
net/kldap
net/kmailtransport
net/kmbox
net/kmime
net/kontactinterface
net/kpeoplevcard
net/kpimtextedit
net/krdc
net/krfb
net/ksmtp
net/ktnef
net/libgravatar
net/libkgapi
net/libksieve
net/libmaia
net/libmediawiki
net/libproxy-kde
net/mailcommon
net/mailimporter
net/messagelib
net/mpd5
net/ntp
net/onedrive
net/openldap26-server
net/openntpd
net/openradius
net/phpldapadmin@all
net/pimcommon
net/proftpd-mod_ldap
net/py-qt5-networkauth
net/qoauth-qt5
net/qt5-network
net/qt5-networkauth
net/qt6-networkauth
net/samba419
net/smb4k
net/spoofdpi
net/trafshow
net/wireguard-tools@all
net/xrdp
net/yggdrasil
ports-mgmt/bsdadminscripts2
ports-mgmt/distilator
ports-mgmt/freebsd-bugzilla-cli
ports-mgmt/octopkg
ports-mgmt/pkg_replace
ports-mgmt/pkg-appstream
ports-mgmt/pkg-graph
ports-mgmt/portgrep
ports-mgmt/portlint
ports-mgmt/ports-tools
ports-mgmt/porttools
ports-mgmt/poudriere
ports-mgmt/poudriere-devel
ports-mgmt/synth
print/cups-filters
print/cups-pdf
print/epson-inkjet-printer-escpr2
print/hplip-plugin
print/kde_poster
print/print-manager
print/py-frescobaldi
print/qt5-printsupport
russian/aspell
russian/eric6
russian/hunspell
russian/hyphen
russian/mythes
russian/rubygem-russian
russian/wordpress@all
science/kalzium
science/kst2
science/pulseview
science/sigrok-cli
science/step
security/acme.sh
security/acmetool
security/clamav
security/doas
security/expiretable
security/gnupg
security/gost-engine
security/gpg-gui
security/gpgme
security/keychain
security/keysmith
security/kf5-kdesu
security/kgpg
security/kleopatra
security/kpkpass
security/kwalletmanager
security/libkleo
security/libressl@all
security/libretls
security/lxqt-openssh-askpass
security/lxqt-sudo
security/modsecurity3-nginx
security/nextcloud-passman@all
security/nextcloud-twofactor_webauthn@all
security/nmap
security/nss
security/openconnect-freebsd-daemon
security/openconnect-gui
security/openssh-askpass
security/openssh-portable@all
security/openvpn
security/openvpn-admin
security/openvpn-auth-ldap
security/openvpn-auth-radius
security/openvpn-devel
security/pam_kde
security/pinentry
security/pinentry-curses
security/pinentry-gnome
security/pinentry-qt5
security/pinentry-tty
security/plasma5-kscreenlocker
security/plasma5-ksshaskpass
security/plasma5-kwallet-pam
security/proftpd-mod_clamav
security/putty
security/putty-nogtk
security/py-acme-tiny@all
security/py-acme@all
security/py-certbot-apache@all
security/py-certbot-dns-cloudflare@all
security/py-certbot-dns-cpanel@all
security/py-certbot-dns-digitalocean@all
security/py-certbot-dns-dnsimple@all
security/py-certbot-dns-dnsmadeeasy@all
security/py-certbot-dns-gehirn@all
security/py-certbot-dns-google@all
security/py-certbot-dns-linode@all
security/py-certbot-dns-luadns@all
security/py-certbot-dns-nsone@all
security/py-certbot-dns-ovh@all
security/py-certbot-dns-powerdns@all
security/py-certbot-dns-rfc2136@all
security/py-certbot-dns-route53@all
security/py-certbot-dns-sakuracloud@all
security/py-certbot-nginx@all
security/py-gpgme
security/qtkeychain@all
security/sshguard
security/ssl-admin
security/sudo
security/teleport
security/veracrypt
security/vuxml
shells/bash-completion
shells/bash-static
shells/bashc
shells/git-prompt.zsh
shells/ion
shells/ohmyzsh
shells/pear-PHP_Shell@all
shells/tcshrc
shells/zsh-antigen
shells/zsh-autosuggestions
shells/zsh-completions
shells/zsh-navigation-tools
shells/zsh-syntax-highlighting
sysutils/accounts-qml-module
sysutils/android-file-transfer
sysutils/android-file-transfer-qt5
sysutils/apachetop
sysutils/atop
sysutils/baloo-widgets
sysutils/bareos-client
sysutils/bareos-server
sysutils/bareos-traymonitor
sysutils/bashtop
sysutils/bastille
sysutils/beadm
sysutils/bhyve-firmware
sysutils/bhyve-rc
sysutils/bpytop
sysutils/bsdstats
sysutils/btop
sysutils/busybox
sysutils/calamares
sysutils/cbsd
sysutils/cdrtools
sysutils/colorize
sysutils/coreutils
sysutils/daemontools
sysutils/desktop-installer
sysutils/devd-mount
sysutils/dsbmc
sysutils/dsbmc-cli
sysutils/edid-decode
sysutils/ezjail
sysutils/facter
sysutils/filelight
sysutils/froxlor@all
sysutils/getssl
sysutils/gotop
sysutils/hatop
sysutils/htop
sysutils/hw-probe
sysutils/inxi
sysutils/iocage
sysutils/ipmitool
sysutils/k3b
sysutils/k4dirstat
sysutils/kbackup
sysutils/kcron
sysutils/kdeadmin
sysutils/kdebugsettings
sysutils/kdf
sysutils/kdialog
sysutils/kf5-baloo
sysutils/kf5-kwallet
sysutils/khelpcenter
sysutils/kio-fuse
sysutils/kpmcore
sysutils/krename
sysutils/kshutdown
sysutils/ksystemlog
sysutils/lsblk
sysutils/lscpu
sysutils/lsof
sysutils/lxqt-admin
sysutils/lxqt-config
sysutils/lxqt-policykit
sysutils/lxqt-powermanagement
sysutils/lxqt-qtplugin
sysutils/mkdesktop
sysutils/monit
sysutils/ncdu
sysutils/neofetch
sysutils/osinfo-db-tools
sysutils/pam_xdg
sysutils/pass-otp
sysutils/pass-secrets
sysutils/pass-update
sysutils/password-store
sysutils/pfstat
sysutils/pftables
sysutils/pftop
sysutils/pidof
sysutils/plasma-pass
sysutils/plasma5-discover
sysutils/plasma5-drkonqi
sysutils/plasma5-kde-cli-tools
sysutils/plasma5-kinfocenter
sysutils/plasma5-kmenuedit
sysutils/plasma5-ksysguard
sysutils/plasma5-ksystemstats
sysutils/plasma5-libksysguard
sysutils/plasma5-plasma-disks
sysutils/plasma5-plasma-systemmonitor
sysutils/plasma5-polkit-kde-agent-1
sysutils/plasma5-powerdevil
sysutils/plasma5-systemsettings
sysutils/polkit-qt-1
sysutils/pv
sysutils/pwd_unmkdb
sysutils/py-filelock@all
sysutils/qt5-qtdiag
sysutils/qt5-qtpaths
sysutils/qt5-qtplugininfo
sysutils/rainbarf
sysutils/screen
sysutils/signon-kwallet-extension
sysutils/signon-plugin-oauth2
sysutils/signon-ui
sysutils/signond
sysutils/sweeper
sysutils/symon
sysutils/terraform
sysutils/tmate
sysutils/tmux
sysutils/tmux-mem-cpu-load
sysutils/ttyload
sysutils/unetbootin
sysutils/usermin
sysutils/virtualmin
sysutils/vm-bhyve
sysutils/vzvol
sysutils/webmin
sysutils/zfs-periodic
sysutils/zfs-replicate
sysutils/zfs-snapshot-clean
sysutils/zfs-snapshot-mgmt
sysutils/zfs-stats
sysutils/zfs-stats-lite
sysutils/zfsnap
sysutils/zfsnap2
sysutils/zfstools
sysutils/znapzend
sysutils/zogftw
sysutils/zrep
sysutils/zrepl
textproc/bat
textproc/dikt
textproc/ebook-tools
textproc/en-aspell
textproc/en-hunspell
textproc/en-mythes
textproc/fcitx-m17n
textproc/fcitx-qt5
textproc/fcitx-table-other
textproc/fcitx5
textproc/fcitx5-configtool
textproc/fcitx5-gtk
textproc/fcitx5-lua
textproc/fcitx5-qt@all
textproc/hyphen
textproc/jade
textproc/kdiff3
textproc/kf5-kcodecs
textproc/kf5-sonnet
textproc/kf5-syntax-highlighting
textproc/kompare
textproc/kreport
textproc/libkolabxml
textproc/libkomparediff2
textproc/markdownpart
textproc/minixmlto
textproc/openjade
textproc/pecl-yaml@all
textproc/py-chardet@all
textproc/py-charset-normalizer@all
textproc/py-libxml2@all
textproc/py-pdftotext@all
textproc/py-rich@all
textproc/py-sphinx-autodoc-typehints@all
textproc/py-sphinx@all
textproc/qt5-xml
textproc/qt5-xmlpatterns
textproc/raptor2
textproc/rasqal
textproc/redland
textproc/redland-bindings
textproc/uim-qt5
textproc/zxing-cpp
www/adguardhome
www/c-icap-modules
www/choqok
www/cutelyst
www/davical@all
www/drupal7-wysiwyg@all
www/drupal7@all
www/drupal10@all
www/elinks
www/epiphany
www/falkon
www/firefox
www/foreign-cdm
www/free-sa-devel
www/gallery-dl@all
www/gallery2@all
www/hiawatha
www/joomla4@all
www/kf5-khtml
www/kf5-kjs
www/kf5-kjsembed
www/librewolf
www/lightsquid
www/links
www/linux-widevine-cdm
www/lynx
www/mod_auth_gssapi
www/mod_auth_kerb2
www/mod_auth_mysql2
www/mod_auth_openidc
www/mod_auth_pam2
www/mod_auth_pgsql2
www/mod_authn_dovecot
www/mod_dnssd
www/mod_fastcgi
www/mod_fcgid
www/mod_gnutls
www/mod_http2
www/mod_limitipconn2
www/mod_memcache
www/mod_mono
www/mod_mpm_itk
www/mod_perl2
www/mod_php81
www/mod_php82
www/mod_php83
www/mod_php84
www/mod_qos
www/mod_security
www/mod_setenvifplus
www/mod_webauth
www/mod_wsgi4@all
www/mod_xsendfile
www/moodle41@all
www/moodle43@all
www/moodle44@all
www/moodle45@all
www/nextcloud-calendar@all
www/nextcloud-contacts@all
www/nextcloud-notes@all
www/nextcloud-tasks@all
www/nginx
www/npm
www/otter-browser
www/owncloud@all
www/pecl-http@all
www/phalcon@all
www/phpvirtualbox
www/phpvirtualbox@all
www/piwigo@all
www/plasma5-plasma-browser-integration
www/py-django-cms@all
www/py-django42@all
www/py-django50@all
www/py-flask-admin@all
www/py-graphite-api@all
www/py-qt5-webengine
www/qt5-webchannel
www/qt5-webengine
www/qt5-webglplugin
www/qt5-websockets
www/qt5-websockets-qml
www/qt5-webview
www/qutebrowser
www/redmine51
www/rubygem-raphael-rails
www/sarg
www/smarty@all
www/smarty3@all
www/squid
www/squid_radius_auth
www/squidclamav
www/squidguard
www/squidview
www/suphp@all
www/tidy
www/tidy-html5
www/unit
www/unit-java
www/unit-perl
www/unit-php@all
www/unit-python@all
www/unit-ruby
www/webpy@all
www/wordpress@all
www/xoops@all
www/zenphoto@all
x11-clocks/kteatime
x11-clocks/ktimer
x11-fm/dolphin
x11-fm/doublecmd@all
x11-fm/konqueror
x11-fm/krusader2
x11-fm/pcmanfm-qt
x11-fonts/alef
x11-fonts/amigafonts
x11-fonts/anonymous-pro
x11-fonts/cascadia-code
x11-fonts/consolamono-ttf
x11-fonts/droid-fonts-ttf
x11-fonts/fantasque-sans-mono
x11-fonts/fnt
x11-fonts/font-awesome
x11-fonts/font-gost
x11-fonts/freefont-ttf
x11-fonts/gentium-basic
x11-fonts/gentium-plus
x11-fonts/google-fonts
x11-fonts/hack-font
x11-fonts/inconsolata-ttf
x11-fonts/nerd-fonts
x11-fonts/office-code-pro
x11-fonts/open-sans
x11-fonts/oxygen-fonts
x11-fonts/powerline-fonts
x11-fonts/source-code-pro-ttf
x11-fonts/source-sans-ttf
x11-fonts/source-serif-ttf
x11-fonts/stix-fonts
x11-fonts/sudo-font
x11-fonts/terminus-ttf
x11-fonts/urwfonts-ttf
x11-fonts/victor-mono-ttf
x11-fonts/vollkorn-ttf
x11-fonts/webfonts
x11-themes/adwaita-icon-theme
x11-themes/adwaita-qt5
x11-themes/adwaita-qt6
x11-themes/ant-dracula-theme
x11-themes/cursor-chameleon-anthracite
x11-themes/cursor-chameleon-darkskyblue
x11-themes/cursor-chameleon-pearl
x11-themes/cursor-chameleon-skyblue
x11-themes/cursor-chameleon-white
x11-themes/cursor-crystal-theme
x11-themes/freebsd-8k-wallpapers
x11-themes/freebsd-8k-wallpapers-kde
x11-themes/gtk-oxygen-engine
x11-themes/gtk-xfce-engine
x11-themes/gtk3-oxygen-engine
x11-themes/gtk3-unico-engine
x11-themes/kde-icons-black-and-white
x11-themes/kde-icons-nuovext2
x11-themes/kf5-breeze-icons
x11-themes/kf5-kemoticons
x11-themes/kf5-kiconthemes
x11-themes/kf5-oxygen-icons5
x11-themes/kf5-qqc2-desktop-style
x11-themes/Kvantum
x11-themes/Kvantum@all
x11-themes/lxqt-themes
x11-themes/nordic-theme
x11-themes/plasma5-breeze
x11-themes/plasma5-breeze-gtk
x11-themes/plasma5-kde-gtk-config
x11-themes/plasma5-oxygen
x11-themes/plasma5-plasma-workspace-wallpapers
x11-themes/qt5-style-plugins
x11-themes/qtcurve
x11-themes/qtcurve-gtk2
x11-themes/qtcurve-kf5
x11-themes/qtcurve-qt5
x11-themes/qtcurve-utils
x11-themes/sddm-freebsd-black-theme
x11-themes/slim-freebsd-black-theme
x11-themes/slim-freebsd-themes
x11-themes/slim-themes
x11-themes/wallpapers-freebsd-kde
x11-themes/xfce-icons-elementary
x11-toolkits/kf5-attica
x11-toolkits/kf5-kcompletion
x11-toolkits/kf5-kconfigwidgets
x11-toolkits/kf5-kdesignerplugin
x11-toolkits/kf5-kguiaddons
x11-toolkits/kf5-kirigami2
x11-toolkits/kf5-kitemviews
x11-toolkits/kf5-kjobwidgets
x11-toolkits/kf5-ktextwidgets
x11-toolkits/kf5-kwidgetsaddons
x11-toolkits/kf5-kxmlgui
x11-toolkits/kproperty
x11-toolkits/plasma5-kdeplasma-addons
x11-toolkits/py-qt5-chart@all
x11-toolkits/py-tkinter@all
x11-toolkits/qml-box2d
x11-toolkits/qt5-charts
x11-toolkits/qt5-datavis3d
x11-toolkits/qt5-declarative
x11-toolkits/qt5-declarative-test
x11-toolkits/qt5-gamepad
x11-toolkits/qt5-gui
x11-toolkits/qt5-quick3d
x11-toolkits/qt5-quickcontrols
x11-toolkits/qt5-quickcontrols2
x11-toolkits/qt5-quicktimeline
x11-toolkits/qt5-uiplugin
x11-toolkits/qt5-virtualkeyboard
x11-toolkits/qt5-widgets
x11-toolkits/shared-desktop-ontologies
x11-wm/lxqt
x11-wm/lxqt-panel
x11-wm/lxqt-session
x11-wm/plasma5-kdecoration
x11-wm/plasma5-kwin
x11-wm/theseus-ship
x11/coreterminal
x11/disman
x11/docker-tray
x11/gtk-app-menu
x11/kde-baseapps
x11/kde5
x11/kdisplay
x11/kf5-frameworkintegration
x11/kf5-frameworks
x11/kf5-kactivities
x11/kf5-kactivities-stats
x11/kf5-kded
x11/kf5-kdelibs4support
x11/kf5-kglobalaccel
x11/kf5-kinit
x11/kf5-krunner
x11/kf5-kwayland
x11/kf5-kwindowsystem
x11/kf5-plasma-framework
x11/konsole
x11/libfakekey
x11/lightdm-gtk-greeter-settings
x11/lxqt-about
x11/lxqt-globalkeys
x11/lxqt-runner
x11/numlockx
x11/plasma-wayland-protocols
x11/plasma5-kactivitymanagerd
x11/plasma5-kgamma5
x11/plasma5-kscreen
x11/plasma5-kwayland-integration
x11/plasma5-layer-shell-qt
x11/plasma5-libkscreen
x11/plasma5-plasma
x11/plasma5-plasma-desktop
x11/plasma5-plasma-integration
x11/plasma5-plasma-workspace
x11/qt5-qev
x11/qt5-x11extras
x11/qterminal
x11/rsibreak
x11/screengrab
x11/sddm
x11/slick-greeter
x11/slim
x11/xcb-imdkit
x11/xdm
x11/xfce4-docklike-plugin
x11/xorg
x11/xpra
x11/xpra-html5
x11/xsnow
x11/xxkb
x11/yakuake
