archivers/quazip@qt6
audio/drumstick
audio/kid3@qt6
audio/sonivox-eas
comms/qt6-sensors
comms/qt6-serialbus
comms/qt6-serialport
deskutils/copyq@qt6
devel/cmake-gui@qt6
devel/libdbusmenu-qt@qt6
devel/qca@qt6
devel/py-qt6@all
devel/qt6
devel/qt6-5compat
devel/qt6-base
devel/qt6-languageserver
devel/qt6-positioning
devel/qt6-remoteobjects
devel/qt6-scxml
devel/qt6-tools
devel/qt6-translations
editors/focuswriter
games/connectagram
games/gottet
games/hexalate
games/peg-e
games/simsu
games/tanglet
games/tetzle
graphics/poppler-qt6
graphics/qt6-3d
graphics/qt6-imageformats
graphics/qt6-lottie
graphics/qt6-svg
graphics/qt6-wayland
math/qalculate-qt@qt6
misc/qt6-doc
multimedia/qmmp-plugin-pack-qt6
multimedia/qmmp-qt6
multimedia/mlt7-qt@qt6
multimedia/qt6-multimedia
net/qt6-networkauth
net-im/telegram-desktop@qt6
security/qtkeychain@qt6
textproc/fcitx5-qt@qt6
www/qt6-webchannel
www/qt6-websockets
x11-themes/adwaita-qt6
x11-toolkits/qt6-charts
x11-toolkits/qt6-datavis3d
x11-toolkits/qt6-declarative
x11-toolkits/qt6-quick3d
x11-toolkits/qt6-quicktimeline
x11-toolkits/qt6-shadertools
x11-toolkits/qt6-virtualkeyboard
