archivers/7-zip
archivers/arj
archivers/dpkg
archivers/pecl-lzf@all
archivers/pecl-rar@all
archivers/php-brotli@all
archivers/php-lz4@all
archivers/php-snappy@all
archivers/php-zstd@all
archivers/ppmd
archivers/rar
archivers/rpm4
archivers/sharutils
archivers/unace
archivers/unarj
archivers/unrar
archivers/unrar-iconv
archivers/zstd
archivers/zutils
audio/libmysofa
audio/ncmpc
audio/ncmpcpp
audio/ncpamixer
audio/oss
audio/pamixer
comms/iwmbt-firmware
comms/minicom
comms/usbmuxd
converters/base64
converters/enca
converters/iconv-extra
converters/p5-JSON-PP
converters/rcctools
converters/recode
converters/unix2dos
converters/uudeview
databases/adodb5@all
databases/autobackupmysql
databases/dbf
databases/firebird30-client
databases/firebird30-server
databases/libpqtypes
databases/libzdb
databases/memcached
databases/mysql80-server
databases/mysqlbackup
databases/mysqlreport
databases/mysqlsla
databases/mysqltuner
databases/p5-DBD-SQLite
databases/pecl-memcache@all
databases/percona-toolkit
databases/pgadmin3
databases/pgbarman
databases/phpliteadmin@all
databases/phpminiadmin@all
databases/phpmyadmin@all
databases/phpmyadmin5@all
databases/phppgadmin@all
databases/postgresql15-contrib
databases/postgresql15-plperl
databases/postgresql15-plpython
databases/postgresql15-pltcl
databases/postgresql15-server
databases/proftpd-mod_sql_mysql
databases/proftpd-mod_sql_odbc
databases/proftpd-mod_sql_postgres
databases/proftpd-mod_sql_sqlite
databases/proftpd-mod_sql_tds
databases/py-dbutils@all
databases/py-gdbm@all
databases/py-mycli@all
databases/py-mysqlclient@all
databases/py-rrdtool@all
databases/py-sqlite3@all
databases/redis
databases/ruby-bdb
databases/sqlite3@all
databases/sqlitemanager
devel/arcanist@all
devel/boost-all
devel/boost-python-libs@all
devel/ccache
devel/cmake
devel/fossil
devel/fnc
devel/gdb
devel/git
devel/git-extras
devel/git-lfs
devel/glibmm
devel/glibmm26
devel/inih
devel/ipython@all
devel/jenkins
devel/lazygit
devel/libclc
devel/libfmt
devel/llvm
devel/llvm12@all
devel/llvm13@all
devel/llvm14@all
devel/llvm15@all
devel/llvm16@all
devel/llvm17@all
devel/maven
devel/mercurial
devel/meson
devel/meson-python@all
devel/muon
devel/nasm
devel/ninja
devel/nspr
devel/p5-Curses
devel/p5-Date-Manip
devel/p5-ExtUtils-InstallPaths
devel/p5-File-NFSLock
devel/p5-IO-Tty
devel/p5-IPC-ShareLite
devel/p5-Parallel-ForkManager
devel/p5-Task-Weaken
devel/p5-Test-Harness
devel/pear
devel/phabricator@all
devel/php-composer@all
devel/py-apipkg@all
devel/py-atomicwrites@all
devel/py-buildbot@all
devel/py-buildbot-console-view@all
devel/py-buildbot-grid-view@all
devel/py-buildbot-waterfall-view@all
devel/py-buildbot-worker@all
devel/py-buildbot-www@all
devel/py-clang@all
devel/py-configargparse@all
devel/py-coverage@all
devel/py-csv23@all
devel/py-flake8@all
devel/py-freezegun@all
devel/py-grpcio@all
devel/py-hypothesis@all
devel/py-linecache2@all
devel/py-mccabe@all
devel/py-nose@all
devel/py-pbr@all
devel/py-pip@all
devel/py-pretend@all
devel/py-prettytable@all
devel/py-py@all
devel/py-pycodestyle@all
devel/py-pympler@all
devel/py-pytest-cov@all
devel/py-pytest-forked@all
devel/py-pytest-mock@all
devel/py-pytest-rerunfailures@all
devel/py-pytest-timeout@all
devel/py-pytest-xdist@all
devel/py-pytest@all
devel/py-scripttest@all
devel/py-subversion@all
devel/py-tox@all
devel/py-traceback2@all
devel/py-unittest2@all
devel/py-xdg@all
devel/rubygem-azure_sdk
devel/rubygem-irb
devel/rubygem-rake
devel/rubygem-rdoc
devel/samurai
devel/spdlog
devel/subversion
devel/swig
devel/wasi-compiler-rt
devel/wasi-compiler-rt12
devel/wasi-compiler-rt13
devel/wasi-compiler-rt14
devel/wasi-compiler-rt15
devel/wasi-compiler-rt16
devel/wasi-compiler-rt17
devel/wasi-libc
devel/wasi-libcxx
devel/wasi-libcxx12
devel/wasi-libcxx13
devel/wasi-libcxx14
devel/wasi-libcxx15
devel/wasi-libcxx16
devel/wasi-libcxx17
dns/adns
dns/adsuck
dns/bind-tools
dns/bind916
dns/bind918
dns/dnsmasq
dns/nsd
dns/nss_mdns
dns/nss_resinit
dns/powerdns
dns/powerdns-recursor
dns/unbound
editors/hexedit
editors/le
editors/ne
editors/neovim
editors/vim@console
emulators/libc6-shim
emulators/open-vm-tools@nox11
emulators/qemu@all
emulators/qemu-user-static
emulators/qemu-user-static-devel
emulators/virtualbox-ose-kmod
emulators/virtualbox-ose-additions-nox11
emulators/virtualbox-ose-nox11
ftp/curl
ftp/proftpd-mod_vroot
ftp/wget
graphics/drm-kmod
graphics/gpu-firmware-kmod
graphics/gpu-firmware-amd-kmod@all
graphics/gpu-firmware-intel-kmod@all
graphics/gpu-firmware-radeon-kmod@all
graphics/pecl-imagick@all
irc/irssi-fish
irc/irssi-scripts
irc/quassel-core
irc/weechat
irc/znc-push
java/openjdk8
java/openjdk8-jre
java/openjdk11
java/openjdk11-jre
java/openjdk17
java/openjdk17-jre
java/openjdk18
java/openjdk19
lang/duktape
lang/fpc
lang/gcc6-aux
lang/gcc10
lang/gcc11
lang/gcc12
lang/lfortran
lang/luajit
lang/perl5.34
lang/perl5.36
lang/php80-extensions
lang/php81-extensions
lang/php82-extensions
lang/python
lang/python2
lang/python3
lang/python38
lang/python39
lang/python310
lang/python311
lang/ruby30
lang/ruby31
lang/ruby32
mail/abook
mail/bogofilter
mail/bogofilter-bdb
mail/bogofilter-kc
mail/bogofilter-sqlite
mail/dbmail
mail/dovecot-fts-xapian
mail/dovecot-pigeonhole
mail/dspam
mail/exim
mail/exim-doc-pdf
mail/exim-doc-html
mail/exim-doc-postscript
mail/exim-monitor
mail/exim-sa-exim
mail/fetchmail
mail/libetpan
mail/metamail
mail/mlmmj
mail/mutt
mail/neomutt
mail/nextcloud-mail@all
mail/opensmtpd
mail/opensmtpd-extras
mail/opensmtpd-filter-rspamd
mail/opensmtpd-filter-senderscore
mail/p5-MIME-Types
mail/p5-Mail-Sendmail
mail/postfix@all
mail/postfix-policyd-sf
mail/postfix-policyd-spf-perl
mail/postfix-policyd-weight
mail/postfix-postfwd
mail/postfixadmin@all
mail/postgrey
mail/postsrsd
mail/procmail
mail/py-spf-engine
mail/rainloop@all
mail/razor-agents
mail/roundcube@all
mail/roundcube-automatic_addressbook@all
mail/roundcube-carddav@all
mail/roundcube-classic@all
mail/roundcube-contextmenu@all
mail/roundcube-html5_notifier@all
mail/roundcube-larry@all
mail/roundcube-login_info@all
mail/roundcube-sauserprefs@all
mail/roundcube-thunderbird_labels@all
mail/roundcube-veximaccountadmin@all
mail/rspamd
mail/rspamd-devel
mail/sa-utils
mail/snappymail@all
mail/spamass-ixhash
mail/spamass-rules
mail/spamassassin
mail/spamd
mail/sympa
mail/vexim@all
math/z3
misc/colortail
misc/compat10x
misc/compat11x
misc/compat12x
misc/deco
misc/far2l
misc/freebsd-doc-all
misc/mc
misc/mc-nox11
misc/py-powerline-status
misc/sfm
net-im/finch
net-im/telegram-purple
net-mgmt/argus3
net-mgmt/argus3-clients
net-mgmt/arpwatch
net-mgmt/dhcdrop
net-mgmt/icinga-php-library@all
net-mgmt/icinga2
net-mgmt/icingaweb2@all
net-mgmt/icingaweb2-module-businessprocess@all
net-mgmt/icingaweb2-module-cube@all
net-mgmt/icingaweb2-module-director@all
net-mgmt/icingaweb2-module-elasticsearch@all
net-mgmt/icingaweb2-module-fileshipper@all
net-mgmt/icingaweb2-module-generictts@all
net-mgmt/icingaweb2-module-grafana@all
net-mgmt/icingaweb2-module-graphite@all
net-mgmt/icingaweb2-module-map@all
net-mgmt/icingaweb2-module-reactbundle@all
net-mgmt/icingaweb2-module-vsphere@all
net-mgmt/iftop
net-mgmt/mac-telnet
net-mgmt/monitoring-plugins
net-mgmt/mrtg
net-mgmt/nagcon
net-mgmt/nagios
net-mgmt/nagios-certexp-plugin
net-mgmt/nagios-check_bacula9
net-mgmt/nagios-check_clamav
net-mgmt/nagios-check_cpu_usage
net-mgmt/nagios-check_dhcp.pl
net-mgmt/nagios-check_email_delivery
net-mgmt/nagios-check_hdd_health
net-mgmt/nagios-check_hp_bladechassis
net-mgmt/nagios-check_mysql_slave
net-mgmt/nagios-check_netsnmp
net-mgmt/nagios-check_ports
net-mgmt/nagios-check_postgres
net-mgmt/nagios-check_puppet
net-mgmt/nagios-check_relayd_status
net-mgmt/nagios-check_smartmon
net-mgmt/nagios-check_tftp
net-mgmt/nagios-check_zpools
net-mgmt/nagios-geom
net-mgmt/nagios-openldap-plugins
net-mgmt/nagios-pf-plugin
net-mgmt/nagios-plugins
net-mgmt/nagios-snmp-plugins
net-mgmt/nagios-snmp-plugins-extras
net-mgmt/nagiosgraph
net-mgmt/nagiosql
net-mgmt/nagios4
net-mgmt/netbox@all
net-mgmt/networkmgr
net-mgmt/observium@all
net-mgmt/ocsinventory-agent
net-mgmt/ocsinventory-ocsreports
net-mgmt/ocsinventory-server
net-mgmt/pandorafms_agent
net-mgmt/pandorafms_console
net-mgmt/pandorafms_server
net-mgmt/py-napalm@all
net-mgmt/py-napalm-logs@all
net-mgmt/py-netutils@all
net-mgmt/zabbix6-agent
net-mgmt/zabbix6-frontend@all
net-mgmt/zabbix6-java
net-mgmt/zabbix6-proxy
net-mgmt/zabbix6-server
net-mgmt/zabbix64-agent
net-mgmt/zabbix64-frontend@all
net-mgmt/zabbix64-java
net-mgmt/zabbix64-proxy
net-mgmt/zabbix64-server
net-p2p/transmission-cli
net-p2p/transmission-daemon
net/asterisk16
net/asterisk18
net/bird
net/chrony
net/cloud-init@all
net/freeradius3
net/gitup
net/gnu-radius
net/ipxe
net/isc-dhcp44-client
net/isc-dhcp44-server
net/haproxy
net/kea
net/mpd5
net/ntp
net/openbgpd
net/openbgpd6
net/openbgpd7
net/openldap26-server
net/openntpd
net/openradius
net/openvswitch
net/p5-Net-Patricia
net/p5-Socket
net/pear-Net_Nmap
net/phpldapadmin
net/proftpd-mod_ldap
net/quagga
net/radiusclient
net/rabbiteer
net/rabbitmq
net/samba416
net/sngrep
net/trafshow
net/wifibox
net/wireguard
net/wireguard-kmod
net/wireguard-tools@all
net/xrdp
net/yggdrasil
news/inn
news/leafnode
ports-mgmt/appstream-generator
ports-mgmt/bsdadminscripts2
ports-mgmt/distilator
ports-mgmt/freebsd-bugzilla-cli
ports-mgmt/pkg-graph
ports-mgmt/portgrep
ports-mgmt/portlint
ports-mgmt/ports-tools
ports-mgmt/porttools
ports-mgmt/portupgrade
ports-mgmt/portupgrade-devel
ports-mgmt/poudriere
ports-mgmt/poudriere-devel
ports-mgmt/synth
print/cups-filters
print/cups-pdf
russian/aspell
russian/hunspell
russian/hyphen
russian/mythes
russian/rubygem-russian
russian/wordpress@all
science/py-dlib@all
security/acme.sh
security/acmetool
security/clamav
security/expiretable
security/gnupg
security/gost-engine
security/gpgme
security/keychain
security/libressl@all
security/libretls
security/modsecurity3-nginx
security/nextcloud-passman@all
security/nextcloud-twofactor_webauthn@all
security/nmap
security/nss
security/openconnect-freebsd-daemon
security/openssh-askpass
security/openssh-portable@all
security/openvpn
security/openvpn-devel
security/openvpn-auth-ldap
security/openvpn-auth-radius
security/p5-Digest-GOST
security/pinentry-curses
security/pinentry-tty
security/proftpd-mod_clamav
security/py-acme@all
security/py-acme-tiny@all
security/py-certbot-apache@all
security/py-certbot-nginx@all
security/py-certbot-dns-cloudflare@all
security/py-certbot-dns-cpanel@all
security/py-certbot-dns-digitalocean@all
security/py-certbot-dns-dnsimple@all
security/py-certbot-dns-dnsmadeeasy@all
security/py-certbot-dns-gehirn@all
security/py-certbot-dns-google@all
security/py-certbot-dns-linode@all
security/py-certbot-dns-luadns@all
security/py-certbot-dns-nsone@all
security/py-certbot-dns-ovh@all
security/py-certbot-dns-powerdns@all
security/py-certbot-dns-rfc2136@all
security/py-certbot-dns-route53@all
security/py-certbot-dns-sakuracloud@all
security/py-gpgme
security/sshguard
security/ssl-admin
security/sudo
security/suricata
security/vault
security/vuxml
shells/bash-completion
shells/bash-static
shells/bashc
shells/git-prompt.zsh
shells/ion
shells/ohmyzsh
shells/pear-PHP_Shell@all
shells/tcshrc
shells/zsh-antigen
shells/zsh-autosuggestions
shells/zsh-completions
shells/zsh-navigation-tools
shells/zsh-syntax-highlighting
sysutils/ansible@all
sysutils/ansible-sysrc@all
sysutils/apachetop
sysutils/atop
sysutils/bacula9-client
sysutils/bacula9-client-static
sysutils/bacula9-docs
sysutils/bacula9-server
sysutils/bacula11-client
sysutils/bacula11-client-static
sysutils/bacula11-docs
sysutils/bacula11-server
sysutils/bareos-client
sysutils/bareos-server
sysutils/bareos20-client
sysutils/bareos20-server
sysutils/bashtop
sysutils/bastille
sysutils/beadm
sysutils/bhyve-firmware
sysutils/bhyve-rc
sysutils/bpytop
sysutils/bsdstats
sysutils/btop
sysutils/busybox
sysutils/cbsd
sysutils/cdrtools
sysutils/colorize
sysutils/coreutils
sysutils/cpu-x
sysutils/daemontools
sysutils/debootstrap
sysutils/devcpu-data
sysutils/docker-compose
sysutils/docker-credential-pass
sysutils/docker-machine
sysutils/dsbmc
sysutils/dsbmc-cli
sysutils/ezjail
sysutils/bvm
sysutils/edk2
sysutils/uefi-edk2-bhyve-csm
sysutils/xen-tools
sysutils/facter
sysutils/froxlor@all
sysutils/gotop
sysutils/getssl
sysutils/hatop
sysutils/htop
sysutils/hw-probe
sysutils/intel-epct
sysutils/intel-nvmupdate-100g
sysutils/intel-nvmupdate-10g
sysutils/intel-nvmupdate-40g
sysutils/intel-pcm
sysutils/intel-undervolt
sysutils/inxi
sysutils/iocage
sysutils/ipmitool
sysutils/lsblk
sysutils/lscpu
sysutils/lsof
sysutils/monit
sysutils/munin-contrib
sysutils/munin-master
sysutils/munin-node
sysutils/nagios-statd
sysutils/ncdu
sysutils/neofetch
sysutils/openzfs
sysutils/osinfo-db-tools
sysutils/pam_xdg
sysutils/pfstat
sysutils/pftables
sysutils/pftop
sysutils/pidof
sysutils/powermon
sysutils/pwd_unmkdb
sysutils/py-azure-cli@all
sysutils/py-execnet@all
sysutils/py-glances@all
sysutils/py-filelock@all
sysutils/racktables@all
sysutils/rainbarf
sysutils/screen
sysutils/symon
sysutils/terraform
sysutils/tmate
sysutils/tmux
sysutils/tmux-mem-cpu-load
sysutils/ttyload
sysutils/usermin
sysutils/virtualmin
sysutils/vm-bhyve
sysutils/vzvol
sysutils/webmin
sysutils/xen-tools
sysutils/zfs-periodic
sysutils/zfs-replicate
sysutils/zfs-snapshot-clean
sysutils/zfs-snapshot-mgmt
sysutils/zfs-stats
sysutils/zfs-stats-lite
sysutils/zfsnap
sysutils/zfsnap2
sysutils/zfstools
sysutils/znapzend
sysutils/zogftw
sysutils/zrep
sysutils/zrepl
textproc/apache-solr
textproc/bat
textproc/en-aspell
textproc/jade
textproc/minixmlto
textproc/openjade
textproc/p5-YAML-LibYAML
textproc/pecl-yaml@all
textproc/py-chardet@all
textproc/py-charset-normalizer@all
textproc/py-furo@all
textproc/py-libxml2@all
textproc/py-rich@all
textproc/py-sphinx@all
textproc/xerces-c3
www/adguardhome
www/bacula-web@all
www/baculum-web@all
www/bareos-webui@all
www/bareos20-webui@all
www/bozohttpd
www/c-icap-modules
www/darkhttpd
www/davical@all
www/drupal7@all
www/drupal7-wysiwyg@all
www/drupal9@all
www/elinks
www/free-sa-devel
www/gallery-dl@all
www/gallery2@all
www/hiawatha
www/joomla4@all
www/lightsquid
www/lighttpd
www/lighttpd-mod_h264_streaming
www/links
www/lynx
www/mod_auth_gssapi
www/mod_auth_kerb2
www/mod_auth_mysql2
www/mod_auth_openid
www/mod_auth_openidc
www/mod_auth_pam2
www/mod_auth_pgsql2
www/mod_authn_dovecot
www/mod_dnssd
www/mod_fastcgi
www/mod_fcgid
www/mod_gnutls
www/mod_http2
www/mod_limitipconn2
www/mod_memcache
www/mod_mono
www/mod_mpm_itk
www/mod_perl2
www/mod_php80
www/mod_php81
www/mod_php82
www/mod_qos
www/mod_security
www/mod_setenvifplus
www/mod_webauth
www/mod_wsgi4@all
www/mod_xsendfile
www/moodle41@all
www/nextcloud-calendar@all
www/nextcloud-contacts@all
www/nextcloud-notes@all
www/nextcloud-tasks@all
www/nginx
www/npm
www/owncloud@all
www/p5-HTTP-Daemon
www/p5-JSON-API
www/p5-URI-Encode
www/pecl-http@all
www/phalcon@all
www/phpvirtualbox@all
www/piwigo@all
www/pound
www/privoxy
www/py-django32@all
www/py-django41@all
www/py-django-cms@all
www/py-flask-admin@all
www/py-graphite-api@all
www/redmine50
www/rubygem-jekyll
www/rubygem-jekyll-sanity
www/rubygem-jekyll-watch
www/rubygem-puma_worker_killer
www/rubygem-unicorn-worker-killer
www/sarg
www/smarty@all
www/smarty2@all
www/smarty3@all
www/sogo
www/sogo-activesync
www/squid
www/squid_radius_auth
www/squidclamav
www/squidguard
www/squidview
www/suphp@all
www/tinyproxy
www/tomcat-native
www/tomcat85
www/tomcat9
www/tomcat101
www/unit
www/unit-java
www/unit-perl
www/unit-php@all
www/unit-python@all
www/unit-ruby
www/varnish6
www/webpy@all
www/wordpress@all
www/xoops@all
www/zend-framework@all
www/zenphoto@all
x11/linux-nvidia-libs
x11/linux-nvidia-libs-304
x11/linux-nvidia-libs-340
x11/linux-nvidia-libs-390
x11/linux-nvidia-libs-470
x11/nvidia-driver
x11/nvidia-driver-304
x11/nvidia-driver-340
x11/nvidia-driver-390
x11/nvidia-driver-470
x11/nvidia-settings
x11/nvidia-xconfig
x11/xorg
x11/xxkb
