audio/audacity
audio/pt2-clone
databases/opendbviewer
deskutils/baobab
deskutils/dmenu-wayland
deskutils/i3status
deskutils/lumina-photo
deskutils/lxqt-notificationd
devel/jetbrains-clion
devel/jetbrains-goland
devel/jetbrains-phpstorm
devel/jetbrains-pty4j
devel/jetbrains-webstorm
devel/llvm12
devel/llvm13
devel/llvm14
devel/llvm15
devel/llvm16
devel/llvm17
devel/llvm18
devel/llvm19
devel/llvm20
devel/llvm21
games/alienarena
games/flightgear
games/flightgear-aircraft
games/flightgear-data
games/freeciv
games/freeciv-nox11
games/freecol
games/freedink
games/freeorion
games/ioquake3
games/ioquake3-server
games/iortcw
games/jaggedalliance2
games/linux-steam-utils
games/nethack36
games/openage
games/openarena
games/openarena-data
games/openarena-oax
games/opencity
games/openenroth
games/opengfx
games/openmsx
games/openmw
games/openra
games/opensfx
games/openttd
games/regoth
games/simutrans
games/ufoai
games/warzone2100
games/wesnoth
graphics/ephoto
graphics/lazpaint@all
graphics/py-svgwrite@all
net-mgmt/icingaweb2-module-idoreports@all
net-mgmt/icingaweb2-module-pdfexport@all
net-mgmt/icingaweb2-module-reporting@all
net-p2p/awgg@all
net-p2p/transmission-remote-gui@all
security/lxqt-openssh-askpass
security/lxqt-sudo
sysutils/lxqt-admin
sysutils/lxqt-config
sysutils/pc-networkmanager
www/chromium
www/gitlab@all
www/ungoogled-chromium
x11-fm/doublecmd@all
x11-fm/nemo
x11-themes/cursor-chameleon-anthracite
x11-themes/cursor-chameleon-darkskyblue
x11-themes/cursor-chameleon-pearl
x11-themes/cursor-chameleon-skyblue
x11-themes/cursor-chameleon-white
x11-themes/gtk-arc-themes
x11-themes/lumina-themes
x11-themes/papirus-icon-theme
x11-wm/afterstep-stable
x11-wm/awesome-vicious
x11-wm/enlightenment
x11-wm/fvwm2
x11-wm/i3
x11-wm/icewm
x11-wm/lxqt-panel
x11-wm/metacity
x11-wm/mutter
x11-wm/sway
x11-wm/wayfire
x11-wm/windowmaker
x11-wm/xfce4
x11/cinnamon
x11/emprint
x11/gnome@all
x11/lightdm
x11/lumina
x11/lxde-meta
x11/lxqt-about
x11/lxqt-globalkeys
x11/lxqt-runner
x11/mako
x11/mate
x11/pcdm
x11/xfce4-goodies
x11/xsettingsd

