archivers/7-zip
archivers/arj
archivers/dpkg
archivers/pecl-lzf
archivers/pecl-rar
archivers/php-brotli
archivers/php-lz4
archivers/php-snappy
archivers/php-zstd
archivers/ppmd
archivers/rar
archivers/rpm4
archivers/sharutils
archivers/unace
archivers/unarj
archivers/unrar
archivers/unrar-iconv
archivers/zstd
archivers/zutils
audio/libmysofa
audio/ncmpc
audio/ncmpcpp
audio/ncpamixer
audio/oss
audio/pamixer
comms/iwmbt-firmware
comms/minicom
comms/usbmuxd
converters/base64
converters/enca
converters/iconv-extra
converters/p5-JSON-PP
converters/rcctools
converters/recode
converters/unix2dos
converters/uudeview
databases/adodb5
databases/autobackupmysql
databases/dbf
databases/firebird30-client
databases/firebird30-server
databases/libzdb
databases/memcached
databases/mysql80-server
databases/mysqlbackup
databases/mysqlreport
databases/mysqlsla
databases/mysqltuner
databases/p5-DBD-SQLite
databases/pecl-memcache
databases/percona-toolkit
databases/pgadmin3
databases/pgbarman
databases/phpliteadmin
databases/phpminiadmin
databases/phpmyadmin
databases/phpmyadmin5
databases/phppgadmin
databases/plpgsql_check
databases/postgresql17-contrib
databases/postgresql17-plperl
databases/postgresql17-plpython
databases/postgresql17-pltcl
databases/postgresql17-server
databases/proftpd-mod_sql_mysql
databases/proftpd-mod_sql_odbc
databases/proftpd-mod_sql_postgres
databases/proftpd-mod_sql_sqlite
databases/proftpd-mod_sql_tds
databases/py-dbutils
databases/py-gdbm
databases/py-mycli
databases/py-mysqlclient
databases/py-rrdtool
databases/py-sqlite3
databases/redis
databases/ruby-bdb
databases/sqlite3
databases/sqlitemanager
devel/arcanist
devel/boost-all
devel/boost-python-libs
devel/ccache
devel/cmake
devel/efivar
devel/fnc
devel/fossil
devel/gdb
devel/git
devel/git-extras
devel/git-filter-repo
devel/git-lfs
devel/glibmm
devel/glibmm26
devel/inih
devel/ipython
devel/jenkins
devel/lazygit
devel/libclc
devel/libfmt
devel/llvm
devel/llvm12
devel/llvm13
devel/llvm14
devel/llvm15
devel/llvm16
devel/llvm17
devel/llvm18
devel/llvm19
devel/llvm20
devel/llvm21
devel/maven
devel/mercurial
devel/meson
devel/meson-python
devel/muon
devel/nasm
devel/ninja
devel/nspr
devel/p5-Curses
devel/p5-Date-Manip
devel/p5-ExtUtils-InstallPaths
devel/p5-File-NFSLock
devel/p5-IO-Tty
devel/p5-IPC-ShareLite
devel/p5-Parallel-ForkManager
devel/p5-Task-Weaken
devel/p5-Test-Harness
devel/pear
devel/phabricator
devel/php-composer
devel/py-apipkg
devel/py-buildbot
devel/py-buildbot-console-view
devel/py-buildbot-grid-view
devel/py-buildbot-waterfall-view
devel/py-buildbot-worker
devel/py-buildbot-www
devel/py-clang
devel/py-configargparse
devel/py-coverage
devel/py-csv23
devel/py-flake8
devel/py-freezegun
devel/py-grpcio
devel/py-hypothesis
devel/py-linecache2
devel/py-mccabe
devel/py-nose
devel/py-pbr
devel/py-pip
devel/py-pretend
devel/py-prettytable
devel/py-py
devel/py-pycodestyle
devel/py-pympler
devel/py-pytest
devel/py-pytest-cov
devel/py-pytest-forked
devel/py-pytest-mock
devel/py-pytest-rerunfailures
devel/py-pytest-timeout
devel/py-pytest-xdist
devel/py-scripttest
devel/py-subversion
devel/py-tox
devel/py-traceback2
devel/py-unittest2
devel/py-xdg
devel/rubygem-azure_sdk
devel/rubygem-irb
devel/rubygem-rake
devel/rubygem-rdoc
devel/samurai
devel/spdlog
devel/subversion
devel/swig
devel/wasi-compiler-rt
devel/wasi-compiler-rt17
devel/wasi-compiler-rt18
devel/wasi-compiler-rt19
devel/wasi-compiler-rt20
devel/wasi-libc
devel/wasi-libcxx
devel/wasi-libcxx17
devel/wasi-libcxx18
devel/wasi-libcxx19
devel/wasi-libcxx20
dns/adns
dns/bind918
dns/bind920
dns/bind-tools
dns/dnsmasq
dns/nsd
dns/nss_mdns
dns/nss_resinit
dns/powerdns
dns/powerdns-recursor
dns/unbound
editors/hexedit
editors/le
editors/libreoffice
editors/lite
editors/microsoft-edit
editors/nano
editors/ne
editors/neovim
editors/turbo
editors/vim@console
emulators/libc6-shim
emulators/open-vm-tools@nox11
emulators/qemu
emulators/qemu-user-static
emulators/qemu-user-static-devel
emulators/virtualbox-ose
emulators/virtualbox-ose-70
emulators/virtualbox-ose-71
emulators/virtualbox-ose-72
emulators/virtualbox-ose-additions
emulators/virtualbox-ose-additions-legacy
emulators/virtualbox-ose-additions-nox11
emulators/virtualbox-ose-additions-nox11-legacy
emulators/virtualbox-ose-kmod
emulators/virtualbox-ose-kmod-70
emulators/virtualbox-ose-kmod-71
emulators/virtualbox-ose-kmod-72
emulators/virtualbox-ose-kmod-legacy
emulators/virtualbox-ose-legacy
emulators/virtualbox-ose-nox11
emulators/virtualbox-ose-nox11-70
emulators/virtualbox-ose-nox11-71
emulators/virtualbox-ose-nox11-72
emulators/virtualbox-ose-nox11-legacy
filesystems/dsbmc
filesystems/dsbmc-cli
filesystems/openzfs
filesystems/zfsnap
filesystems/zfsnap2
filesystems/zfstools
filesystems/zfs-periodic
filesystems/zfs-replicate
filesystems/zfs-snapshot-clean
filesystems/zfs-snapshot-mgmt
filesystems/zfs-stats
filesystems/zfs-stats-lite
filesystems/zrepl
ftp/curl
ftp/proftpd-mod_vroot
ftp/wget
graphics/drm-kmod
graphics/gpu-firmware-amd-kmod
graphics/gpu-firmware-intel-kmod
graphics/gpu-firmware-kmod
graphics/gpu-firmware-radeon-kmod
graphics/pecl-imagick
irc/irssi-fish
irc/irssi-scripts
irc/quassel-core
irc/weechat
irc/znc-push
java/openjdk8
java/openjdk8-jre
java/openjdk11
java/openjdk11-jre
java/openjdk17
java/openjdk17-jre
java/openjdk18
java/openjdk19
lang/duktape
lang/fpc
lang/gcc6-aux
lang/gcc12
lang/gcc13
lang/gcc14
lang/lfortran
lang/luajit
lang/perl5.38
lang/perl5.40
lang/perl5.42
lang/php81-extensions
lang/php82-extensions
lang/php83-extensions
lang/php84-extensions
lang/php85-extensions
lang/python
lang/python2
lang/python3
lang/python310
lang/python311
lang/python312
lang/python314
lang/ruby32
lang/ruby33
lang/ruby34
mail/abook
mail/bogofilter
mail/bogofilter-kc
mail/bogofilter-sqlite
mail/dbmail
mail/dovecot-fts-xapian
mail/dovecot-pigeonhole
mail/dspam
mail/exim
mail/exim-doc-html
mail/exim-doc-pdf
mail/exim-doc-postscript
mail/exim-monitor
mail/exim-sa-exim
mail/fetchmail
mail/libetpan
mail/metamail
mail/mlmmj
mail/mutt
mail/neomutt
mail/nextcloud-mail
mail/opensmtpd
mail/opensmtpd-extras
mail/opensmtpd-filter-rspamd
mail/opensmtpd-filter-senderscore
mail/p5-MIME-Types
mail/p5-Mail-Sendmail
mail/postfix
mail/postfixadmin
mail/postfix-policyd-sf
mail/postfix-policyd-spf-perl
mail/postfix-policyd-weight
mail/postfix-postfwd
mail/postgrey
mail/postsrsd
mail/procmail
mail/py-spf-engine
mail/rainloop
mail/razor-agents
mail/roundcube
mail/roundcube-automatic_addressbook
mail/roundcube-carddav
mail/roundcube-classic
mail/roundcube-contextmenu
mail/roundcube-html5_notifier
mail/roundcube-larry
mail/roundcube-login_info
mail/roundcube-sauserprefs
mail/roundcube-thunderbird_labels
mail/roundcube-veximaccountadmin
mail/rspamd
mail/rspamd-devel
mail/sa-utils
mail/snappymail
mail/spamassassin
mail/spamass-ixhash
mail/spamass-rules
mail/spamd
mail/sympa
mail/vexim
math/z3
misc/colortail
misc/compat10x
misc/compat11x
misc/compat12x
misc/compat13x
misc/compat14x
misc/deco
misc/far2l
misc/freebsd-doc-all
misc/mc@all
misc/pastebinit
misc/py-powerline-status
misc/sfm
net-im/finch
net-mgmt/argus3
net-mgmt/argus3-clients
net-mgmt/arpwatch
net-mgmt/dhcdrop
net-mgmt/icinga2
net-mgmt/icingaweb2
net-mgmt/icingaweb2-module-businessprocess
net-mgmt/icingaweb2-module-cube
net-mgmt/icingaweb2-module-director
net-mgmt/icingaweb2-module-elasticsearch
net-mgmt/icingaweb2-module-fileshipper
net-mgmt/icingaweb2-module-generictts
net-mgmt/icingaweb2-module-grafana
net-mgmt/icingaweb2-module-graphite
net-mgmt/icingaweb2-module-map
net-mgmt/icingaweb2-module-reactbundle
net-mgmt/icingaweb2-module-vsphere
net-mgmt/icinga-php-library
net-mgmt/iftop
net-mgmt/librenms
net-mgmt/mac-telnet
net-mgmt/monitoring-plugins
net-mgmt/mrtg
net-mgmt/nagios
net-mgmt/nagios4
net-mgmt/nagiosgraph
net-mgmt/nagiosql
net-mgmt/nagios-certexp-plugin
net-mgmt/nagios-check_bacula13
net-mgmt/nagios-check_bacula15
net-mgmt/nagios-check_clamav
net-mgmt/nagios-check_cpu_usage
net-mgmt/nagios-check_dhcp.pl
net-mgmt/nagios-check_email_delivery
net-mgmt/nagios-check_hdd_health
net-mgmt/nagios-check_hp_bladechassis
net-mgmt/nagios-check_mysql_slave
net-mgmt/nagios-check_netsnmp
net-mgmt/nagios-check_ports
net-mgmt/nagios-check_postgres
net-mgmt/nagios-check_puppet
net-mgmt/nagios-check_relayd_status
net-mgmt/nagios-check_smartmon
net-mgmt/nagios-check_tftp
net-mgmt/nagios-check_zpools
net-mgmt/nagios-geom
net-mgmt/nagios-openldap-plugins
net-mgmt/nagios-pf-plugin
net-mgmt/nagios-plugins
net-mgmt/nagios-snmp-plugins
net-mgmt/nagios-snmp-plugins-extras
net-mgmt/netbox
net-mgmt/networkmgr
net-mgmt/observium
net-mgmt/ocsinventory-agent
net-mgmt/ocsinventory-ocsreports
net-mgmt/ocsinventory-server
net-mgmt/pandorafms_agent
net-mgmt/pandorafms_console
net-mgmt/pandorafms_server
net-mgmt/py-napalm
net-mgmt/py-napalm-logs
net-mgmt/py-netutils
net-mgmt/zabbix6-agent
net-mgmt/zabbix6-frontend
net-mgmt/zabbix6-java
net-mgmt/zabbix6-proxy
net-mgmt/zabbix6-server
net-mgmt/zabbix7-agent
net-mgmt/zabbix7-frontend
net-mgmt/zabbix7-java
net-mgmt/zabbix7-proxy
net-mgmt/zabbix7-server
net-mgmt/zabbix72-agent
net-mgmt/zabbix72-frontend
net-mgmt/zabbix72-java
net-mgmt/zabbix72-proxy
net-mgmt/zabbix72-server
net-mgmt/zabbix74-agent
net-mgmt/zabbix74-frontend
net-mgmt/zabbix74-java
net-mgmt/zabbix74-proxy
net-mgmt/zabbix74-server
net-p2p/transmission-components@all
net/amqpcat
net/asterisk20
net/asterisk22
net/chrony
net/cloud-init
net/freeradius3
net/gitup
net/gnu-radius
net/haproxy
net/ipxe
net/isc-dhcp44-client
net/isc-dhcp44-server
net/kea
net/mpd5
net/ntp
net/openbgpd7
net/openbgpd8
net/openldap26-server
net/openntpd
net/openradius
net/openvswitch
net/p5-Net-Patricia
net/p5-Socket
net/pear-Net_Nmap
net/phpldapadmin
net/proftpd-mod_ldap
net/quagga
net/rabbitmq
net/radiusclient
net/samba416
net/sngrep
net/trafshow
net/wifibox
net/wireguard-tools
net/xrdp
net/yggdrasil
news/inn
news/leafnode
ports-mgmt/appstream-generator
ports-mgmt/bsdadminscripts2
ports-mgmt/distilator
ports-mgmt/freebsd-bugzilla-cli
ports-mgmt/pkg-graph
ports-mgmt/portgrep
ports-mgmt/portlint
ports-mgmt/ports-tools
ports-mgmt/porttools
ports-mgmt/portupgrade
ports-mgmt/portupgrade-devel
ports-mgmt/poudriere
ports-mgmt/poudriere-devel
print/cups-filters
print/cups-pdf
russian/aspell
russian/hunspell
russian/hyphen
russian/mythes
russian/rubygem-russian
russian/wordpress
science/py-dlib
security/acme.sh
security/acmetool
security/clamav
security/expiretable
security/gnupg
security/gost-engine
security/gpgme
security/keychain
security/libressl
security/libretls
security/modsecurity3-nginx
security/nextcloud-passman
security/nextcloud-twofactor_webauthn
security/nmap
security/nss
security/openconnect-freebsd-daemon
security/openssh-askpass
security/openssh-portable
security/openvpn
security/openvpn-auth-ldap
security/openvpn-auth-radius
security/openvpn-devel
security/p5-Digest-GOST
security/pinentry-curses
security/pinentry-tty
security/proftpd-mod_clamav
security/py-acme
security/py-acme-tiny
security/py-certbot-apache
security/py-certbot-dns-cloudflare
security/py-certbot-dns-cpanel
security/py-certbot-dns-digitalocean
security/py-certbot-dns-dnsimple
security/py-certbot-dns-dnsmadeeasy
security/py-certbot-dns-gehirn
security/py-certbot-dns-google
security/py-certbot-dns-linode
security/py-certbot-dns-luadns
security/py-certbot-dns-nsone
security/py-certbot-dns-ovh
security/py-certbot-dns-powerdns
security/py-certbot-dns-rfc2136
security/py-certbot-dns-route53
security/py-certbot-dns-sakuracloud
security/py-certbot-nginx
security/py-gpg
security/py-mkpasswd
security/spass
security/sshguard
security/ssl-admin
security/sudo
security/suricata
security/vault
security/vuxml
shells/bashc
shells/bash-completion
shells/bash-static
shells/git-prompt.zsh
shells/ion
shells/ohmyzsh
shells/pear-PHP_Shell
shells/tcshrc
shells/zsh-antigen
shells/zsh-autosuggestions
shells/zsh-completions
shells/zsh-navigation-tools
shells/zsh-syntax-highlighting
sysutils/acpica-tools
sysutils/ansible
sysutils/ansible-sysrc
sysutils/apachetop
sysutils/atop
sysutils/bacula13-client
sysutils/bacula13-client-static
sysutils/bacula13-docs
sysutils/bacula13-server
sysutils/bacula15-client
sysutils/bacula15-client-static
sysutils/bacula15-docs
sysutils/bacula15-server
sysutils/bareos-client
sysutils/bareos-server
sysutils/bashtop
sysutils/bastille
sysutils/beadm
sysutils/bhyve-firmware
sysutils/bhyve-rc
sysutils/bpytop
sysutils/bsdstats
sysutils/btop
sysutils/busybox
sysutils/bvm
sysutils/cbsd
sysutils/cdrtools
sysutils/colorize
sysutils/conan
sysutils/coreutils
sysutils/cpu-microcode@all
sysutils/cpu-x
sysutils/daemontools
sysutils/debootstrap
sysutils/docker-compose
sysutils/docker-credential-pass
sysutils/docker-machine
sysutils/edk2
sysutils/ezjail
sysutils/froxlor
sysutils/fwupd
sysutils/fwupd-efi
sysutils/getssl
sysutils/gotop
sysutils/hatop
sysutils/htop
sysutils/hw-probe
sysutils/intel-epct
sysutils/intel-nvmupdate-10g
sysutils/intel-nvmupdate-40g
sysutils/intel-nvmupdate-100g
sysutils/intel-pcm
sysutils/intel-undervolt
sysutils/inxi
sysutils/iocage
sysutils/ipmitool
sysutils/lsblk
sysutils/lscpu
sysutils/lsof
sysutils/monit
sysutils/munin-contrib
sysutils/munin-master
sysutils/munin-node
sysutils/nagios-statd
sysutils/ncdu
sysutils/neofetch
sysutils/osinfo-db-tools
sysutils/pam_xdg
sysutils/pftables
sysutils/pftop
sysutils/pidof
sysutils/podman-suite
sysutils/powermon
sysutils/pwd_unmkdb
sysutils/py-azure-cli
sysutils/py-execnet
sysutils/py-filelock
sysutils/py-glances
sysutils/racktables
sysutils/rainbarf
sysutils/screen
sysutils/sysctltui
sysutils/terraform
sysutils/tmate
sysutils/tmux
sysutils/tmux-mem-cpu-load
sysutils/ttyload
sysutils/usermin
sysutils/virtualmin
sysutils/vm-bhyve
sysutils/webmin
sysutils/xen-tools
sysutils/xen-tools
sysutils/zetaback
sysutils/znapzend
sysutils/zogftw
sysutils/zrep
textproc/apache-solr
textproc/bat
textproc/en-aspell
textproc/jade
textproc/libxml2-python
textproc/minixmlto
textproc/openjade
textproc/p5-YAML-LibYAML
textproc/pecl-yaml
textproc/py-chardet
textproc/py-charset-normalizer
textproc/py-furo
textproc/py-rich
textproc/py-sphinx
textproc/xerces-c3
www/adguardhome
www/bacula-web
www/baculum-web
www/bareos-webui
www/bozohttpd
www/c-icap-modules
www/darkhttpd
www/davical
www/drupal7
www/drupal7-wysiwyg
www/drupal10
www/elinks
www/free-sa-devel
www/gallery2
www/gallery-dl
www/hiawatha
www/joomla4
www/lightsquid
www/lighttpd
www/links
www/lynx
www/mod_authn_dovecot
www/mod_auth_gssapi
www/mod_auth_kerb2
www/mod_auth_mysql2
www/mod_auth_openidc
www/mod_auth_pam2
www/mod_auth_pgsql2
www/mod_dnssd
www/mod_fastcgi
www/mod_fcgid
www/mod_gnutls
www/mod_http2
www/mod_limitipconn2
www/mod_memcache
www/mod_mono
www/mod_mpm_itk
www/mod_perl2
www/mod_php81
www/mod_php82
www/mod_php83
www/mod_php84
www/mod_php85
www/mod_qos
www/mod_security
www/mod_setenvifplus
www/mod_webauth
www/mod_wsgi
www/mod_xsendfile
www/moodle44
www/moodle45
www/moodle50
www/moodle51
www/nextcloud-calendar
www/nextcloud-contacts
www/nextcloud-notes
www/nextcloud-tasks
www/nginx
www/npm
www/owncloud
www/p5-HTTP-Daemon
www/p5-JSON-API
www/p5-URI-Encode
www/pecl-http
www/phalcon
www/phpvirtualbox
www/piwigo
www/pound
www/privoxy
www/py-django42
www/py-django51
www/py-django52
www/py-django-cms
www/py-flask-admin
www/py-graphite-api
www/redmine51
www/redmine60
www/rubygem-jekyll
www/rubygem-jekyll-sanity
www/rubygem-jekyll-watch
www/rubygem-puma_worker_killer
www/rubygem-unicorn-worker-killer
www/sarg
www/smarty
www/smarty3
www/smarty4
www/sogo
www/squid
www/squidclamav
www/squidguard
www/squidview
www/squid_radius_auth
www/suphp
www/tinyproxy
www/tomcat9
www/tomcat101
www/tomcat110
www/tomcat-native
www/unit
www/unit-java
www/unit-perl
www/unit-php
www/unit-python
www/unit-ruby
www/varnish7
www/webpy
www/wordpress
www/xoops
www/zenphoto
x11/linux-nvidia-libs
x11/linux-nvidia-libs-304
x11/linux-nvidia-libs-340
x11/linux-nvidia-libs-390
x11/linux-nvidia-libs-470
x11/nvidia-driver
x11/nvidia-driver-304
x11/nvidia-driver-340
x11/nvidia-driver-390
x11/nvidia-driver-470
x11/nvidia-settings
x11/nvidia-xconfig
x11/xorg
x11/xxkb
