x11-fonts/alegreya
x11-fonts/alegreya-sans
x11-fonts/alef
x11-fonts/amigafonts
x11-fonts/andika
x11-fonts/andika-compact
x11-fonts/anomaly-mono
x11-fonts/anonymous-pro
x11-fonts/aporetic
x11-fonts/cantarell-fonts
x11-fonts/cascadia-code
x11-fonts/clearsans
x11-fonts/consolamono-ttf
x11-fonts/croscorefonts-fonts-ttf
x11-fonts/crosextrafonts-caladea-ttf
x11-fonts/crosextrafonts-carlito-ttf
x11-fonts/droid-fonts-ttf
x11-fonts/fantasque-sans-mono
x11-fonts/fnt
x11-fonts/font-awesome
x11-fonts/font-gost
x11-fonts/freefont-ttf
x11-fonts/gentium
x11-fonts/gentium-book
x11-fonts/gentium-plus-compact
x11-fonts/hack-font
x11-fonts/inconsolata-ttf
x11-fonts/nerd-fonts
x11-fonts/office-code-pro
x11-fonts/open-sans
x11-fonts/oxygen-fonts
x11-fonts/powerline-fonts
x11-fonts/source-code-pro-ttf
x11-fonts/source-sans-ttf
x11-fonts/source-serif-ttf
x11-fonts/spleen
x11-fonts/stix-fonts
x11-fonts/sudo-font
x11-fonts/terminus-ttf
x11-fonts/urwfonts-ttf
x11-fonts/victor-mono-ttf
x11-fonts/vollkorn-ttf
x11-fonts/webfonts
