archivers/7-zip
archivers/arj
archivers/dpkg
archivers/php-zstd
archivers/ppmd
archivers/rpm4
archivers/sharutils
archivers/unace
archivers/unarj
archivers/unrar
archivers/unrar-iconv
archivers/zstd
archivers/zutils
audio/alsa-sndio
audio/alsa-utils
converters/enca
converters/libiconv
converters/recode
devel/appstream-qt@all
devel/arcanist
devel/boost-all
devel/ccache
devel/cmake
devel/git@all
devel/git-delta
devel/git-extras
devel/git-filter-repo
devel/git-graph
devel/git-gui
devel/git-lab
devel/git-lfs
devel/git-repo-manager
devel/git-subrepo
devel/git-tui
devel/git-who
devel/git-workspace
devel/py-pip
devel/libuv
devel/py-wheel
devel/qt5
devel/qt6
devel/ruby-gems
dns/bind-tools
dns/nss_mdns
dns/nss_resinit
editors/le
editors/libreoffice
editors/lite
editors/microsoft-edit
editors/nano
editors/ne
editors/turbo
editors/vim
ftp/curl
ftp/wget
graphics/blender
graphics/digikam
irc/quassel
lang/gawk
lang/php83-extensions
lang/php84-extensions
lang/python
lang/python2
lang/python27
lang/python3
lang/rust
mail/mutt
misc/colortail
misc/far2l
misc/fortune-mod-bible
misc/fortune-mod-bofh
misc/fortune-mod-epictetus
misc/fortune-mod-freebsd-classic
misc/fortune-mod-futurama
misc/fortune-mod-psalms
misc/freebsd-doc-all
misc/mc
multimedia/gstreamer1-plugins-all
net-im/telegram-desktop@all
net-p2p/ktorrent
net/kget
net/spoofdpi
net/zapret
net/zapret2
ports-mgmt/pkg-appstream
ports-mgmt/portconfig
ports-mgmt/portgrep
ports-mgmt/portlint
ports-mgmt/poudriere
ports-mgmt/poudriere-devel
ports-mgmt/synth
russian/aspell
russian/hunspell
russian/hyphen
russian/mythes
security/doas
security/gnupg
security/gnutls
security/keychain
security/nss
security/pinentry
security/pinentry-curses
security/pinentry-tty
security/sudo
shells/bash
shells/zsh
shells/zsh-antigen
shells/zsh-autosuggestions
shells/zsh-completions
shells/zsh-navigation-tools
shells/zsh-syntax-highlighting
sysutils/htop
sysutils/pv
sysutils/sanoid
sysutils/tmux
sysutils/tmux-mem-cpu-load
textproc/en-aspell
textproc/en-hunspell
textproc/en-mythes
textproc/hyphen
textproc/jq
textproc/odt2txt
textproc/py-pdftotext
textproc/py-sphinx
textproc/tnef2txt
www/apache24
www/elinks
www/links
www/lynx
www/mod_php83
www/mod_php84
x11/gtk-app-menu
x11/kde
x11/kde-baseapps
x11/kde-gear
x11/kdisplay
x11/plasma6-plasma
x11/sddm
x11/xlibre
x11/xorg
